Archive member included because of file (symbol)

/opt/gcc-arm-none-eabi-4_9-2015q3/bin/../lib/gcc/arm-none-eabi/4.9.3/../../../../arm-none-eabi/lib/armv7e-m/fpu/libm.a(lib_a-s_floor.o)
                              /home/mmo/git_workspace/Flow/Build/px4flow-v1_default.build//home/mmo/git_workspace/Flow/src/modules/flow/module.pre.o (floor)
/opt/gcc-arm-none-eabi-4_9-2015q3/bin/../lib/gcc/arm-none-eabi/4.9.3/../../../../arm-none-eabi/lib/armv7e-m/fpu/libm.a(lib_a-sf_floor.o)
                              /home/mmo/git_workspace/Flow/Build/px4flow-v1_default.build//home/mmo/git_workspace/Flow/src/modules/flow/module.pre.o (floorf)
/opt/gcc-arm-none-eabi-4_9-2015q3/bin/../lib/gcc/arm-none-eabi/4.9.3/../../../../arm-none-eabi/lib/armv7e-m/fpu/libm.a(lib_a-sf_fpclassify.o)
                              /home/mmo/git_workspace/Flow/Build/px4flow-v1_default.build//home/mmo/git_workspace/Flow/src/modules/flow/module.pre.o (__fpclassifyf)
/opt/gcc-arm-none-eabi-4_9-2015q3/bin/../lib/gcc/arm-none-eabi/4.9.3/armv7e-m/fpu/libgcc.a(_arm_addsubdf3.o)
                              /home/mmo/git_workspace/Flow/Build/px4flow-v1_default.build//home/mmo/git_workspace/Flow/src/modules/flow/module.pre.o (__aeabi_dadd)
/opt/gcc-arm-none-eabi-4_9-2015q3/bin/../lib/gcc/arm-none-eabi/4.9.3/armv7e-m/fpu/libgcc.a(_arm_muldivdf3.o)
                              /home/mmo/git_workspace/Flow/Build/px4flow-v1_default.build//home/mmo/git_workspace/Flow/src/modules/flow/module.pre.o (__aeabi_dmul)
/opt/gcc-arm-none-eabi-4_9-2015q3/bin/../lib/gcc/arm-none-eabi/4.9.3/armv7e-m/fpu/libgcc.a(_arm_cmpdf2.o)
                              /opt/gcc-arm-none-eabi-4_9-2015q3/bin/../lib/gcc/arm-none-eabi/4.9.3/../../../../arm-none-eabi/lib/armv7e-m/fpu/libm.a(lib_a-s_floor.o) (__aeabi_dcmpgt)
/opt/gcc-arm-none-eabi-4_9-2015q3/bin/../lib/gcc/arm-none-eabi/4.9.3/armv7e-m/fpu/libgcc.a(_arm_fixdfsi.o)
                              /home/mmo/git_workspace/Flow/Build/px4flow-v1_default.build//home/mmo/git_workspace/Flow/src/modules/flow/module.pre.o (__aeabi_d2iz)
/opt/gcc-arm-none-eabi-4_9-2015q3/bin/../lib/gcc/arm-none-eabi/4.9.3/armv7e-m/fpu/libgcc.a(_arm_fixunsdfsi.o)
                              /home/mmo/git_workspace/Flow/Build/px4flow-v1_default.build//home/mmo/git_workspace/Flow/src/modules/flow/module.pre.o (__aeabi_d2uiz)
/opt/gcc-arm-none-eabi-4_9-2015q3/bin/../lib/gcc/arm-none-eabi/4.9.3/armv7e-m/fpu/libgcc.a(_arm_truncdfsf2.o)
                              /home/mmo/git_workspace/Flow/Build/px4flow-v1_default.build//home/mmo/git_workspace/Flow/src/modules/flow/module.pre.o (__aeabi_d2f)

Discarded input sections

 .group         0x00000000        0x8 /home/mmo/git_workspace/Flow/Build/px4flow-v1_default.build//home/mmo/git_workspace/Flow/Build/px4flow-v1_default.build/empty.c.o
 .text          0x00000000        0x0 /home/mmo/git_workspace/Flow/Build/px4flow-v1_default.build//home/mmo/git_workspace/Flow/Build/px4flow-v1_default.build/empty.c.o
 .data          0x00000000        0x0 /home/mmo/git_workspace/Flow/Build/px4flow-v1_default.build//home/mmo/git_workspace/Flow/Build/px4flow-v1_default.build/empty.c.o
 .bss           0x00000000        0x0 /home/mmo/git_workspace/Flow/Build/px4flow-v1_default.build//home/mmo/git_workspace/Flow/Build/px4flow-v1_default.build/empty.c.o
 .debug_info    0x00000000       0x1d /home/mmo/git_workspace/Flow/Build/px4flow-v1_default.build//home/mmo/git_workspace/Flow/Build/px4flow-v1_default.build/empty.c.o
 .debug_abbrev  0x00000000       0x11 /home/mmo/git_workspace/Flow/Build/px4flow-v1_default.build//home/mmo/git_workspace/Flow/Build/px4flow-v1_default.build/empty.c.o
 .debug_aranges
                0x00000000       0x18 /home/mmo/git_workspace/Flow/Build/px4flow-v1_default.build//home/mmo/git_workspace/Flow/Build/px4flow-v1_default.build/empty.c.o
 .debug_macro   0x00000000       0x11 /home/mmo/git_workspace/Flow/Build/px4flow-v1_default.build//home/mmo/git_workspace/Flow/Build/px4flow-v1_default.build/empty.c.o
 .debug_macro   0x00000000      0x89e /home/mmo/git_workspace/Flow/Build/px4flow-v1_default.build//home/mmo/git_workspace/Flow/Build/px4flow-v1_default.build/empty.c.o
 .debug_line    0x00000000       0x64 /home/mmo/git_workspace/Flow/Build/px4flow-v1_default.build//home/mmo/git_workspace/Flow/Build/px4flow-v1_default.build/empty.c.o
 .debug_str     0x00000000     0x25df /home/mmo/git_workspace/Flow/Build/px4flow-v1_default.build//home/mmo/git_workspace/Flow/Build/px4flow-v1_default.build/empty.c.o
 .comment       0x00000000       0x71 /home/mmo/git_workspace/Flow/Build/px4flow-v1_default.build//home/mmo/git_workspace/Flow/Build/px4flow-v1_default.build/empty.c.o
 .ARM.attributes
                0x00000000       0x35 /home/mmo/git_workspace/Flow/Build/px4flow-v1_default.build//home/mmo/git_workspace/Flow/Build/px4flow-v1_default.build/empty.c.o
[...]
Memory Configuration

Name             Origin             Length             Attributes
FLASH            0x08004000         0x000fc000         xr
RAM              0x20000000         0x00020000         xrw
CCM              0x10000000         0x00010000         xrw
*default*        0x00000000         0xffffffff

Linker script and memory map

                0x20020000                _estack = 0x20020000
                0x00000000                _Min_Heap_Size = 0x0
                0x00000400                _Min_Stack_Size = 0x400

.isr_vector     0x08004000      0x188
                0x08004000                . = ALIGN (0x4)
 *(.isr_vector)
 .isr_vector    0x08004000      0x188 /home/mmo/git_workspace/Flow/Build/px4flow-v1_default.build//home/mmo/git_workspace/Flow/src/modules/flow/module.pre.o
                0x08004000                g_pfnVectors
                0x08004188                . = ALIGN (0x4)

.text           0x08004188     0xf104
                0x08004188                . = ALIGN (0x4)
 *(.text)
 .text          0x08004188      0x370 /opt/gcc-arm-none-eabi-4_9-2015q3/bin/../lib/gcc/arm-none-eabi/4.9.3/armv7e-m/fpu/libgcc.a(_arm_addsubdf3.o)
                0x08004188                __aeabi_drsub
                0x08004190                __aeabi_dsub
                0x08004190                __subdf3
                0x08004194                __adddf3
                0x08004194                __aeabi_dadd
                0x0800440c                __aeabi_ui2d
                0x0800440c                __floatunsidf
                0x0800442c                __floatsidf
                0x0800442c                __aeabi_i2d
                0x08004450                __extendsfdf2
                0x08004450                __aeabi_f2d
                0x0800448c                __aeabi_ul2d
                0x0800448c                __floatundidf
                0x0800449c                __floatdidf
                0x0800449c                __aeabi_l2d
 .text          0x080044f8      0x424 /opt/gcc-arm-none-eabi-4_9-2015q3/bin/../lib/gcc/arm-none-eabi/4.9.3/armv7e-m/fpu/libgcc.a(_arm_muldivdf3.o)
                0x080044f8                __aeabi_dmul
                0x080044f8                __muldf3
                0x0800474c                __aeabi_ddiv
                0x0800474c                __divdf3
 .text          0x0800491c      0x110 /opt/gcc-arm-none-eabi-4_9-2015q3/bin/../lib/gcc/arm-none-eabi/4.9.3/armv7e-m/fpu/libgcc.a(_arm_cmpdf2.o)
                0x0800491c                __gtdf2
                0x0800491c                __gedf2
                0x08004924                __ltdf2
                0x08004924                __ledf2
                0x0800492c                __cmpdf2
                0x0800492c                __eqdf2
                0x0800492c                __nedf2
                0x080049a8                __aeabi_cdrcmple
                0x080049b8                __aeabi_cdcmple
                0x080049b8                __aeabi_cdcmpeq
                0x080049c8                __aeabi_dcmpeq
                0x080049dc                __aeabi_dcmplt
                0x080049f0                __aeabi_dcmple
                0x08004a04                __aeabi_dcmpge
                0x08004a18                __aeabi_dcmpgt
 .text          0x08004a2c       0x50 /opt/gcc-arm-none-eabi-4_9-2015q3/bin/../lib/gcc/arm-none-eabi/4.9.3/armv7e-m/fpu/libgcc.a(_arm_fixdfsi.o)
                0x08004a2c                __fixdfsi
                0x08004a2c                __aeabi_d2iz
 .text          0x08004a7c       0x40 /opt/gcc-arm-none-eabi-4_9-2015q3/bin/../lib/gcc/arm-none-eabi/4.9.3/armv7e-m/fpu/libgcc.a(_arm_fixunsdfsi.o)
                0x08004a7c                __fixunsdfsi
                0x08004a7c                __aeabi_d2uiz
 .text          0x08004abc       0xa0 /opt/gcc-arm-none-eabi-4_9-2015q3/bin/../lib/gcc/arm-none-eabi/4.9.3/armv7e-m/fpu/libgcc.a(_arm_truncdfsf2.o)
                0x08004abc                __aeabi_d2f
                0x08004abc                __truncdfsf2
 *(.text*)
 .text.LEDInit  0x08004b5c       0x4c /home/mmo/git_workspace/Flow/Build/px4flow-v1_default.build//home/mmo/git_workspace/Flow/src/drivers/boards/px4flow-v1/module.pre.o
 .text.board_led_initialize
                0x08004ba8       0x18 /home/mmo/git_workspace/Flow/Build/px4flow-v1_default.build//home/mmo/git_workspace/Flow/src/drivers/boards/px4flow-v1/module.pre.o
                0x08004ba8                board_led_initialize
 .text.board_led_status_update
                0x08004bc0       0x24 /home/mmo/git_workspace/Flow/Build/px4flow-v1_default.build//home/mmo/git_workspace/Flow/src/drivers/boards/px4flow-v1/module.pre.o
                0x08004bc0                board_led_status_update
 .text.Reset_Handler
                0x08004be4       0x48 /home/mmo/git_workspace/Flow/Build/px4flow-v1_default.build//home/mmo/git_workspace/Flow/src/modules/flow/module.pre.o
                0x08004be4                Reset_Handler
 .text.Default_Handler
                0x08004c2c        0x2 /home/mmo/git_workspace/Flow/Build/px4flow-v1_default.build//home/mmo/git_workspace/Flow/src/modules/flow/module.pre.o
                0x08004c2c                RTC_Alarm_IRQHandler
                0x08004c2c                HASH_RNG_IRQHandler
                0x08004c2c                EXTI2_IRQHandler
                0x08004c2c                TIM8_CC_IRQHandler
                0x08004c2c                TIM1_CC_IRQHandler
                0x08004c2c                DMA2_Stream5_IRQHandler
                0x08004c2c                DMA1_Stream5_IRQHandler
                0x08004c2c                PVD_IRQHandler
                0x08004c2c                SDIO_IRQHandler
                0x08004c2c                TAMP_STAMP_IRQHandler
                0x08004c2c                CAN2_RX1_IRQHandler
                0x08004c2c                EXTI3_IRQHandler
                0x08004c2c                TIM8_TRG_COM_TIM14_IRQHandler
                0x08004c2c                TIM1_UP_TIM10_IRQHandler
                0x08004c2c                TIM8_UP_TIM13_IRQHandler
                0x08004c2c                I2C3_ER_IRQHandler
                0x08004c2c                EXTI0_IRQHandler
                0x08004c2c                I2C2_EV_IRQHandler
                0x08004c2c                DMA1_Stream2_IRQHandler
                0x08004c2c                CAN1_RX0_IRQHandler
                0x08004c2c                FPU_IRQHandler
                0x08004c2c                OTG_HS_WKUP_IRQHandler
                0x08004c2c                CAN2_SCE_IRQHandler
                0x08004c2c                DMA2_Stream2_IRQHandler
                0x08004c2c                SPI1_IRQHandler
                0x08004c2c                TIM6_DAC_IRQHandler
                0x08004c2c                TIM1_BRK_TIM9_IRQHandler
                0x08004c2c                CAN2_RX0_IRQHandler
                0x08004c2c                DMA2_Stream3_IRQHandler
                0x08004c2c                USART6_IRQHandler
                0x08004c2c                CRYP_IRQHandler
                0x08004c2c                CAN1_RX1_IRQHandler
                0x08004c2c                UART5_IRQHandler
                0x08004c2c                DMA2_Stream0_IRQHandler
                0x08004c2c                TIM4_IRQHandler
                0x08004c2c                DMA1_Stream6_IRQHandler
                0x08004c2c                DMA1_Stream1_IRQHandler
                0x08004c2c                TIM3_IRQHandler
                0x08004c2c                RCC_IRQHandler
                0x08004c2c                TIM8_BRK_TIM12_IRQHandler
                0x08004c2c                Default_Handler
                0x08004c2c                EXTI15_10_IRQHandler
                0x08004c2c                ADC_IRQHandler
                0x08004c2c                DMA1_Stream7_IRQHandler
                0x08004c2c                TIM7_IRQHandler
                0x08004c2c                CAN2_TX_IRQHandler
                0x08004c2c                TIM5_IRQHandler
                0x08004c2c                DMA2_Stream7_IRQHandler
                0x08004c2c                I2C3_EV_IRQHandler
                0x08004c2c                EXTI9_5_IRQHandler
                0x08004c2c                RTC_WKUP_IRQHandler
                0x08004c2c                ETH_WKUP_IRQHandler
                0x08004c2c                SPI2_IRQHandler
                0x08004c2c                OTG_HS_EP1_IN_IRQHandler
                0x08004c2c                DMA1_Stream0_IRQHandler
                0x08004c2c                CAN1_TX_IRQHandler
                0x08004c2c                EXTI4_IRQHandler
                0x08004c2c                FSMC_IRQHandler
                0x08004c2c                ETH_IRQHandler
                0x08004c2c                OTG_HS_EP1_OUT_IRQHandler
                0x08004c2c                WWDG_IRQHandler
                0x08004c2c                TIM2_IRQHandler
                0x08004c2c                OTG_FS_WKUP_IRQHandler
                0x08004c2c                TIM1_TRG_COM_TIM11_IRQHandler
                0x08004c2c                OTG_HS_IRQHandler
                0x08004c2c                EXTI1_IRQHandler
                0x08004c2c                I2C2_ER_IRQHandler
                0x08004c2c                CAN1_SCE_IRQHandler
                0x08004c2c                FLASH_IRQHandler
                0x08004c2c                DMA2_Stream4_IRQHandler
                0x08004c2c                USART1_IRQHandler
                0x08004c2c                SPI3_IRQHandler
                0x08004c2c                DMA1_Stream4_IRQHandler
                0x08004c2c                DMA2_Stream6_IRQHandler
                0x08004c2c                DMA1_Stream3_IRQHandler
 *fill*         0x08004c2e        0x2 
 .text.SystemInit
                0x08004c30      0x104 /home/mmo/git_workspace/Flow/Build/px4flow-v1_default.build//home/mmo/git_workspace/Flow/src/modules/flow/module.pre.o
                0x08004c30                SystemInit
 .text.NMI_Handler
                0x08004d34        0x4 /home/mmo/git_workspace/Flow/Build/px4flow-v1_default.build//home/mmo/git_workspace/Flow/src/modules/flow/module.pre.o
                0x08004d34                NMI_Handler
 .text.HardFault_Handler
                0x08004d38        0x4 /home/mmo/git_workspace/Flow/Build/px4flow-v1_default.build//home/mmo/git_workspace/Flow/src/modules/flow/module.pre.o
                0x08004d38                HardFault_Handler
 .text.MemManage_Handler
                0x08004d3c        0x4 /home/mmo/git_workspace/Flow/Build/px4flow-v1_default.build//home/mmo/git_workspace/Flow/src/modules/flow/module.pre.o
                0x08004d3c                MemManage_Handler
 .text.BusFault_Handler
                0x08004d40        0x4 /home/mmo/git_workspace/Flow/Build/px4flow-v1_default.build//home/mmo/git_workspace/Flow/src/modules/flow/module.pre.o
                0x08004d40                BusFault_Handler
 .text.UsageFault_Handler
                0x08004d44        0x4 /home/mmo/git_workspace/Flow/Build/px4flow-v1_default.build//home/mmo/git_workspace/Flow/src/modules/flow/module.pre.o
                0x08004d44                UsageFault_Handler
 .text.SVC_Handler
                0x08004d48        0x4 /home/mmo/git_workspace/Flow/Build/px4flow-v1_default.build//home/mmo/git_workspace/Flow/src/modules/flow/module.pre.o
                0x08004d48                SVC_Handler
 .text.DebugMon_Handler
                0x08004d4c        0x4 /home/mmo/git_workspace/Flow/Build/px4flow-v1_default.build//home/mmo/git_workspace/Flow/src/modules/flow/module.pre.o
                0x08004d4c                DebugMon_Handler
 .text.PendSV_Handler
                0x08004d50        0x4 /home/mmo/git_workspace/Flow/Build/px4flow-v1_default.build//home/mmo/git_workspace/Flow/src/modules/flow/module.pre.o
                0x08004d50                PendSV_Handler
 .text.SysTick_Handler
                0x08004d54        0x4 /home/mmo/git_workspace/Flow/Build/px4flow-v1_default.build//home/mmo/git_workspace/Flow/src/modules/flow/module.pre.o
                0x08004d54                SysTick_Handler
 .text.OTG_FS_IRQHandler
                0x08004d58        0xc /home/mmo/git_workspace/Flow/Build/px4flow-v1_default.build//home/mmo/git_workspace/Flow/src/modules/flow/module.pre.o
                0x08004d58                OTG_FS_IRQHandler
 .text.send_params_fn
                0x08004d64        0x4 /home/mmo/git_workspace/Flow/Build/px4flow-v1_default.build//home/mmo/git_workspace/Flow/src/modules/flow/module.pre.o
 .text.system_receive_fn
                0x08004d68       0x10 /home/mmo/git_workspace/Flow/Build/px4flow-v1_default.build//home/mmo/git_workspace/Flow/src/modules/flow/module.pre.o
 .text.system_state_send_fn
                0x08004d78       0x1c /home/mmo/git_workspace/Flow/Build/px4flow-v1_default.build//home/mmo/git_workspace/Flow/src/modules/flow/module.pre.o
 .text.distance_update_fn
                0x08004d94       0x20 /home/mmo/git_workspace/Flow/Build/px4flow-v1_default.build//home/mmo/git_workspace/Flow/src/modules/flow/module.pre.o
 .text.mavlink_msg_encapsulated_data_send.constprop.2
                0x08004db4      0x13c /home/mmo/git_workspace/Flow/Build/px4flow-v1_default.build//home/mmo/git_workspace/Flow/src/modules/flow/module.pre.o
 .text.send_video_fn
                0x08004ef0      0x1ac /home/mmo/git_workspace/Flow/Build/px4flow-v1_default.build//home/mmo/git_workspace/Flow/src/modules/flow/module.pre.o
 .text.notify_changed_camera_parameters
                0x0800509c        0xc /home/mmo/git_workspace/Flow/Build/px4flow-v1_default.build//home/mmo/git_workspace/Flow/src/modules/flow/module.pre.o
                0x0800509c                notify_changed_camera_parameters
 .text.startup.main
                0x080050a8     0x1004 /home/mmo/git_workspace/Flow/Build/px4flow-v1_default.build//home/mmo/git_workspace/Flow/src/modules/flow/module.pre.o
                0x080050a8                main
 .text.global_data_reset_param_defaults
                0x080060ac      0x594 /home/mmo/git_workspace/Flow/Build/px4flow-v1_default.build//home/mmo/git_workspace/Flow/src/modules/flow/module.pre.o
                0x080060ac                global_data_reset_param_defaults
 .text.global_data_reset
                0x08006640        0x4 /home/mmo/git_workspace/Flow/Build/px4flow-v1_default.build//home/mmo/git_workspace/Flow/src/modules/flow/module.pre.o
                0x08006640                global_data_reset
 .text.communication_init
                0x08006644       0x2c /home/mmo/git_workspace/Flow/Build/px4flow-v1_default.build//home/mmo/git_workspace/Flow/src/modules/flow/module.pre.o
                0x08006644                communication_init
 .text.communication_system_state_send
                0x08006670      0x3bc /home/mmo/git_workspace/Flow/Build/px4flow-v1_default.build//home/mmo/git_workspace/Flow/src/modules/flow/module.pre.o
                0x08006670                communication_system_state_send
 .text.communication_parameter_send
                0x08006a2c      0x298 /home/mmo/git_workspace/Flow/Build/px4flow-v1_default.build//home/mmo/git_workspace/Flow/src/modules/flow/module.pre.o
                0x08006a2c                communication_parameter_send
 .text.communication_receive
                0x08006cc4     0x1518 /home/mmo/git_workspace/Flow/Build/px4flow-v1_default.build//home/mmo/git_workspace/Flow/src/modules/flow/module.pre.o
                0x08006cc4                communication_receive
 .text.communication_receive_forward
                0x080081dc      0x284 /home/mmo/git_workspace/Flow/Build/px4flow-v1_default.build//home/mmo/git_workspace/Flow/src/modules/flow/module.pre.o
                0x080081dc                communication_receive_forward
 .text.communication_receive_usb
                0x08008460     0x15f8 /home/mmo/git_workspace/Flow/Build/px4flow-v1_default.build//home/mmo/git_workspace/Flow/src/modules/flow/module.pre.o
                0x08008460                communication_receive_usb
 .text.mavlink_send_uart_bytes
                0x08009a58       0x34 /home/mmo/git_workspace/Flow/Build/px4flow-v1_default.build//home/mmo/git_workspace/Flow/src/modules/flow/module.pre.o
                0x08009a58                mavlink_send_uart_bytes
 .text.mavlink_get_channel_status
                0x08009a8c       0x10 /home/mmo/git_workspace/Flow/Build/px4flow-v1_default.build//home/mmo/git_workspace/Flow/src/modules/flow/module.pre.o
                0x08009a8c                mavlink_get_channel_status
 .text.flow_res_dim_value_compare
                0x08009a9c       0x20 /home/mmo/git_workspace/Flow/Build/px4flow-v1_default.build//home/mmo/git_workspace/Flow/src/modules/flow/module.pre.o
 .text.get_flow_capability
                0x08009abc       0x38 /home/mmo/git_workspace/Flow/Build/px4flow-v1_default.build//home/mmo/git_workspace/Flow/src/modules/flow/module.pre.o
                0x08009abc                get_flow_capability
 .text.compute_flow
                0x08009af4      0x64c /home/mmo/git_workspace/Flow/Build/px4flow-v1_default.build//home/mmo/git_workspace/Flow/src/modules/flow/module.pre.o
                0x08009af4                compute_flow
 .text.klt_preprocess_image
                0x0800a140       0x60 /home/mmo/git_workspace/Flow/Build/px4flow-v1_default.build//home/mmo/git_workspace/Flow/src/modules/flow/module.pre.o
                0x0800a140                klt_preprocess_image
 .text.get_flow_klt_capability
                0x0800a1a0        0x8 /home/mmo/git_workspace/Flow/Build/px4flow-v1_default.build//home/mmo/git_workspace/Flow/src/modules/flow/module.pre.o
                0x0800a1a0                get_flow_klt_capability
 .text.compute_klt
                0x0800a1a8      0xc0c /home/mmo/git_workspace/Flow/Build/px4flow-v1_default.build//home/mmo/git_workspace/Flow/src/modules/flow/module.pre.o
                0x0800a1a8                compute_klt
 .text.flow_extract_result
                0x0800adb4      0x4ec /home/mmo/git_workspace/Flow/Build/px4flow-v1_default.build//home/mmo/git_workspace/Flow/src/modules/flow/module.pre.o
                0x0800adb4                flow_extract_result
 .text.dcmi_init
                0x0800b2a0      0x2c4 /home/mmo/git_workspace/Flow/Build/px4flow-v1_default.build//home/mmo/git_workspace/Flow/src/modules/flow/module.pre.o
                0x0800b2a0                dcmi_init
 .text.dcmi_reset
                0x0800b564       0x30 /home/mmo/git_workspace/Flow/Build/px4flow-v1_default.build//home/mmo/git_workspace/Flow/src/modules/flow/module.pre.o
                0x0800b564                dcmi_reset
 .text.dcmi_get_transport_interface
                0x0800b594        0x8 /home/mmo/git_workspace/Flow/Build/px4flow-v1_default.build//home/mmo/git_workspace/Flow/src/modules/flow/module.pre.o
                0x0800b594                dcmi_get_transport_interface
 .text.DCMI_IRQHandler
                0x0800b59c       0x3c /home/mmo/git_workspace/Flow/Build/px4flow-v1_default.build//home/mmo/git_workspace/Flow/src/modules/flow/module.pre.o
                0x0800b59c                DCMI_IRQHandler
 .text.DMA2_Stream1_IRQHandler
                0x0800b5d8       0x58 /home/mmo/git_workspace/Flow/Build/px4flow-v1_default.build//home/mmo/git_workspace/Flow/src/modules/flow/module.pre.o
                0x0800b5d8                DMA2_Stream1_IRQHandler
 .text.mt9v034_get_current_param
                0x0800b630       0x1c /home/mmo/git_workspace/Flow/Build/px4flow-v1_default.build//home/mmo/git_workspace/Flow/src/modules/flow/module.pre.o
                0x0800b630                mt9v034_get_current_param
 .text.mt9v034_I2cWaitEvent
                0x0800b64c       0x28 /home/mmo/git_workspace/Flow/Build/px4flow-v1_default.build//home/mmo/git_workspace/Flow/src/modules/flow/module.pre.o
 .text.mt9v034_WriteReg
                0x0800b674       0xc0 /home/mmo/git_workspace/Flow/Build/px4flow-v1_default.build//home/mmo/git_workspace/Flow/src/modules/flow/module.pre.o
 .text.mt9v034_restore_previous_param
                0x0800b734       0x40 /home/mmo/git_workspace/Flow/Build/px4flow-v1_default.build//home/mmo/git_workspace/Flow/src/modules/flow/module.pre.o
                0x0800b734                mt9v034_restore_previous_param
 .text.mt9v034_notify_readout_start
                0x0800b774       0x7c /home/mmo/git_workspace/Flow/Build/px4flow-v1_default.build//home/mmo/git_workspace/Flow/src/modules/flow/module.pre.o
                0x0800b774                mt9v034_notify_readout_start
 .text.mt9v034_notify_readout_end
                0x0800b7f0       0x38 /home/mmo/git_workspace/Flow/Build/px4flow-v1_default.build//home/mmo/git_workspace/Flow/src/modules/flow/module.pre.o
                0x0800b7f0                mt9v034_notify_readout_end
 .text.mt9v034_configure_exposure_param
                0x0800b828      0x1b4 /home/mmo/git_workspace/Flow/Build/px4flow-v1_default.build//home/mmo/git_workspace/Flow/src/modules/flow/module.pre.o
 .text.mt9v034_configure_context.part.5
                0x0800b9dc      0x190 /home/mmo/git_workspace/Flow/Build/px4flow-v1_default.build//home/mmo/git_workspace/Flow/src/modules/flow/module.pre.o
 .text.mt9v034_reconfigure_general
                0x0800bb6c       0xd8 /home/mmo/git_workspace/Flow/Build/px4flow-v1_default.build//home/mmo/git_workspace/Flow/src/modules/flow/module.pre.o
                0x0800bb6c                mt9v034_reconfigure_general
 .text.mt9v034_update_exposure_param
                0x0800bc44      0x184 /home/mmo/git_workspace/Flow/Build/px4flow-v1_default.build//home/mmo/git_workspace/Flow/src/modules/flow/module.pre.o
                0x0800bc44                mt9v034_update_exposure_param
 .text.mt9v034_prepare_update_param
                0x0800bdc8      0x1a4 /home/mmo/git_workspace/Flow/Build/px4flow-v1_default.build//home/mmo/git_workspace/Flow/src/modules/flow/module.pre.o
                0x0800bdc8                mt9v034_prepare_update_param
 .text.mt9v034_init
                0x0800bf6c      0x350 /home/mmo/git_workspace/Flow/Build/px4flow-v1_default.build//home/mmo/git_workspace/Flow/src/modules/flow/module.pre.o
                0x0800bf6c                mt9v034_init
 .text.mt9v034_get_sensor_interface
                0x0800c2bc        0x8 /home/mmo/git_workspace/Flow/Build/px4flow-v1_default.build//home/mmo/git_workspace/Flow/src/modules/flow/module.pre.o
                0x0800c2bc                mt9v034_get_sensor_interface
 .text.mt9v034_get_clks_per_row
                0x0800c2c4       0x34 /home/mmo/git_workspace/Flow/Build/px4flow-v1_default.build//home/mmo/git_workspace/Flow/src/modules/flow/module.pre.o
                0x0800c2c4                mt9v034_get_clks_per_row
 .text.gyro_read
                0x0800c2f8      0x290 /home/mmo/git_workspace/Flow/Build/px4flow-v1_default.build//home/mmo/git_workspace/Flow/src/modules/flow/module.pre.o
                0x0800c2f8                gyro_read
 .text.l3gd20_config
                0x0800c588      0x1ac /home/mmo/git_workspace/Flow/Build/px4flow-v1_default.build//home/mmo/git_workspace/Flow/src/modules/flow/module.pre.o
                0x0800c588                l3gd20_config
 .text.spi_config
                0x0800c734       0xfc /home/mmo/git_workspace/Flow/Build/px4flow-v1_default.build//home/mmo/git_workspace/Flow/src/modules/flow/module.pre.o
                0x0800c734                spi_config
 .text.gyro_config
                0x0800c830      0x1b0 /home/mmo/git_workspace/Flow/Build/px4flow-v1_default.build//home/mmo/git_workspace/Flow/src/modules/flow/module.pre.o
                0x0800c830                gyro_config
 .text.getGyroRange
                0x0800c9e0        0xc /home/mmo/git_workspace/Flow/Build/px4flow-v1_default.build//home/mmo/git_workspace/Flow/src/modules/flow/module.pre.o
                0x0800c9e0                getGyroRange
 .text.usart2_tx_ringbuffer_push
                0x0800c9ec       0xa8 /home/mmo/git_workspace/Flow/Build/px4flow-v1_default.build//home/mmo/git_workspace/Flow/src/modules/flow/module.pre.o
                0x0800c9ec                usart2_tx_ringbuffer_push
 .text.usart3_tx_ringbuffer_push
                0x0800ca94       0xa8 /home/mmo/git_workspace/Flow/Build/px4flow-v1_default.build//home/mmo/git_workspace/Flow/src/modules/flow/module.pre.o
                0x0800ca94                usart3_tx_ringbuffer_push
 .text.usart2_char_available
                0x0800cb3c       0x18 /home/mmo/git_workspace/Flow/Build/px4flow-v1_default.build//home/mmo/git_workspace/Flow/src/modules/flow/module.pre.o
                0x0800cb3c                usart2_char_available
 .text.usart3_char_available
                0x0800cb54       0x18 /home/mmo/git_workspace/Flow/Build/px4flow-v1_default.build//home/mmo/git_workspace/Flow/src/modules/flow/module.pre.o
                0x0800cb54                usart3_char_available
 .text.usart2_rx_ringbuffer_pop
                0x0800cb6c       0x50 /home/mmo/git_workspace/Flow/Build/px4flow-v1_default.build//home/mmo/git_workspace/Flow/src/modules/flow/module.pre.o
                0x0800cb6c                usart2_rx_ringbuffer_pop
 .text.usart3_rx_ringbuffer_pop
                0x0800cbbc       0x50 /home/mmo/git_workspace/Flow/Build/px4flow-v1_default.build//home/mmo/git_workspace/Flow/src/modules/flow/module.pre.o
                0x0800cbbc                usart3_rx_ringbuffer_pop
 .text.USART2_IRQHandler
                0x0800cc0c       0xcc /home/mmo/git_workspace/Flow/Build/px4flow-v1_default.build//home/mmo/git_workspace/Flow/src/modules/flow/module.pre.o
                0x0800cc0c                USART2_IRQHandler
 .text.USART3_IRQHandler
                0x0800ccd8       0xcc /home/mmo/git_workspace/Flow/Build/px4flow-v1_default.build//home/mmo/git_workspace/Flow/src/modules/flow/module.pre.o
                0x0800ccd8                USART3_IRQHandler
 .text.usart_init
                0x0800cda4      0x160 /home/mmo/git_workspace/Flow/Build/px4flow-v1_default.build//home/mmo/git_workspace/Flow/src/modules/flow/module.pre.o
                0x0800cda4                usart_init
 .text.USB_OTG_BSP_Init
                0x0800cf04       0x9c /home/mmo/git_workspace/Flow/Build/px4flow-v1_default.build//home/mmo/git_workspace/Flow/src/modules/flow/module.pre.o
                0x0800cf04                USB_OTG_BSP_Init
 .text.USB_OTG_BSP_EnableInterrupt
                0x0800cfa0       0x30 /home/mmo/git_workspace/Flow/Build/px4flow-v1_default.build//home/mmo/git_workspace/Flow/src/modules/flow/module.pre.o
                0x0800cfa0                USB_OTG_BSP_EnableInterrupt
 .text.USB_OTG_BSP_uDelay
                0x0800cfd0       0x24 /home/mmo/git_workspace/Flow/Build/px4flow-v1_default.build//home/mmo/git_workspace/Flow/src/modules/flow/module.pre.o
                0x0800cfd0                USB_OTG_BSP_uDelay
 .text.USB_OTG_BSP_mDelay
                0x0800cff4       0x28 /home/mmo/git_workspace/Flow/Build/px4flow-v1_default.build//home/mmo/git_workspace/Flow/src/modules/flow/module.pre.o
                0x0800cff4                USB_OTG_BSP_mDelay
 .text.VCP_Init
                0x0800d01c        0x4 /home/mmo/git_workspace/Flow/Build/px4flow-v1_default.build//home/mmo/git_workspace/Flow/src/modules/flow/module.pre.o
 .text.VCP_DeInit
                0x0800d020        0x4 /home/mmo/git_workspace/Flow/Build/px4flow-v1_default.build//home/mmo/git_workspace/Flow/src/modules/flow/module.pre.o
 .text.VCP_DataTx
                0x0800d024       0x38 /home/mmo/git_workspace/Flow/Build/px4flow-v1_default.build//home/mmo/git_workspace/Flow/src/modules/flow/module.pre.o
 .text.VCP_DataRx
                0x0800d05c       0x4c /home/mmo/git_workspace/Flow/Build/px4flow-v1_default.build//home/mmo/git_workspace/Flow/src/modules/flow/module.pre.o
 .text.VCP_Ctrl
                0x0800d0a8       0x2c /home/mmo/git_workspace/Flow/Build/px4flow-v1_default.build//home/mmo/git_workspace/Flow/src/modules/flow/module.pre.o
 .text.VCP_put_char
                0x0800d0d4       0x28 /home/mmo/git_workspace/Flow/Build/px4flow-v1_default.build//home/mmo/git_workspace/Flow/src/modules/flow/module.pre.o
                0x0800d0d4                VCP_put_char
 .text.VCP_get_char
                0x0800d0fc       0x34 /home/mmo/git_workspace/Flow/Build/px4flow-v1_default.build//home/mmo/git_workspace/Flow/src/modules/flow/module.pre.o
                0x0800d0fc                VCP_get_char
 .text.USBD_USR_DeviceDescriptor
                0x0800d130        0xc /home/mmo/git_workspace/Flow/Build/px4flow-v1_default.build//home/mmo/git_workspace/Flow/src/modules/flow/module.pre.o
                0x0800d130                USBD_USR_DeviceDescriptor
 .text.USBD_USR_LangIDStrDescriptor
                0x0800d13c        0xc /home/mmo/git_workspace/Flow/Build/px4flow-v1_default.build//home/mmo/git_workspace/Flow/src/modules/flow/module.pre.o
                0x0800d13c                USBD_USR_LangIDStrDescriptor
 .text.USBD_USR_ManufacturerStrDescriptor
                0x0800d148       0x1c /home/mmo/git_workspace/Flow/Build/px4flow-v1_default.build//home/mmo/git_workspace/Flow/src/modules/flow/module.pre.o
                0x0800d148                USBD_USR_ManufacturerStrDescriptor
 .text.USBD_USR_ProductStrDescriptor
                0x0800d164       0x1c /home/mmo/git_workspace/Flow/Build/px4flow-v1_default.build//home/mmo/git_workspace/Flow/src/modules/flow/module.pre.o
                0x0800d164                USBD_USR_ProductStrDescriptor
 .text.USBD_USR_SerialStrDescriptor
                0x0800d180       0x1c /home/mmo/git_workspace/Flow/Build/px4flow-v1_default.build//home/mmo/git_workspace/Flow/src/modules/flow/module.pre.o
                0x0800d180                USBD_USR_SerialStrDescriptor
 .text.USBD_USR_ConfigStrDescriptor
                0x0800d19c       0x1c /home/mmo/git_workspace/Flow/Build/px4flow-v1_default.build//home/mmo/git_workspace/Flow/src/modules/flow/module.pre.o
                0x0800d19c                USBD_USR_ConfigStrDescriptor
 .text.USBD_USR_InterfaceStrDescriptor
                0x0800d1b8       0x1c /home/mmo/git_workspace/Flow/Build/px4flow-v1_default.build//home/mmo/git_workspace/Flow/src/modules/flow/module.pre.o
                0x0800d1b8                USBD_USR_InterfaceStrDescriptor
 .text.USBD_USR_Init
                0x0800d1d4        0x4 /home/mmo/git_workspace/Flow/Build/px4flow-v1_default.build//home/mmo/git_workspace/Flow/src/modules/flow/module.pre.o
                0x0800d1d4                USBD_USR_Init
 .text.USBD_USR_DeviceReset
                0x0800d1d8        0x4 /home/mmo/git_workspace/Flow/Build/px4flow-v1_default.build//home/mmo/git_workspace/Flow/src/modules/flow/module.pre.o
                0x0800d1d8                USBD_USR_DeviceReset
 .text.USBD_USR_DeviceConfigured
                0x0800d1dc        0x4 /home/mmo/git_workspace/Flow/Build/px4flow-v1_default.build//home/mmo/git_workspace/Flow/src/modules/flow/module.pre.o
                0x0800d1dc                USBD_USR_DeviceConfigured
 .text.USBD_USR_DeviceSuspended
                0x0800d1e0        0x4 /home/mmo/git_workspace/Flow/Build/px4flow-v1_default.build//home/mmo/git_workspace/Flow/src/modules/flow/module.pre.o
                0x0800d1e0                USBD_USR_DeviceSuspended
 .text.USBD_USR_DeviceResumed
                0x0800d1e4        0x4 /home/mmo/git_workspace/Flow/Build/px4flow-v1_default.build//home/mmo/git_workspace/Flow/src/modules/flow/module.pre.o
                0x0800d1e4                USBD_USR_DeviceResumed
 .text.USBD_USR_DeviceConnected
                0x0800d1e8        0x4 /home/mmo/git_workspace/Flow/Build/px4flow-v1_default.build//home/mmo/git_workspace/Flow/src/modules/flow/module.pre.o
                0x0800d1e8                USBD_USR_DeviceConnected
 .text.USBD_USR_DeviceDisconnected
                0x0800d1ec        0x4 /home/mmo/git_workspace/Flow/Build/px4flow-v1_default.build//home/mmo/git_workspace/Flow/src/modules/flow/module.pre.o
                0x0800d1ec                USBD_USR_DeviceDisconnected
 .text.up_systemreset
                0x0800d1f0       0x1c /home/mmo/git_workspace/Flow/Build/px4flow-v1_default.build//home/mmo/git_workspace/Flow/src/modules/flow/module.pre.o
                0x0800d1f0                up_systemreset
 .text.systemreset
                0x0800d20c       0x24 /home/mmo/git_workspace/Flow/Build/px4flow-v1_default.build//home/mmo/git_workspace/Flow/src/modules/flow/module.pre.o
                0x0800d20c                systemreset
 .text.insert_distance_value_and_get_mode_value
                0x0800d230       0x68 /home/mmo/git_workspace/Flow/Build/px4flow-v1_default.build//home/mmo/git_workspace/Flow/src/modules/flow/module.pre.o
                0x0800d230                insert_distance_value_and_get_mode_value
 .text.camera_transport_frame_done_fn
                0x0800d298      0x144 /home/mmo/git_workspace/Flow/Build/px4flow-v1_default.build//home/mmo/git_workspace/Flow/src/modules/flow/module.pre.o
                0x0800d298                camera_transport_frame_done_fn
 .text.camera_transport_transfer_done_fn
                0x0800d3dc      0x468 /home/mmo/git_workspace/Flow/Build/px4flow-v1_default.build//home/mmo/git_workspace/Flow/src/modules/flow/module.pre.o
                0x0800d3dc                camera_transport_transfer_done_fn
 .text.camera_init
                0x0800d844      0x194 /home/mmo/git_workspace/Flow/Build/px4flow-v1_default.build//home/mmo/git_workspace/Flow/src/modules/flow/module.pre.o
                0x0800d844                camera_init
 .text.camera_reconfigure_general
                0x0800d9d8       0x1c /home/mmo/git_workspace/Flow/Build/px4flow-v1_default.build//home/mmo/git_workspace/Flow/src/modules/flow/module.pre.o
                0x0800d9d8                camera_reconfigure_general
 .text.camera_img_stream_get_buffers
                0x0800d9f4      0x320 /home/mmo/git_workspace/Flow/Build/px4flow-v1_default.build//home/mmo/git_workspace/Flow/src/modules/flow/module.pre.o
                0x0800d9f4                camera_img_stream_get_buffers
 .text.camera_img_stream_return_buffers
                0x0800dd14      0x178 /home/mmo/git_workspace/Flow/Build/px4flow-v1_default.build//home/mmo/git_workspace/Flow/src/modules/flow/module.pre.o
                0x0800dd14                camera_img_stream_return_buffers
 .text.result_accumulator_init
                0x0800de8c       0x1c /home/mmo/git_workspace/Flow/Build/px4flow-v1_default.build//home/mmo/git_workspace/Flow/src/modules/flow/module.pre.o
                0x0800de8c                result_accumulator_init
 .text.result_accumulator_feed
                0x0800dea8      0x144 /home/mmo/git_workspace/Flow/Build/px4flow-v1_default.build//home/mmo/git_workspace/Flow/src/modules/flow/module.pre.o
                0x0800dea8                result_accumulator_feed
 .text.result_accumulator_calculate_output_flow
                0x0800dfec       0xe0 /home/mmo/git_workspace/Flow/Build/px4flow-v1_default.build//home/mmo/git_workspace/Flow/src/modules/flow/module.pre.o
                0x0800dfec                result_accumulator_calculate_output_flow
 .text.result_accumulator_calculate_output_flow_rad
                0x0800e0cc       0x70 /home/mmo/git_workspace/Flow/Build/px4flow-v1_default.build//home/mmo/git_workspace/Flow/src/modules/flow/module.pre.o
                0x0800e0cc                result_accumulator_calculate_output_flow_rad
 .text.result_accumulator_fill_i2c_data
                0x0800e13c      0x398 /home/mmo/git_workspace/Flow/Build/px4flow-v1_default.build//home/mmo/git_workspace/Flow/src/modules/flow/module.pre.o
                0x0800e13c                result_accumulator_fill_i2c_data
 .text.result_accumulator_reset
                0x0800e4d4       0x28 /home/mmo/git_workspace/Flow/Build/px4flow-v1_default.build//home/mmo/git_workspace/Flow/src/modules/flow/module.pre.o
                0x0800e4d4                result_accumulator_reset
 .text.timer_interrupt_fn
                0x0800e4fc       0x68 /home/mmo/git_workspace/Flow/Build/px4flow-v1_default.build//home/mmo/git_workspace/Flow/src/modules/flow/module.pre.o
                0x0800e4fc                timer_interrupt_fn
 .text.timer_check
                0x0800e564       0x38 /home/mmo/git_workspace/Flow/Build/px4flow-v1_default.build//home/mmo/git_workspace/Flow/src/modules/flow/module.pre.o
                0x0800e564                timer_check
 .text.timer_register
                0x0800e59c       0xd8 /home/mmo/git_workspace/Flow/Build/px4flow-v1_default.build//home/mmo/git_workspace/Flow/src/modules/flow/module.pre.o
                0x0800e59c                timer_register
 .text.timer_update
                0x0800e674      0x178 /home/mmo/git_workspace/Flow/Build/px4flow-v1_default.build//home/mmo/git_workspace/Flow/src/modules/flow/module.pre.o
                0x0800e674                timer_update
 .text.timer_init
                0x0800e7ec       0xa0 /home/mmo/git_workspace/Flow/Build/px4flow-v1_default.build//home/mmo/git_workspace/Flow/src/modules/flow/module.pre.o
                0x0800e7ec                timer_init
 .text.get_boot_time_us
                0x0800e88c       0x54 /home/mmo/git_workspace/Flow/Build/px4flow-v1_default.build//home/mmo/git_workspace/Flow/src/modules/flow/module.pre.o
                0x0800e88c                get_boot_time_us
 .text.calculate_time_delta_us
                0x0800e8e0        0x4 /home/mmo/git_workspace/Flow/Build/px4flow-v1_default.build//home/mmo/git_workspace/Flow/src/modules/flow/module.pre.o
                0x0800e8e0                calculate_time_delta_us
 .text.get_time_delta_us
                0x0800e8e4       0x5c /home/mmo/git_workspace/Flow/Build/px4flow-v1_default.build//home/mmo/git_workspace/Flow/src/modules/flow/module.pre.o
                0x0800e8e4                get_time_delta_us
 .text.NVIC_PriorityGroupConfig
                0x0800e940       0x14 /home/mmo/git_workspace/Flow/Build/px4flow-v1_default.build//home/mmo/git_workspace/Flow/src/modules/flow/module.pre.o
                0x0800e940                NVIC_PriorityGroupConfig
 .text.NVIC_Init
                0x0800e954       0x70 /home/mmo/git_workspace/Flow/Build/px4flow-v1_default.build//home/mmo/git_workspace/Flow/src/modules/flow/module.pre.o
                0x0800e954                NVIC_Init
 .text.RCC_GetClocksFreq
                0x0800e9c4       0x98 /home/mmo/git_workspace/Flow/Build/px4flow-v1_default.build//home/mmo/git_workspace/Flow/src/modules/flow/module.pre.o
                0x0800e9c4                RCC_GetClocksFreq
 .text.RCC_AHB1PeriphClockCmd
                0x0800ea5c       0x18 /home/mmo/git_workspace/Flow/Build/px4flow-v1_default.build//home/mmo/git_workspace/Flow/src/modules/flow/module.pre.o
                0x0800ea5c                RCC_AHB1PeriphClockCmd
 .text.RCC_AHB2PeriphClockCmd
                0x0800ea74       0x18 /home/mmo/git_workspace/Flow/Build/px4flow-v1_default.build//home/mmo/git_workspace/Flow/src/modules/flow/module.pre.o
                0x0800ea74                RCC_AHB2PeriphClockCmd
 .text.RCC_APB1PeriphClockCmd
                0x0800ea8c       0x18 /home/mmo/git_workspace/Flow/Build/px4flow-v1_default.build//home/mmo/git_workspace/Flow/src/modules/flow/module.pre.o
                0x0800ea8c                RCC_APB1PeriphClockCmd
 .text.RCC_APB2PeriphClockCmd
                0x0800eaa4       0x18 /home/mmo/git_workspace/Flow/Build/px4flow-v1_default.build//home/mmo/git_workspace/Flow/src/modules/flow/module.pre.o
                0x0800eaa4                RCC_APB2PeriphClockCmd
 .text.RCC_APB1PeriphResetCmd
                0x0800eabc       0x18 /home/mmo/git_workspace/Flow/Build/px4flow-v1_default.build//home/mmo/git_workspace/Flow/src/modules/flow/module.pre.o
                0x0800eabc                RCC_APB1PeriphResetCmd
 .text.DMA_DeInit
                0x0800ead4      0x130 /home/mmo/git_workspace/Flow/Build/px4flow-v1_default.build//home/mmo/git_workspace/Flow/src/modules/flow/module.pre.o
                0x0800ead4                DMA_DeInit
 .text.DMA_Init
                0x0800ec04       0x70 /home/mmo/git_workspace/Flow/Build/px4flow-v1_default.build//home/mmo/git_workspace/Flow/src/modules/flow/module.pre.o
                0x0800ec04                DMA_Init
 .text.DMA_Cmd  0x0800ec74       0x14 /home/mmo/git_workspace/Flow/Build/px4flow-v1_default.build//home/mmo/git_workspace/Flow/src/modules/flow/module.pre.o
                0x0800ec74                DMA_Cmd
 .text.DMA_DoubleBufferModeConfig
                0x0800ec88       0x18 /home/mmo/git_workspace/Flow/Build/px4flow-v1_default.build//home/mmo/git_workspace/Flow/src/modules/flow/module.pre.o
                0x0800ec88                DMA_DoubleBufferModeConfig
 .text.DMA_DoubleBufferModeCmd
                0x0800eca0       0x14 /home/mmo/git_workspace/Flow/Build/px4flow-v1_default.build//home/mmo/git_workspace/Flow/src/modules/flow/module.pre.o
                0x0800eca0                DMA_DoubleBufferModeCmd
 .text.DMA_GetCurrentMemoryTarget
                0x0800ecb4        0x8 /home/mmo/git_workspace/Flow/Build/px4flow-v1_default.build//home/mmo/git_workspace/Flow/src/modules/flow/module.pre.o
                0x0800ecb4                DMA_GetCurrentMemoryTarget
 .text.DMA_ITConfig
                0x0800ecbc       0x40 /home/mmo/git_workspace/Flow/Build/px4flow-v1_default.build//home/mmo/git_workspace/Flow/src/modules/flow/module.pre.o
                0x0800ecbc                DMA_ITConfig
 .text.DMA_GetITStatus
                0x0800ecfc       0x50 /home/mmo/git_workspace/Flow/Build/px4flow-v1_default.build//home/mmo/git_workspace/Flow/src/modules/flow/module.pre.o
                0x0800ecfc                DMA_GetITStatus
 .text.DMA_ClearITPendingBit
                0x0800ed4c       0x34 /home/mmo/git_workspace/Flow/Build/px4flow-v1_default.build//home/mmo/git_workspace/Flow/src/modules/flow/module.pre.o
                0x0800ed4c                DMA_ClearITPendingBit
 .text.DCMI_Init
                0x0800ed80       0x48 /home/mmo/git_workspace/Flow/Build/px4flow-v1_default.build//home/mmo/git_workspace/Flow/src/modules/flow/module.pre.o
                0x0800ed80                DCMI_Init
 .text.DCMI_Cmd
                0x0800edc8       0x1c /home/mmo/git_workspace/Flow/Build/px4flow-v1_default.build//home/mmo/git_workspace/Flow/src/modules/flow/module.pre.o
                0x0800edc8                DCMI_Cmd
 .text.DCMI_CaptureCmd
                0x0800ede4       0x1c /home/mmo/git_workspace/Flow/Build/px4flow-v1_default.build//home/mmo/git_workspace/Flow/src/modules/flow/module.pre.o
                0x0800ede4                DCMI_CaptureCmd
 .text.DCMI_ITConfig
                0x0800ee00       0x1c /home/mmo/git_workspace/Flow/Build/px4flow-v1_default.build//home/mmo/git_workspace/Flow/src/modules/flow/module.pre.o
                0x0800ee00                DCMI_ITConfig
 .text.DCMI_GetITStatus
                0x0800ee1c       0x14 /home/mmo/git_workspace/Flow/Build/px4flow-v1_default.build//home/mmo/git_workspace/Flow/src/modules/flow/module.pre.o
                0x0800ee1c                DCMI_GetITStatus
 .text.DCMI_ClearITPendingBit
                0x0800ee30        0xc /home/mmo/git_workspace/Flow/Build/px4flow-v1_default.build//home/mmo/git_workspace/Flow/src/modules/flow/module.pre.o
                0x0800ee30                DCMI_ClearITPendingBit
 .text.I2C_DeInit
                0x0800ee3c       0x6c /home/mmo/git_workspace/Flow/Build/px4flow-v1_default.build//home/mmo/git_workspace/Flow/src/modules/flow/module.pre.o
                0x0800ee3c                I2C_DeInit
 .text.I2C_Init
                0x0800eea8       0xe4 /home/mmo/git_workspace/Flow/Build/px4flow-v1_default.build//home/mmo/git_workspace/Flow/src/modules/flow/module.pre.o
                0x0800eea8                I2C_Init
 .text.I2C_Cmd  0x0800ef8c       0x1c /home/mmo/git_workspace/Flow/Build/px4flow-v1_default.build//home/mmo/git_workspace/Flow/src/modules/flow/module.pre.o
                0x0800ef8c                I2C_Cmd
 .text.I2C_GenerateSTART
                0x0800efa8       0x1c /home/mmo/git_workspace/Flow/Build/px4flow-v1_default.build//home/mmo/git_workspace/Flow/src/modules/flow/module.pre.o
                0x0800efa8                I2C_GenerateSTART
 .text.I2C_GenerateSTOP
                0x0800efc4       0x1c /home/mmo/git_workspace/Flow/Build/px4flow-v1_default.build//home/mmo/git_workspace/Flow/src/modules/flow/module.pre.o
                0x0800efc4                I2C_GenerateSTOP
 .text.I2C_Send7bitAddress
                0x0800efe0       0x18 /home/mmo/git_workspace/Flow/Build/px4flow-v1_default.build//home/mmo/git_workspace/Flow/src/modules/flow/module.pre.o
                0x0800efe0                I2C_Send7bitAddress
 .text.I2C_AcknowledgeConfig
                0x0800eff8       0x1c /home/mmo/git_workspace/Flow/Build/px4flow-v1_default.build//home/mmo/git_workspace/Flow/src/modules/flow/module.pre.o
                0x0800eff8                I2C_AcknowledgeConfig
 .text.I2C_SoftwareResetCmd
                0x0800f014       0x1c /home/mmo/git_workspace/Flow/Build/px4flow-v1_default.build//home/mmo/git_workspace/Flow/src/modules/flow/module.pre.o
                0x0800f014                I2C_SoftwareResetCmd
 .text.I2C_StretchClockCmd
                0x0800f030       0x1c /home/mmo/git_workspace/Flow/Build/px4flow-v1_default.build//home/mmo/git_workspace/Flow/src/modules/flow/module.pre.o
                0x0800f030                I2C_StretchClockCmd
 .text.I2C_SendData
                0x0800f04c        0x4 /home/mmo/git_workspace/Flow/Build/px4flow-v1_default.build//home/mmo/git_workspace/Flow/src/modules/flow/module.pre.o
                0x0800f04c                I2C_SendData
 .text.I2C_ReceiveData
                0x0800f050        0x8 /home/mmo/git_workspace/Flow/Build/px4flow-v1_default.build//home/mmo/git_workspace/Flow/src/modules/flow/module.pre.o
                0x0800f050                I2C_ReceiveData
 .text.I2C_ReadRegister
                0x0800f058       0x18 /home/mmo/git_workspace/Flow/Build/px4flow-v1_default.build//home/mmo/git_workspace/Flow/src/modules/flow/module.pre.o
                0x0800f058                I2C_ReadRegister
 .text.I2C_ITConfig
                0x0800f070       0x14 /home/mmo/git_workspace/Flow/Build/px4flow-v1_default.build//home/mmo/git_workspace/Flow/src/modules/flow/module.pre.o
                0x0800f070                I2C_ITConfig
 .text.I2C_CheckEvent
                0x0800f084       0x1c /home/mmo/git_workspace/Flow/Build/px4flow-v1_default.build//home/mmo/git_workspace/Flow/src/modules/flow/module.pre.o
                0x0800f084                I2C_CheckEvent
 .text.I2C_GetITStatus
                0x0800f0a0       0x1c /home/mmo/git_workspace/Flow/Build/px4flow-v1_default.build//home/mmo/git_workspace/Flow/src/modules/flow/module.pre.o
                0x0800f0a0                I2C_GetITStatus
 .text.I2C_ClearITPendingBit
                0x0800f0bc        0x8 /home/mmo/git_workspace/Flow/Build/px4flow-v1_default.build//home/mmo/git_workspace/Flow/src/modules/flow/module.pre.o
                0x0800f0bc                I2C_ClearITPendingBit
 .text.TIM_TimeBaseInit
                0x0800f0c4       0x9c /home/mmo/git_workspace/Flow/Build/px4flow-v1_default.build//home/mmo/git_workspace/Flow/src/modules/flow/module.pre.o
                0x0800f0c4                TIM_TimeBaseInit
 .text.TIM_ARRPreloadConfig
                0x0800f160       0x1c /home/mmo/git_workspace/Flow/Build/px4flow-v1_default.build//home/mmo/git_workspace/Flow/src/modules/flow/module.pre.o
                0x0800f160                TIM_ARRPreloadConfig
 .text.TIM_Cmd  0x0800f17c       0x1c /home/mmo/git_workspace/Flow/Build/px4flow-v1_default.build//home/mmo/git_workspace/Flow/src/modules/flow/module.pre.o
                0x0800f17c                TIM_Cmd
 .text.TIM_OC3Init
                0x0800f198       0x90 /home/mmo/git_workspace/Flow/Build/px4flow-v1_default.build//home/mmo/git_workspace/Flow/src/modules/flow/module.pre.o
                0x0800f198                TIM_OC3Init
 .text.TIM_OC3PreloadConfig
                0x0800f228       0x10 /home/mmo/git_workspace/Flow/Build/px4flow-v1_default.build//home/mmo/git_workspace/Flow/src/modules/flow/module.pre.o
                0x0800f228                TIM_OC3PreloadConfig
 .text.SPI_Init
                0x0800f238       0x50 /home/mmo/git_workspace/Flow/Build/px4flow-v1_default.build//home/mmo/git_workspace/Flow/src/modules/flow/module.pre.o
                0x0800f238                SPI_Init
 .text.SPI_Cmd  0x0800f288       0x1c /home/mmo/git_workspace/Flow/Build/px4flow-v1_default.build//home/mmo/git_workspace/Flow/src/modules/flow/module.pre.o
                0x0800f288                SPI_Cmd
 .text.SPI_I2S_ReceiveData
                0x0800f2a4        0x8 /home/mmo/git_workspace/Flow/Build/px4flow-v1_default.build//home/mmo/git_workspace/Flow/src/modules/flow/module.pre.o
                0x0800f2a4                SPI_I2S_ReceiveData
 .text.SPI_I2S_SendData
                0x0800f2ac        0x4 /home/mmo/git_workspace/Flow/Build/px4flow-v1_default.build//home/mmo/git_workspace/Flow/src/modules/flow/module.pre.o
                0x0800f2ac                SPI_I2S_SendData
 .text.SPI_I2S_GetFlagStatus
                0x0800f2b0        0xc /home/mmo/git_workspace/Flow/Build/px4flow-v1_default.build//home/mmo/git_workspace/Flow/src/modules/flow/module.pre.o
                0x0800f2b0                SPI_I2S_GetFlagStatus
 .text.USART_Init
                0x0800f2bc       0xc4 /home/mmo/git_workspace/Flow/Build/px4flow-v1_default.build//home/mmo/git_workspace/Flow/src/modules/flow/module.pre.o
                0x0800f2bc                USART_Init
 .text.USART_Cmd
                0x0800f380       0x1c /home/mmo/git_workspace/Flow/Build/px4flow-v1_default.build//home/mmo/git_workspace/Flow/src/modules/flow/module.pre.o
                0x0800f380                USART_Cmd
 .text.USART_SendData
                0x0800f39c        0x8 /home/mmo/git_workspace/Flow/Build/px4flow-v1_default.build//home/mmo/git_workspace/Flow/src/modules/flow/module.pre.o
                0x0800f39c                USART_SendData
 .text.USART_ReceiveData
                0x0800f3a4        0x8 /home/mmo/git_workspace/Flow/Build/px4flow-v1_default.build//home/mmo/git_workspace/Flow/src/modules/flow/module.pre.o
                0x0800f3a4                USART_ReceiveData
 .text.USART_ITConfig
                0x0800f3ac       0x3c /home/mmo/git_workspace/Flow/Build/px4flow-v1_default.build//home/mmo/git_workspace/Flow/src/modules/flow/module.pre.o
                0x0800f3ac                USART_ITConfig
 .text.USART_GetITStatus
                0x0800f3e8       0x4c /home/mmo/git_workspace/Flow/Build/px4flow-v1_default.build//home/mmo/git_workspace/Flow/src/modules/flow/module.pre.o
                0x0800f3e8                USART_GetITStatus
 .text.GPIO_Init
                0x0800f434       0xb0 /home/mmo/git_workspace/Flow/Build/px4flow-v1_default.build//home/mmo/git_workspace/Flow/src/modules/flow/module.pre.o
                0x0800f434                GPIO_Init
 .text.GPIO_ReadInputData
                0x0800f4e4        0x8 /home/mmo/git_workspace/Flow/Build/px4flow-v1_default.build//home/mmo/git_workspace/Flow/src/modules/flow/module.pre.o
                0x0800f4e4                GPIO_ReadInputData
 .text.GPIO_SetBits
                0x0800f4ec        0x4 /home/mmo/git_workspace/Flow/Build/px4flow-v1_default.build//home/mmo/git_workspace/Flow/src/modules/flow/module.pre.o
                0x0800f4ec                GPIO_SetBits
 .text.GPIO_ResetBits
                0x0800f4f0        0x4 /home/mmo/git_workspace/Flow/Build/px4flow-v1_default.build//home/mmo/git_workspace/Flow/src/modules/flow/module.pre.o
                0x0800f4f0                GPIO_ResetBits
 .text.GPIO_ToggleBits
                0x0800f4f4        0x8 /home/mmo/git_workspace/Flow/Build/px4flow-v1_default.build//home/mmo/git_workspace/Flow/src/modules/flow/module.pre.o
                0x0800f4f4                GPIO_ToggleBits
 .text.GPIO_PinAFConfig
                0x0800f4fc       0x28 /home/mmo/git_workspace/Flow/Build/px4flow-v1_default.build//home/mmo/git_workspace/Flow/src/modules/flow/module.pre.o
                0x0800f4fc                GPIO_PinAFConfig
 .text.USB_OTG_WritePacket
                0x0800f524       0x28 /home/mmo/git_workspace/Flow/Build/px4flow-v1_default.build//home/mmo/git_workspace/Flow/src/modules/flow/module.pre.o
                0x0800f524                USB_OTG_WritePacket
 .text.USB_OTG_ReadPacket
                0x0800f54c       0x28 /home/mmo/git_workspace/Flow/Build/px4flow-v1_default.build//home/mmo/git_workspace/Flow/src/modules/flow/module.pre.o
                0x0800f54c                USB_OTG_ReadPacket
 .text.USB_OTG_SelectCore
                0x0800f574      0x34c /home/mmo/git_workspace/Flow/Build/px4flow-v1_default.build//home/mmo/git_workspace/Flow/src/modules/flow/module.pre.o
                0x0800f574                USB_OTG_SelectCore
 .text.USB_OTG_CoreInit
                0x0800f8c0      0x13c /home/mmo/git_workspace/Flow/Build/px4flow-v1_default.build//home/mmo/git_workspace/Flow/src/modules/flow/module.pre.o
                0x0800f8c0                USB_OTG_CoreInit
 .text.USB_OTG_EnableGlobalInt
                0x0800f9fc       0x10 /home/mmo/git_workspace/Flow/Build/px4flow-v1_default.build//home/mmo/git_workspace/Flow/src/modules/flow/module.pre.o
                0x0800f9fc                USB_OTG_EnableGlobalInt
 .text.USB_OTG_DisableGlobalInt
                0x0800fa0c       0x10 /home/mmo/git_workspace/Flow/Build/px4flow-v1_default.build//home/mmo/git_workspace/Flow/src/modules/flow/module.pre.o
                0x0800fa0c                USB_OTG_DisableGlobalInt
 .text.USB_OTG_FlushTxFifo
                0x0800fa1c       0x50 /home/mmo/git_workspace/Flow/Build/px4flow-v1_default.build//home/mmo/git_workspace/Flow/src/modules/flow/module.pre.o
                0x0800fa1c                USB_OTG_FlushTxFifo
 .text.USB_OTG_SetCurrentMode
                0x0800fa6c       0x2c /home/mmo/git_workspace/Flow/Build/px4flow-v1_default.build//home/mmo/git_workspace/Flow/src/modules/flow/module.pre.o
                0x0800fa6c                USB_OTG_SetCurrentMode
 .text.USB_OTG_IsDeviceMode
                0x0800fa98       0x10 /home/mmo/git_workspace/Flow/Build/px4flow-v1_default.build//home/mmo/git_workspace/Flow/src/modules/flow/module.pre.o
                0x0800fa98                USB_OTG_IsDeviceMode
 .text.USB_OTG_ReadCoreItr
                0x0800faa8        0xc /home/mmo/git_workspace/Flow/Build/px4flow-v1_default.build//home/mmo/git_workspace/Flow/src/modules/flow/module.pre.o
                0x0800faa8                USB_OTG_ReadCoreItr
 .text.USB_OTG_CoreInitDev
                0x0800fab4      0x1c8 /home/mmo/git_workspace/Flow/Build/px4flow-v1_default.build//home/mmo/git_workspace/Flow/src/modules/flow/module.pre.o
                0x0800fab4                USB_OTG_CoreInitDev
 .text.USB_OTG_GetDeviceSpeed
                0x0800fc7c       0x20 /home/mmo/git_workspace/Flow/Build/px4flow-v1_default.build//home/mmo/git_workspace/Flow/src/modules/flow/module.pre.o
                0x0800fc7c                USB_OTG_GetDeviceSpeed
 .text.USB_OTG_EP0Activate
                0x0800fc9c       0x2c /home/mmo/git_workspace/Flow/Build/px4flow-v1_default.build//home/mmo/git_workspace/Flow/src/modules/flow/module.pre.o
                0x0800fc9c                USB_OTG_EP0Activate
 .text.USB_OTG_EPActivate
                0x0800fcc8       0x5c /home/mmo/git_workspace/Flow/Build/px4flow-v1_default.build//home/mmo/git_workspace/Flow/src/modules/flow/module.pre.o
                0x0800fcc8                USB_OTG_EPActivate
 .text.USB_OTG_EPDeactivate
                0x0800fd24       0x44 /home/mmo/git_workspace/Flow/Build/px4flow-v1_default.build//home/mmo/git_workspace/Flow/src/modules/flow/module.pre.o
                0x0800fd24                USB_OTG_EPDeactivate
 .text.USB_OTG_EPStartXfer
                0x0800fd68      0x13c /home/mmo/git_workspace/Flow/Build/px4flow-v1_default.build//home/mmo/git_workspace/Flow/src/modules/flow/module.pre.o
                0x0800fd68                USB_OTG_EPStartXfer
 .text.USB_OTG_EP0StartXfer
                0x0800fea4      0x104 /home/mmo/git_workspace/Flow/Build/px4flow-v1_default.build//home/mmo/git_workspace/Flow/src/modules/flow/module.pre.o
                0x0800fea4                USB_OTG_EP0StartXfer
 .text.USB_OTG_EPSetStall
                0x0800ffa8       0x30 /home/mmo/git_workspace/Flow/Build/px4flow-v1_default.build//home/mmo/git_workspace/Flow/src/modules/flow/module.pre.o
                0x0800ffa8                USB_OTG_EPSetStall
 .text.USB_OTG_EPClearStall
                0x0800ffd8       0x2c /home/mmo/git_workspace/Flow/Build/px4flow-v1_default.build//home/mmo/git_workspace/Flow/src/modules/flow/module.pre.o
                0x0800ffd8                USB_OTG_EPClearStall
 .text.USB_OTG_ReadDevAllOutEp_itr
                0x08010004        0xc /home/mmo/git_workspace/Flow/Build/px4flow-v1_default.build//home/mmo/git_workspace/Flow/src/modules/flow/module.pre.o
                0x08010004                USB_OTG_ReadDevAllOutEp_itr
 .text.USB_OTG_ReadDevOutEP_itr
                0x08010010       0x10 /home/mmo/git_workspace/Flow/Build/px4flow-v1_default.build//home/mmo/git_workspace/Flow/src/modules/flow/module.pre.o
                0x08010010                USB_OTG_ReadDevOutEP_itr
 .text.USB_OTG_ReadDevAllInEPItr
                0x08010020        0xc /home/mmo/git_workspace/Flow/Build/px4flow-v1_default.build//home/mmo/git_workspace/Flow/src/modules/flow/module.pre.o
                0x08010020                USB_OTG_ReadDevAllInEPItr
 .text.USB_OTG_EP0_OutStart
                0x0801002c       0x48 /home/mmo/git_workspace/Flow/Build/px4flow-v1_default.build//home/mmo/git_workspace/Flow/src/modules/flow/module.pre.o
                0x0801002c                USB_OTG_EP0_OutStart
 .text.USBD_OTG_ISR_Handler
                0x08010074      0x5e4 /home/mmo/git_workspace/Flow/Build/px4flow-v1_default.build//home/mmo/git_workspace/Flow/src/modules/flow/module.pre.o
                0x08010074                USBD_OTG_ISR_Handler
 .text.DCD_Init
                0x08010658      0x474 /home/mmo/git_workspace/Flow/Build/px4flow-v1_default.build//home/mmo/git_workspace/Flow/src/modules/flow/module.pre.o
                0x08010658                DCD_Init
 .text.DCD_EP_Open
                0x08010acc       0x60 /home/mmo/git_workspace/Flow/Build/px4flow-v1_default.build//home/mmo/git_workspace/Flow/src/modules/flow/module.pre.o
                0x08010acc                DCD_EP_Open
 .text.DCD_EP_Close
                0x08010b2c       0x38 /home/mmo/git_workspace/Flow/Build/px4flow-v1_default.build//home/mmo/git_workspace/Flow/src/modules/flow/module.pre.o
                0x08010b2c                DCD_EP_Close
 .text.DCD_EP_PrepareRx
                0x08010b64       0x50 /home/mmo/git_workspace/Flow/Build/px4flow-v1_default.build//home/mmo/git_workspace/Flow/src/modules/flow/module.pre.o
                0x08010b64                DCD_EP_PrepareRx
 .text.DCD_EP_Tx
                0x08010bb4       0x4c /home/mmo/git_workspace/Flow/Build/px4flow-v1_default.build//home/mmo/git_workspace/Flow/src/modules/flow/module.pre.o
                0x08010bb4                DCD_EP_Tx
 .text.DCD_EP_Stall
                0x08010c00       0x3c /home/mmo/git_workspace/Flow/Build/px4flow-v1_default.build//home/mmo/git_workspace/Flow/src/modules/flow/module.pre.o
                0x08010c00                DCD_EP_Stall
 .text.DCD_EP_ClrStall
                0x08010c3c       0x3c /home/mmo/git_workspace/Flow/Build/px4flow-v1_default.build//home/mmo/git_workspace/Flow/src/modules/flow/module.pre.o
                0x08010c3c                DCD_EP_ClrStall
 .text.DCD_EP_SetAddress
                0x08010c78       0x10 /home/mmo/git_workspace/Flow/Build/px4flow-v1_default.build//home/mmo/git_workspace/Flow/src/modules/flow/module.pre.o
                0x08010c78                DCD_EP_SetAddress
 .text.USBD_Resume
                0x08010c88       0x18 /home/mmo/git_workspace/Flow/Build/px4flow-v1_default.build//home/mmo/git_workspace/Flow/src/modules/flow/module.pre.o
 .text.USBD_Suspend
                0x08010ca0       0x1c /home/mmo/git_workspace/Flow/Build/px4flow-v1_default.build//home/mmo/git_workspace/Flow/src/modules/flow/module.pre.o
 .text.USBD_SOF
                0x08010cbc       0x10 /home/mmo/git_workspace/Flow/Build/px4flow-v1_default.build//home/mmo/git_workspace/Flow/src/modules/flow/module.pre.o
 .text.USBD_IsoINIncomplete
                0x08010ccc       0x10 /home/mmo/git_workspace/Flow/Build/px4flow-v1_default.build//home/mmo/git_workspace/Flow/src/modules/flow/module.pre.o
 .text.USBD_IsoOUTIncomplete
                0x08010cdc       0x10 /home/mmo/git_workspace/Flow/Build/px4flow-v1_default.build//home/mmo/git_workspace/Flow/src/modules/flow/module.pre.o
 .text.USBD_DevConnected
                0x08010cec       0x18 /home/mmo/git_workspace/Flow/Build/px4flow-v1_default.build//home/mmo/git_workspace/Flow/src/modules/flow/module.pre.o
 .text.USBD_DevDisconnected
                0x08010d04       0x20 /home/mmo/git_workspace/Flow/Build/px4flow-v1_default.build//home/mmo/git_workspace/Flow/src/modules/flow/module.pre.o
 .text.USBD_Reset
                0x08010d24       0x30 /home/mmo/git_workspace/Flow/Build/px4flow-v1_default.build//home/mmo/git_workspace/Flow/src/modules/flow/module.pre.o
 .text.USBD_SetupStage
                0x08010d54       0x58 /home/mmo/git_workspace/Flow/Build/px4flow-v1_default.build//home/mmo/git_workspace/Flow/src/modules/flow/module.pre.o
 .text.USBD_DataInStage
                0x08010dac       0xb8 /home/mmo/git_workspace/Flow/Build/px4flow-v1_default.build//home/mmo/git_workspace/Flow/src/modules/flow/module.pre.o
 .text.USBD_DataOutStage
                0x08010e64       0x78 /home/mmo/git_workspace/Flow/Build/px4flow-v1_default.build//home/mmo/git_workspace/Flow/src/modules/flow/module.pre.o
 .text.USBD_Init
                0x08010edc       0x38 /home/mmo/git_workspace/Flow/Build/px4flow-v1_default.build//home/mmo/git_workspace/Flow/src/modules/flow/module.pre.o
                0x08010edc                USBD_Init
 .text.USBD_SetCfg
                0x08010f14       0x18 /home/mmo/git_workspace/Flow/Build/px4flow-v1_default.build//home/mmo/git_workspace/Flow/src/modules/flow/module.pre.o
                0x08010f14                USBD_SetCfg
 .text.USBD_ClrCfg
                0x08010f2c       0x10 /home/mmo/git_workspace/Flow/Build/px4flow-v1_default.build//home/mmo/git_workspace/Flow/src/modules/flow/module.pre.o
                0x08010f2c                USBD_ClrCfg
 .text.USBD_StdDevReq
                0x08010f3c      0x2f4 /home/mmo/git_workspace/Flow/Build/px4flow-v1_default.build//home/mmo/git_workspace/Flow/src/modules/flow/module.pre.o
                0x08010f3c                USBD_StdDevReq
 .text.USBD_StdItfReq
                0x08011230       0x44 /home/mmo/git_workspace/Flow/Build/px4flow-v1_default.build//home/mmo/git_workspace/Flow/src/modules/flow/module.pre.o
                0x08011230                USBD_StdItfReq
 .text.USBD_StdEPReq
                0x08011274       0xd4 /home/mmo/git_workspace/Flow/Build/px4flow-v1_default.build//home/mmo/git_workspace/Flow/src/modules/flow/module.pre.o
                0x08011274                USBD_StdEPReq
 .text.USBD_ParseSetupRequest
                0x08011348       0x44 /home/mmo/git_workspace/Flow/Build/px4flow-v1_default.build//home/mmo/git_workspace/Flow/src/modules/flow/module.pre.o
                0x08011348                USBD_ParseSetupRequest
 .text.USBD_CtlError
                0x0801138c       0x1c /home/mmo/git_workspace/Flow/Build/px4flow-v1_default.build//home/mmo/git_workspace/Flow/src/modules/flow/module.pre.o
                0x0801138c                USBD_CtlError
 .text.USBD_GetString
                0x080113a8       0x4c /home/mmo/git_workspace/Flow/Build/px4flow-v1_default.build//home/mmo/git_workspace/Flow/src/modules/flow/module.pre.o
                0x080113a8                USBD_GetString
 .text.USBD_CtlSendData
                0x080113f4       0x20 /home/mmo/git_workspace/Flow/Build/px4flow-v1_default.build//home/mmo/git_workspace/Flow/src/modules/flow/module.pre.o
                0x080113f4                USBD_CtlSendData
 .text.USBD_CtlContinueSendData
                0x08011414       0x10 /home/mmo/git_workspace/Flow/Build/px4flow-v1_default.build//home/mmo/git_workspace/Flow/src/modules/flow/module.pre.o
                0x08011414                USBD_CtlContinueSendData
 .text.USBD_CtlPrepareRx
                0x08011424       0x20 /home/mmo/git_workspace/Flow/Build/px4flow-v1_default.build//home/mmo/git_workspace/Flow/src/modules/flow/module.pre.o
                0x08011424                USBD_CtlPrepareRx
 .text.USBD_CtlContinueRx
                0x08011444       0x10 /home/mmo/git_workspace/Flow/Build/px4flow-v1_default.build//home/mmo/git_workspace/Flow/src/modules/flow/module.pre.o
                0x08011444                USBD_CtlContinueRx
 .text.USBD_CtlSendStatus
                0x08011454       0x20 /home/mmo/git_workspace/Flow/Build/px4flow-v1_default.build//home/mmo/git_workspace/Flow/src/modules/flow/module.pre.o
                0x08011454                USBD_CtlSendStatus
 .text.USBD_CtlReceiveStatus
                0x08011474       0x20 /home/mmo/git_workspace/Flow/Build/px4flow-v1_default.build//home/mmo/git_workspace/Flow/src/modules/flow/module.pre.o
                0x08011474                USBD_CtlReceiveStatus
 .text.usbd_cdc_EP0_RxReady
                0x08011494       0x30 /home/mmo/git_workspace/Flow/Build/px4flow-v1_default.build//home/mmo/git_workspace/Flow/src/modules/flow/module.pre.o
 .text.USBD_cdc_GetCfgDesc
                0x080114c4        0xc /home/mmo/git_workspace/Flow/Build/px4flow-v1_default.build//home/mmo/git_workspace/Flow/src/modules/flow/module.pre.o
 .text.usbd_cdc_SOF
                0x080114d0       0x94 /home/mmo/git_workspace/Flow/Build/px4flow-v1_default.build//home/mmo/git_workspace/Flow/src/modules/flow/module.pre.o
 .text.usbd_cdc_DataOut
                0x08011564       0x34 /home/mmo/git_workspace/Flow/Build/px4flow-v1_default.build//home/mmo/git_workspace/Flow/src/modules/flow/module.pre.o
 .text.usbd_cdc_Setup
                0x08011598       0xcc /home/mmo/git_workspace/Flow/Build/px4flow-v1_default.build//home/mmo/git_workspace/Flow/src/modules/flow/module.pre.o
 .text.usbd_cdc_DeInit
                0x08011664       0x28 /home/mmo/git_workspace/Flow/Build/px4flow-v1_default.build//home/mmo/git_workspace/Flow/src/modules/flow/module.pre.o
 .text.usbd_cdc_Init
                0x0801168c       0x54 /home/mmo/git_workspace/Flow/Build/px4flow-v1_default.build//home/mmo/git_workspace/Flow/src/modules/flow/module.pre.o
 .text.usbd_cdc_DataIn
                0x080116e0       0x58 /home/mmo/git_workspace/Flow/Build/px4flow-v1_default.build//home/mmo/git_workspace/Flow/src/modules/flow/module.pre.o
 .text.fmu_comm_init
                0x08011738      0x180 /home/mmo/git_workspace/Flow/Build/px4flow-v1_default.build//home/mmo/git_workspace/Flow/src/modules/i2c_slave/module.pre.o
                0x08011738                fmu_comm_init
 .text.fmu_comm_run
                0x080118b8        0x4 /home/mmo/git_workspace/Flow/Build/px4flow-v1_default.build//home/mmo/git_workspace/Flow/src/modules/i2c_slave/module.pre.o
                0x080118b8                fmu_comm_run
 .text.I2C1_EV_IRQHandler
                0x080118bc      0x150 /home/mmo/git_workspace/Flow/Build/px4flow-v1_default.build//home/mmo/git_workspace/Flow/src/modules/i2c_slave/module.pre.o
                0x080118bc                I2C1_EV_IRQHandler
 .text.I2C1_ER_IRQHandler
                0x08011a0c       0x20 /home/mmo/git_workspace/Flow/Build/px4flow-v1_default.build//home/mmo/git_workspace/Flow/src/modules/i2c_slave/module.pre.o
                0x08011a0c                I2C1_ER_IRQHandler
 .text.fmu_comm_update
                0x08011a2c       0xf8 /home/mmo/git_workspace/Flow/Build/px4flow-v1_default.build//home/mmo/git_workspace/Flow/src/modules/i2c_slave/module.pre.o
                0x08011a2c                fmu_comm_update
 .text.__libc_init_array
                0x08011b24       0x4c /home/mmo/git_workspace/Flow/Build/px4flow-v1_default.build//home/mmo/git_workspace/Flow/src/modules/libc/module.pre.o
                0x08011b24                __libc_init_array
 .text.memcpy   0x08011b70       0x8c /home/mmo/git_workspace/Flow/Build/px4flow-v1_default.build//home/mmo/git_workspace/Flow/src/modules/libc/module.pre.o
                0x08011b70                memcpy
 .text.memset   0x08011bfc       0x80 /home/mmo/git_workspace/Flow/Build/px4flow-v1_default.build//home/mmo/git_workspace/Flow/src/modules/libc/module.pre.o
                0x08011bfc                memset
 .text.lib_skipspace
                0x08011c7c       0x20 /home/mmo/git_workspace/Flow/Build/px4flow-v1_default.build//home/mmo/git_workspace/Flow/src/modules/libc/module.pre.o
                0x08011c7c                lib_skipspace
 .text.lib_isbasedigit
                0x08011c9c       0x50 /home/mmo/git_workspace/Flow/Build/px4flow-v1_default.build//home/mmo/git_workspace/Flow/src/modules/libc/module.pre.o
                0x08011c9c                lib_isbasedigit
 .text.strtol   0x08011cec       0x44 /home/mmo/git_workspace/Flow/Build/px4flow-v1_default.build//home/mmo/git_workspace/Flow/src/modules/libc/module.pre.o
                0x08011cec                strtol
 .text.strtoul  0x08011d30       0x50 /home/mmo/git_workspace/Flow/Build/px4flow-v1_default.build//home/mmo/git_workspace/Flow/src/modules/libc/module.pre.o
                0x08011d30                strtoul
 .text.lib_checkbase
                0x08011d80       0x54 /home/mmo/git_workspace/Flow/Build/px4flow-v1_default.build//home/mmo/git_workspace/Flow/src/modules/libc/module.pre.o
                0x08011d80                lib_checkbase
 .text.qsort    0x08011dd4      0xb28 /home/mmo/git_workspace/Flow/Build/px4flow-v1_default.build//home/mmo/git_workspace/Flow/src/modules/libc/module.pre.o
                0x08011dd4                qsort
 .text.distance_trigger
                0x080128fc       0x10 /home/mmo/git_workspace/Flow/Build/px4flow-v1_default.build//home/mmo/git_workspace/Flow/src/modules/sonar/module.pre.o
                0x080128fc                distance_trigger
 .text.distance_readback
                0x0801290c        0x4 /home/mmo/git_workspace/Flow/Build/px4flow-v1_default.build//home/mmo/git_workspace/Flow/src/modules/sonar/module.pre.o
                0x0801290c                distance_readback
 .text.UART4_IRQHandler
                0x08012910      0x15c /home/mmo/git_workspace/Flow/Build/px4flow-v1_default.build//home/mmo/git_workspace/Flow/src/modules/sonar/module.pre.o
                0x08012910                UART4_IRQHandler
 .text.distance_read
                0x08012a6c       0xf0 /home/mmo/git_workspace/Flow/Build/px4flow-v1_default.build//home/mmo/git_workspace/Flow/src/modules/sonar/module.pre.o
                0x08012a6c                distance_read
 .text.distance_init
                0x08012b5c       0xe0 /home/mmo/git_workspace/Flow/Build/px4flow-v1_default.build//home/mmo/git_workspace/Flow/src/modules/sonar/module.pre.o
                0x08012b5c                distance_init
 .text.get_distance_measure_time
                0x08012c3c        0xc /home/mmo/git_workspace/Flow/Build/px4flow-v1_default.build//home/mmo/git_workspace/Flow/src/modules/sonar/module.pre.o
                0x08012c3c                get_distance_measure_time
 .text.floor    0x08012c48      0x120 /opt/gcc-arm-none-eabi-4_9-2015q3/bin/../lib/gcc/arm-none-eabi/4.9.3/../../../../arm-none-eabi/lib/armv7e-m/fpu/libm.a(lib_a-s_floor.o)
                0x08012c48                floor
 .text.floorf   0x08012d68       0x90 /opt/gcc-arm-none-eabi-4_9-2015q3/bin/../lib/gcc/arm-none-eabi/4.9.3/../../../../arm-none-eabi/lib/armv7e-m/fpu/libm.a(lib_a-sf_floor.o)
                0x08012d68                floorf
 .text.__fpclassifyf
                0x08012df8       0x38 /opt/gcc-arm-none-eabi-4_9-2015q3/bin/../lib/gcc/arm-none-eabi/4.9.3/../../../../arm-none-eabi/lib/armv7e-m/fpu/libm.a(lib_a-sf_fpclassify.o)
                0x08012df8                __fpclassifyf
 *(.rodata)
 *(.rodata*)
 .rodata.LED_GPIO_CLKS
                0x08012e30        0xc /home/mmo/git_workspace/Flow/Build/px4flow-v1_default.build//home/mmo/git_workspace/Flow/src/drivers/boards/px4flow-v1/module.pre.o
                0x08012e30                LED_GPIO_CLKS
 .rodata.LED_GPIO_PINS
                0x08012e3c        0x6 /home/mmo/git_workspace/Flow/Build/px4flow-v1_default.build//home/mmo/git_workspace/Flow/src/drivers/boards/px4flow-v1/module.pre.o
                0x08012e3c                LED_GPIO_PINS
 *fill*         0x08012e42        0x2 
 .rodata.str1.4
                0x08012e44      0x308 /home/mmo/git_workspace/Flow/Build/px4flow-v1_default.build//home/mmo/git_workspace/Flow/src/modules/flow/module.pre.o
                                0x306 (size before relaxing)
 .rodata.mavlink_message_crcs.5701
                0x0801314c      0x100 /home/mmo/git_workspace/Flow/Build/px4flow-v1_default.build//home/mmo/git_workspace/Flow/src/modules/flow/module.pre.o
 .rodata.dcmi_transport_interface
                0x0801324c       0x10 /home/mmo/git_workspace/Flow/Build/px4flow-v1_default.build//home/mmo/git_workspace/Flow/src/modules/flow/module.pre.o
                0x0801324c                dcmi_transport_interface
 .rodata.mt9v034_sensor_interface
                0x0801325c       0x24 /home/mmo/git_workspace/Flow/Build/px4flow-v1_default.build//home/mmo/git_workspace/Flow/src/modules/flow/module.pre.o
                0x0801325c                mt9v034_sensor_interface
 .rodata.scaling_factors
                0x08013280        0xc /home/mmo/git_workspace/Flow/Build/px4flow-v1_default.build//home/mmo/git_workspace/Flow/src/modules/flow/module.pre.o
 *(.glue_7)
 .glue_7        0x00000000        0x0 linker stubs
 *(.glue_7t)
 .glue_7t       0x00000000        0x0 linker stubs
 *(.eh_frame)
 *(.init)
 *(.fini)
                0x0801328c                . = ALIGN (0x4)
                0x0801328c                _etext = .
                0x0801328c                _exit = .

.vfp11_veneer   0x0801328c        0x0
 .vfp11_veneer  0x00000000        0x0 linker stubs

.v4_bx          0x0801328c        0x0
 .v4_bx         0x00000000        0x0 linker stubs

.iplt           0x0801328c        0x0
 .iplt          0x00000000        0x0 /home/mmo/git_workspace/Flow/Build/px4flow-v1_default.build//home/mmo/git_workspace/Flow/Build/px4flow-v1_default.build/empty.c.o

.rel.dyn        0x0801328c        0x0
 .rel.iplt      0x00000000        0x0 /home/mmo/git_workspace/Flow/Build/px4flow-v1_default.build//home/mmo/git_workspace/Flow/Build/px4flow-v1_default.build/empty.c.o

.ARM.extab
 *(.ARM.extab* .gnu.linkonce.armextab.*)

.ARM            0x0801328c        0x0
                0x0801328c                __exidx_start = .
 *(.ARM.exidx*)
                0x0801328c                __exidx_end = .

.preinit_array  0x0801328c        0x0
                0x0801328c                PROVIDE (__preinit_array_start, .)
 *(.preinit_array*)
                0x0801328c                PROVIDE (__preinit_array_end, .)

.init_array     0x0801328c        0x0
                0x0801328c                PROVIDE (__init_array_start, .)
 *(SORT(.init_array.*))
 *(.init_array*)
                0x0801328c                PROVIDE (__init_array_end, .)

.fini_array     0x0801328c        0x0
                0x0801328c                PROVIDE (__fini_array_start, .)
 *(.fini_array*)
 *(SORT(.fini_array.*))
                0x0801328c                PROVIDE (__fini_array_end, .)
                0x0801328c                _sidata = .

.data           0x20000000     0x2140 load address 0x0801328c
                0x20000000                . = ALIGN (0x4)
                0x20000000                _sdata = .
 *(.data)
 *(.data*)
 .data.LED_GPIO_PORTS
                0x20000000        0xc /home/mmo/git_workspace/Flow/Build/px4flow-v1_default.build//home/mmo/git_workspace/Flow/src/drivers/boards/px4flow-v1/module.pre.o
                0x20000000                LED_GPIO_PORTS
 .data.SystemCoreClock
                0x2000000c        0x4 /home/mmo/git_workspace/Flow/Build/px4flow-v1_default.build//home/mmo/git_workspace/Flow/src/modules/flow/module.pre.o
                0x2000000c                SystemCoreClock
 .data.usart2_tx_counter_write
                0x20000010        0x4 /home/mmo/git_workspace/Flow/Build/px4flow-v1_default.build//home/mmo/git_workspace/Flow/src/modules/flow/module.pre.o
                0x20000010                usart2_tx_counter_write
 .data.usart3_tx_counter_write
                0x20000014        0x4 /home/mmo/git_workspace/Flow/Build/px4flow-v1_default.build//home/mmo/git_workspace/Flow/src/modules/flow/module.pre.o
                0x20000014                usart3_tx_counter_write
 .data.usart2_tx_buffer
                0x20000018     0x1000 /home/mmo/git_workspace/Flow/Build/px4flow-v1_default.build//home/mmo/git_workspace/Flow/src/modules/flow/module.pre.o
                0x20000018                usart2_tx_buffer
 .data.usart3_tx_buffer
                0x20001018     0x1000 /home/mmo/git_workspace/Flow/Build/px4flow-v1_default.build//home/mmo/git_workspace/Flow/src/modules/flow/module.pre.o
                0x20001018                usart3_tx_buffer
 .data.VCP_fops
                0x20002018       0x14 /home/mmo/git_workspace/Flow/Build/px4flow-v1_default.build//home/mmo/git_workspace/Flow/src/modules/flow/module.pre.o
                0x20002018                VCP_fops
 .data.linecoding
                0x2000202c        0x8 /home/mmo/git_workspace/Flow/Build/px4flow-v1_default.build//home/mmo/git_workspace/Flow/src/modules/flow/module.pre.o
                0x2000202c                linecoding
 .data.USR_desc
                0x20002034       0x1c /home/mmo/git_workspace/Flow/Build/px4flow-v1_default.build//home/mmo/git_workspace/Flow/src/modules/flow/module.pre.o
                0x20002034                USR_desc
 .data.USBD_LangIDDesc
                0x20002050        0x4 /home/mmo/git_workspace/Flow/Build/px4flow-v1_default.build//home/mmo/git_workspace/Flow/src/modules/flow/module.pre.o
                0x20002050                USBD_LangIDDesc
 .data.USBD_DeviceDesc
                0x20002054       0x12 /home/mmo/git_workspace/Flow/Build/px4flow-v1_default.build//home/mmo/git_workspace/Flow/src/modules/flow/module.pre.o
                0x20002054                USBD_DeviceDesc
 *fill*         0x20002066        0x2 
 .data.USR_cb   0x20002068       0x1c /home/mmo/git_workspace/Flow/Build/px4flow-v1_default.build//home/mmo/git_workspace/Flow/src/modules/flow/module.pre.o
                0x20002068                USR_cb
 .data.boot_time_us_base
                0x20002084        0x4 /home/mmo/git_workspace/Flow/Build/px4flow-v1_default.build//home/mmo/git_workspace/Flow/src/modules/flow/module.pre.o
                0x20002084                boot_time_us_base
 .data.APBAHBPrescTable
                0x20002088       0x10 /home/mmo/git_workspace/Flow/Build/px4flow-v1_default.build//home/mmo/git_workspace/Flow/src/modules/flow/module.pre.o
 .data.USBD_DCD_INT_fops
                0x20002098        0x4 /home/mmo/git_workspace/Flow/Build/px4flow-v1_default.build//home/mmo/git_workspace/Flow/src/modules/flow/module.pre.o
                0x20002098                USBD_DCD_INT_fops
 .data.USBD_DCD_INT_cb
                0x2000209c       0x2c /home/mmo/git_workspace/Flow/Build/px4flow-v1_default.build//home/mmo/git_workspace/Flow/src/modules/flow/module.pre.o
                0x2000209c                USBD_DCD_INT_cb
 .data.cdcCmd   0x200020c8        0x4 /home/mmo/git_workspace/Flow/Build/px4flow-v1_default.build//home/mmo/git_workspace/Flow/src/modules/flow/module.pre.o
 .data.USBD_CDC_cb
                0x200020cc       0x2c /home/mmo/git_workspace/Flow/Build/px4flow-v1_default.build//home/mmo/git_workspace/Flow/src/modules/flow/module.pre.o
                0x200020cc                USBD_CDC_cb
 .data.usbd_cdc_CfgDesc
                0x200020f8       0x43 /home/mmo/git_workspace/Flow/Build/px4flow-v1_default.build//home/mmo/git_workspace/Flow/src/modules/flow/module.pre.o
                0x200020f8                usbd_cdc_CfgDesc
 .data.notpublishedIndexFrame1
                0x2000213b        0x1 /home/mmo/git_workspace/Flow/Build/px4flow-v1_default.build//home/mmo/git_workspace/Flow/src/modules/i2c_slave/module.pre.o
                0x2000213b                notpublishedIndexFrame1
 .data.notpublishedIndexFrame2
                0x2000213c        0x1 /home/mmo/git_workspace/Flow/Build/px4flow-v1_default.build//home/mmo/git_workspace/Flow/src/modules/i2c_slave/module.pre.o
                0x2000213c                notpublishedIndexFrame2
 .data.readout_done_frame1
                0x2000213d        0x1 /home/mmo/git_workspace/Flow/Build/px4flow-v1_default.build//home/mmo/git_workspace/Flow/src/modules/i2c_slave/module.pre.o
                0x2000213d                readout_done_frame1
 .data.readout_done_frame2
                0x2000213e        0x1 /home/mmo/git_workspace/Flow/Build/px4flow-v1_default.build//home/mmo/git_workspace/Flow/src/modules/i2c_slave/module.pre.o
                0x2000213e                readout_done_frame2
                0x20002140                . = ALIGN (0x4)
 *fill*         0x2000213f        0x1 
                0x20002140                _edata = .

.igot.plt       0x20002140        0x0 load address 0x080153cc
 .igot.plt      0x00000000        0x0 /home/mmo/git_workspace/Flow/Build/px4flow-v1_default.build//home/mmo/git_workspace/Flow/Build/px4flow-v1_default.build/empty.c.o
                0x20002140                . = ALIGN (0x4)

.bss            0x20002140     0xbe94 load address 0x080153cc
                0x20002140                _sbss = .
                0x20002140                __bss_start__ = _sbss
 *(.bss)
 *(.bss*)
 .bss.mavlink_accumulator
                0x20002140       0x4c /home/mmo/git_workspace/Flow/Build/px4flow-v1_default.build//home/mmo/git_workspace/Flow/src/modules/flow/module.pre.o
                0x20002140                mavlink_accumulator
 .bss.img_stream_param
                0x2000218c        0x6 /home/mmo/git_workspace/Flow/Build/px4flow-v1_default.build//home/mmo/git_workspace/Flow/src/modules/flow/module.pre.o
 *fill*         0x20002192        0x2 
 .bss.last_frame_index
                0x20002194        0x4 /home/mmo/git_workspace/Flow/Build/px4flow-v1_default.build//home/mmo/git_workspace/Flow/src/modules/flow/module.pre.o
                0x20002194                last_frame_index
 .bss.cam_ctx   0x20002198      0x194 /home/mmo/git_workspace/Flow/Build/px4flow-v1_default.build//home/mmo/git_workspace/Flow/src/modules/flow/module.pre.o
 .bss.fps_timing_start
                0x2000232c        0x4 /home/mmo/git_workspace/Flow/Build/px4flow-v1_default.build//home/mmo/git_workspace/Flow/src/modules/flow/module.pre.o
                0x2000232c                fps_timing_start
 .bss.state.22677
                0x20002330        0x1 /home/mmo/git_workspace/Flow/Build/px4flow-v1_default.build//home/mmo/git_workspace/Flow/src/modules/flow/module.pre.o
 *fill*         0x20002331        0x1 
 .bss.fps_counter
                0x20002332        0x2 /home/mmo/git_workspace/Flow/Build/px4flow-v1_default.build//home/mmo/git_workspace/Flow/src/modules/flow/module.pre.o
                0x20002332                fps_counter
 .bss.previous_image
                0x20002334        0x4 /home/mmo/git_workspace/Flow/Build/px4flow-v1_default.build//home/mmo/git_workspace/Flow/src/modules/flow/module.pre.o
                0x20002334                previous_image
 .bss.last_processed_frame_timestamp
                0x20002338        0x4 /home/mmo/git_workspace/Flow/Build/px4flow-v1_default.build//home/mmo/git_workspace/Flow/src/modules/flow/module.pre.o
                0x20002338                last_processed_frame_timestamp
 .bss.USB_OTG_dev
                0x2000233c      0x5f4 /home/mmo/git_workspace/Flow/Build/px4flow-v1_default.build//home/mmo/git_workspace/Flow/src/modules/flow/module.pre.o
                0x2000233c                USB_OTG_dev
 .bss.fps_skipped_counter
                0x20002930        0x2 /home/mmo/git_workspace/Flow/Build/px4flow-v1_default.build//home/mmo/git_workspace/Flow/src/modules/flow/module.pre.o
                0x20002930                fps_skipped_counter
 *fill*         0x20002932        0x2 
 .bss.counter   0x20002934        0x4 /home/mmo/git_workspace/Flow/Build/px4flow-v1_default.build//home/mmo/git_workspace/Flow/src/modules/flow/module.pre.o
                0x20002934                counter
 .bss.global_data
                0x20002938      0x3c8 /home/mmo/git_workspace/Flow/Build/px4flow-v1_default.build//home/mmo/git_workspace/Flow/src/modules/flow/module.pre.o
                0x20002938                global_data
 .bss.m_mavlink_buffer.17449
                0x20002d00      0x440 /home/mmo/git_workspace/Flow/Build/px4flow-v1_default.build//home/mmo/git_workspace/Flow/src/modules/flow/module.pre.o
 .bss.mavlink_system
                0x20003140        0x9 /home/mmo/git_workspace/Flow/Build/px4flow-v1_default.build//home/mmo/git_workspace/Flow/src/modules/flow/module.pre.o
                0x20003140                mavlink_system
 *fill*         0x20003149        0x3 
 .bss.m_mavlink_status.17445
                0x2000314c       0x30 /home/mmo/git_workspace/Flow/Build/px4flow-v1_default.build//home/mmo/git_workspace/Flow/src/modules/flow/module.pre.o
 .bss.m_parameter_i
                0x2000317c        0x4 /home/mmo/git_workspace/Flow/Build/px4flow-v1_default.build//home/mmo/git_workspace/Flow/src/modules/flow/module.pre.o
 .bss.ctr.18655
                0x20003180        0x4 /home/mmo/git_workspace/Flow/Build/px4flow-v1_default.build//home/mmo/git_workspace/Flow/src/modules/flow/module.pre.o
 .bss.Jx        0x20003184       0xc4 /home/mmo/git_workspace/Flow/Build/px4flow-v1_default.build//home/mmo/git_workspace/Flow/src/modules/flow/module.pre.o
                0x20003184                Jx
 .bss.Jy        0x20003248       0xc4 /home/mmo/git_workspace/Flow/Build/px4flow-v1_default.build//home/mmo/git_workspace/Flow/src/modules/flow/module.pre.o
                0x20003248                Jy
 .bss.dcmi_dma_buffer_2
                0x2000330c      0x400 /home/mmo/git_workspace/Flow/Build/px4flow-v1_default.build//home/mmo/git_workspace/Flow/src/modules/flow/module.pre.o
                0x2000330c                dcmi_dma_buffer_2
 .bss.dcmi_ctx  0x2000370c       0x14 /home/mmo/git_workspace/Flow/Build/px4flow-v1_default.build//home/mmo/git_workspace/Flow/src/modules/flow/module.pre.o
 .bss.dcmi_dma_buffer_1
                0x20003720      0x400 /home/mmo/git_workspace/Flow/Build/px4flow-v1_default.build//home/mmo/git_workspace/Flow/src/modules/flow/module.pre.o
                0x20003720                dcmi_dma_buffer_1
 .bss.mt9v034_ctx
                0x20003b20       0x60 /home/mmo/git_workspace/Flow/Build/px4flow-v1_default.build//home/mmo/git_workspace/Flow/src/modules/flow/module.pre.o
 .bss.z_rate_offset
                0x20003b80        0x4 /home/mmo/git_workspace/Flow/Build/px4flow-v1_default.build//home/mmo/git_workspace/Flow/src/modules/flow/module.pre.o
                0x20003b80                z_rate_offset
 .bss.gyro_scale
                0x20003b84        0x4 /home/mmo/git_workspace/Flow/Build/px4flow-v1_default.build//home/mmo/git_workspace/Flow/src/modules/flow/module.pre.o
                0x20003b84                gyro_scale
 .bss.y_rate_offset
                0x20003b88        0x4 /home/mmo/git_workspace/Flow/Build/px4flow-v1_default.build//home/mmo/git_workspace/Flow/src/modules/flow/module.pre.o
                0x20003b88                y_rate_offset
 .bss.sensor_range
                0x20003b8c        0x4 /home/mmo/git_workspace/Flow/Build/px4flow-v1_default.build//home/mmo/git_workspace/Flow/src/modules/flow/module.pre.o
 .bss.x_rate_offset
                0x20003b90        0x4 /home/mmo/git_workspace/Flow/Build/px4flow-v1_default.build//home/mmo/git_workspace/Flow/src/modules/flow/module.pre.o
                0x20003b90                x_rate_offset
 .bss.usart3_tx_counter_read
                0x20003b94        0x4 /home/mmo/git_workspace/Flow/Build/px4flow-v1_default.build//home/mmo/git_workspace/Flow/src/modules/flow/module.pre.o
                0x20003b94                usart3_tx_counter_read
 .bss.usart2_rx_counter_write
                0x20003b98        0x4 /home/mmo/git_workspace/Flow/Build/px4flow-v1_default.build//home/mmo/git_workspace/Flow/src/modules/flow/module.pre.o
                0x20003b98                usart2_rx_counter_write
 .bss.usart2_rx_buffer
                0x20003b9c     0x1000 /home/mmo/git_workspace/Flow/Build/px4flow-v1_default.build//home/mmo/git_workspace/Flow/src/modules/flow/module.pre.o
                0x20003b9c                usart2_rx_buffer
 .bss.usart3_rx_buffer
                0x20004b9c     0x1000 /home/mmo/git_workspace/Flow/Build/px4flow-v1_default.build//home/mmo/git_workspace/Flow/src/modules/flow/module.pre.o
                0x20004b9c                usart3_rx_buffer
 .bss.usart2_rx_counter_read
                0x20005b9c        0x4 /home/mmo/git_workspace/Flow/Build/px4flow-v1_default.build//home/mmo/git_workspace/Flow/src/modules/flow/module.pre.o
                0x20005b9c                usart2_rx_counter_read
 .bss.usart2_tx_counter_read
                0x20005ba0        0x4 /home/mmo/git_workspace/Flow/Build/px4flow-v1_default.build//home/mmo/git_workspace/Flow/src/modules/flow/module.pre.o
                0x20005ba0                usart2_tx_counter_read
 .bss.usart3_rx_counter_write
                0x20005ba4        0x4 /home/mmo/git_workspace/Flow/Build/px4flow-v1_default.build//home/mmo/git_workspace/Flow/src/modules/flow/module.pre.o
                0x20005ba4                usart3_rx_counter_write
 .bss.usart3_rx_counter_read
                0x20005ba8        0x4 /home/mmo/git_workspace/Flow/Build/px4flow-v1_default.build//home/mmo/git_workspace/Flow/src/modules/flow/module.pre.o
                0x20005ba8                usart3_rx_counter_read
 .bss.APP_tx_ptr_tail
                0x20005bac        0x4 /home/mmo/git_workspace/Flow/Build/px4flow-v1_default.build//home/mmo/git_workspace/Flow/src/modules/flow/module.pre.o
                0x20005bac                APP_tx_ptr_tail
 .bss.APP_tx_ptr_head
                0x20005bb0        0x4 /home/mmo/git_workspace/Flow/Build/px4flow-v1_default.build//home/mmo/git_workspace/Flow/src/modules/flow/module.pre.o
                0x20005bb0                APP_tx_ptr_head
 .bss.APP_Tx_Buffer
                0x20005bb4       0x80 /home/mmo/git_workspace/Flow/Build/px4flow-v1_default.build//home/mmo/git_workspace/Flow/src/modules/flow/module.pre.o
                0x20005bb4                APP_Tx_Buffer
 .bss.distance_values
                0x20005c34       0x14 /home/mmo/git_workspace/Flow/Build/px4flow-v1_default.build//home/mmo/git_workspace/Flow/src/modules/flow/module.pre.o
 .bss.insert_index
                0x20005c48        0x4 /home/mmo/git_workspace/Flow/Build/px4flow-v1_default.build//home/mmo/git_workspace/Flow/src/modules/flow/module.pre.o
 .bss.ticks_per_us
                0x20005c4c        0x4 /home/mmo/git_workspace/Flow/Build/px4flow-v1_default.build//home/mmo/git_workspace/Flow/src/modules/flow/module.pre.o
 .bss.boot_time_ms
                0x20005c50        0x4 /home/mmo/git_workspace/Flow/Build/px4flow-v1_default.build//home/mmo/git_workspace/Flow/src/modules/flow/module.pre.o
                0x20005c50                boot_time_ms
 .bss.timer     0x20005c54      0x100 /home/mmo/git_workspace/Flow/Build/px4flow-v1_default.build//home/mmo/git_workspace/Flow/src/modules/flow/module.pre.o
 .bss.ticks_per_ms
                0x20005d54        0x4 /home/mmo/git_workspace/Flow/Build/px4flow-v1_default.build//home/mmo/git_workspace/Flow/src/modules/flow/module.pre.o
 .bss.SET_TEST_MODE
                0x20005d58        0x4 /home/mmo/git_workspace/Flow/Build/px4flow-v1_default.build//home/mmo/git_workspace/Flow/src/modules/flow/module.pre.o
                0x20005d58                SET_TEST_MODE
 .bss.USBD_cfg_status
                0x20005d5c        0x4 /home/mmo/git_workspace/Flow/Build/px4flow-v1_default.build//home/mmo/git_workspace/Flow/src/modules/flow/module.pre.o
                0x20005d5c                USBD_cfg_status
 .bss.USBD_ep_status
                0x20005d60        0x4 /home/mmo/git_workspace/Flow/Build/px4flow-v1_default.build//home/mmo/git_workspace/Flow/src/modules/flow/module.pre.o
                0x20005d60                USBD_ep_status
 .bss.USBD_StrDesc
                0x20005d64       0xff /home/mmo/git_workspace/Flow/Build/px4flow-v1_default.build//home/mmo/git_workspace/Flow/src/modules/flow/module.pre.o
                0x20005d64                USBD_StrDesc
 *fill*         0x20005e63        0x1 
 .bss.USBD_default_cfg
                0x20005e64        0x4 /home/mmo/git_workspace/Flow/Build/px4flow-v1_default.build//home/mmo/git_workspace/Flow/src/modules/flow/module.pre.o
                0x20005e64                USBD_default_cfg
 .bss.cfgidx.6547
                0x20005e68        0x1 /home/mmo/git_workspace/Flow/Build/px4flow-v1_default.build//home/mmo/git_workspace/Flow/src/modules/flow/module.pre.o
 *fill*         0x20005e69        0x3 
 .bss.APP_Rx_Buffer
                0x20005e6c     0x8000 /home/mmo/git_workspace/Flow/Build/px4flow-v1_default.build//home/mmo/git_workspace/Flow/src/modules/flow/module.pre.o
                0x20005e6c                APP_Rx_Buffer
 .bss.USB_Tx_State
                0x2000de6c        0x1 /home/mmo/git_workspace/Flow/Build/px4flow-v1_default.build//home/mmo/git_workspace/Flow/src/modules/flow/module.pre.o
                0x2000de6c                USB_Tx_State
 *fill*         0x2000de6d        0x3 
 .bss.FrameCount.6540
                0x2000de70        0x4 /home/mmo/git_workspace/Flow/Build/px4flow-v1_default.build//home/mmo/git_workspace/Flow/src/modules/flow/module.pre.o
 .bss.cdcLen    0x2000de74        0x4 /home/mmo/git_workspace/Flow/Build/px4flow-v1_default.build//home/mmo/git_workspace/Flow/src/modules/flow/module.pre.o