Archive member included because of file (symbol)

/opt/gcc-arm-none-eabi-4_9-2015q3/bin/../lib/gcc/arm-none-eabi/4.9.3/../../../../arm-none-eabi/lib/armv7e-m/fpu/libm.a(lib_a-s_floor.o)
                              /home/mmo/git_workspace/Flow/Build/px4flow-v2_default.build//home/mmo/git_workspace/Flow/src/modules/flow/module.pre.o (floor)
/opt/gcc-arm-none-eabi-4_9-2015q3/bin/../lib/gcc/arm-none-eabi/4.9.3/../../../../arm-none-eabi/lib/armv7e-m/fpu/libm.a(lib_a-sf_floor.o)
                              /home/mmo/git_workspace/Flow/Build/px4flow-v2_default.build//home/mmo/git_workspace/Flow/src/modules/flow/module.pre.o (floorf)
/opt/gcc-arm-none-eabi-4_9-2015q3/bin/../lib/gcc/arm-none-eabi/4.9.3/../../../../arm-none-eabi/lib/armv7e-m/fpu/libm.a(lib_a-sf_fpclassify.o)
                              /home/mmo/git_workspace/Flow/Build/px4flow-v2_default.build//home/mmo/git_workspace/Flow/src/modules/flow/module.pre.o (__fpclassifyf)
/opt/gcc-arm-none-eabi-4_9-2015q3/bin/../lib/gcc/arm-none-eabi/4.9.3/armv7e-m/fpu/libgcc.a(_arm_addsubdf3.o)
                              /home/mmo/git_workspace/Flow/Build/px4flow-v2_default.build//home/mmo/git_workspace/Flow/src/modules/flow/module.pre.o (__aeabi_dadd)
/opt/gcc-arm-none-eabi-4_9-2015q3/bin/../lib/gcc/arm-none-eabi/4.9.3/armv7e-m/fpu/libgcc.a(_arm_muldivdf3.o)
                              /home/mmo/git_workspace/Flow/Build/px4flow-v2_default.build//home/mmo/git_workspace/Flow/src/modules/flow/module.pre.o (__aeabi_dmul)
/opt/gcc-arm-none-eabi-4_9-2015q3/bin/../lib/gcc/arm-none-eabi/4.9.3/armv7e-m/fpu/libgcc.a(_arm_cmpdf2.o)
                              /opt/gcc-arm-none-eabi-4_9-2015q3/bin/../lib/gcc/arm-none-eabi/4.9.3/../../../../arm-none-eabi/lib/armv7e-m/fpu/libm.a(lib_a-s_floor.o) (__aeabi_dcmpgt)
/opt/gcc-arm-none-eabi-4_9-2015q3/bin/../lib/gcc/arm-none-eabi/4.9.3/armv7e-m/fpu/libgcc.a(_arm_fixdfsi.o)
                              /home/mmo/git_workspace/Flow/Build/px4flow-v2_default.build//home/mmo/git_workspace/Flow/src/modules/flow/module.pre.o (__aeabi_d2iz)
/opt/gcc-arm-none-eabi-4_9-2015q3/bin/../lib/gcc/arm-none-eabi/4.9.3/armv7e-m/fpu/libgcc.a(_arm_fixunsdfsi.o)
                              /home/mmo/git_workspace/Flow/Build/px4flow-v2_default.build//home/mmo/git_workspace/Flow/src/modules/flow/module.pre.o (__aeabi_d2uiz)
/opt/gcc-arm-none-eabi-4_9-2015q3/bin/../lib/gcc/arm-none-eabi/4.9.3/armv7e-m/fpu/libgcc.a(_arm_truncdfsf2.o)
                              /home/mmo/git_workspace/Flow/Build/px4flow-v2_default.build//home/mmo/git_workspace/Flow/src/modules/flow/module.pre.o (__aeabi_d2f)
/opt/gcc-arm-none-eabi-4_9-2015q3/bin/../lib/gcc/arm-none-eabi/4.9.3/armv7e-m/fpu/libgcc.a(_arm_addsubsf3.o)
                              /home/mmo/git_workspace/Flow/Build/px4flow-v2_default.build//home/mmo/git_workspace/Flow/src/modules/uavcannode/module.pre.o (__aeabi_l2f)
/opt/gcc-arm-none-eabi-4_9-2015q3/bin/../lib/gcc/arm-none-eabi/4.9.3/armv7e-m/fpu/libgcc.a(_aeabi_ldivmod.o)
                              /home/mmo/git_workspace/Flow/Build/px4flow-v2_default.build//home/mmo/git_workspace/Flow/src/modules/uavcannode/module.pre.o (__aeabi_ldivmod)
/opt/gcc-arm-none-eabi-4_9-2015q3/bin/../lib/gcc/arm-none-eabi/4.9.3/armv7e-m/fpu/libgcc.a(bpabi.o)
                              /opt/gcc-arm-none-eabi-4_9-2015q3/bin/../lib/gcc/arm-none-eabi/4.9.3/armv7e-m/fpu/libgcc.a(_aeabi_ldivmod.o) (__gnu_ldivmod_helper)
/opt/gcc-arm-none-eabi-4_9-2015q3/bin/../lib/gcc/arm-none-eabi/4.9.3/armv7e-m/fpu/libgcc.a(_dvmd_tls.o)
                              /opt/gcc-arm-none-eabi-4_9-2015q3/bin/../lib/gcc/arm-none-eabi/4.9.3/armv7e-m/fpu/libgcc.a(_aeabi_ldivmod.o) (__aeabi_ldiv0)
/opt/gcc-arm-none-eabi-4_9-2015q3/bin/../lib/gcc/arm-none-eabi/4.9.3/armv7e-m/fpu/libgcc.a(_divdi3.o)
                              /opt/gcc-arm-none-eabi-4_9-2015q3/bin/../lib/gcc/arm-none-eabi/4.9.3/armv7e-m/fpu/libgcc.a(bpabi.o) (__divdi3)
/opt/gcc-arm-none-eabi-4_9-2015q3/bin/../lib/gcc/arm-none-eabi/4.9.3/armv7e-m/fpu/libgcc.a(_udivdi3.o)
                              /opt/gcc-arm-none-eabi-4_9-2015q3/bin/../lib/gcc/arm-none-eabi/4.9.3/armv7e-m/fpu/libgcc.a(bpabi.o) (__udivdi3)

Discarded input sections

 .group         0x00000000        0x8 /home/mmo/git_workspace/Flow/Build/px4flow-v2_default.build//home/mmo/git_workspace/Flow/Build/px4flow-v2_default.build/empty.c.o
 .text          0x00000000        0x0 /home/mmo/git_workspace/Flow/Build/px4flow-v2_default.build//home/mmo/git_workspace/Flow/Build/px4flow-v2_default.build/empty.c.o
 .data          0x00000000        0x0 /home/mmo/git_workspace/Flow/Build/px4flow-v2_default.build//home/mmo/git_workspace/Flow/Build/px4flow-v2_default.build/empty.c.o
 .bss           0x00000000        0x0 /home/mmo/git_workspace/Flow/Build/px4flow-v2_default.build//home/mmo/git_workspace/Flow/Build/px4flow-v2_default.build/empty.c.o
[...]
Memory Configuration

Name             Origin             Length             Attributes
FLASH            0x08004000         0x001fc000         xr
RAM              0x20000000         0x00030000         xrw
CCM              0x10000000         0x00010000         xrw
*default*        0x00000000         0xffffffff

Linker script and memory map

                0x20030000                _estack = 0x20030000
                0x00000000                _Min_Heap_Size = 0x0
                0x00000400                _Min_Stack_Size = 0x400

.isr_vector     0x08004000      0x1a8
                0x08004000                . = ALIGN (0x4)
 *(.isr_vector)
 .isr_vector    0x08004000      0x188 /home/mmo/git_workspace/Flow/Build/px4flow-v2_default.build//home/mmo/git_workspace/Flow/src/modules/flow/module.pre.o
                0x08004000                g_pfnVectors
                0x08004188                . = ALIGN (0x8)
 *(.app_descriptor)
 .app_descriptor
                0x08004188       0x20 /home/mmo/git_workspace/Flow/Build/px4flow-v2_default.build//home/mmo/git_workspace/Flow/src/modules/uavcannode/module.pre.o
                0x08004188                AppDescriptor

.text           0x080041a8    0x1b444
                0x080041a8                . = ALIGN (0x4)
 *(.text)
 .text          0x080041a8      0x370 /opt/gcc-arm-none-eabi-4_9-2015q3/bin/../lib/gcc/arm-none-eabi/4.9.3/armv7e-m/fpu/libgcc.a(_arm_addsubdf3.o)
                0x080041a8                __aeabi_drsub
                0x080041b0                __aeabi_dsub
                0x080041b0                __subdf3
                0x080041b4                __adddf3
                0x080041b4                __aeabi_dadd
                0x0800442c                __aeabi_ui2d
                0x0800442c                __floatunsidf
                0x0800444c                __floatsidf
                0x0800444c                __aeabi_i2d
                0x08004470                __extendsfdf2
                0x08004470                __aeabi_f2d
                0x080044ac                __aeabi_ul2d
                0x080044ac                __floatundidf
                0x080044bc                __floatdidf
                0x080044bc                __aeabi_l2d
 .text          0x08004518      0x424 /opt/gcc-arm-none-eabi-4_9-2015q3/bin/../lib/gcc/arm-none-eabi/4.9.3/armv7e-m/fpu/libgcc.a(_arm_muldivdf3.o)
                0x08004518                __aeabi_dmul
                0x08004518                __muldf3
                0x0800476c                __aeabi_ddiv
                0x0800476c                __divdf3
 .text          0x0800493c      0x110 /opt/gcc-arm-none-eabi-4_9-2015q3/bin/../lib/gcc/arm-none-eabi/4.9.3/armv7e-m/fpu/libgcc.a(_arm_cmpdf2.o)
                0x0800493c                __gtdf2
                0x0800493c                __gedf2
                0x08004944                __ltdf2
                0x08004944                __ledf2
                0x0800494c                __cmpdf2
                0x0800494c                __eqdf2
                0x0800494c                __nedf2
                0x080049c8                __aeabi_cdrcmple
                0x080049d8                __aeabi_cdcmple
                0x080049d8                __aeabi_cdcmpeq
                0x080049e8                __aeabi_dcmpeq
                0x080049fc                __aeabi_dcmplt
                0x08004a10                __aeabi_dcmple
                0x08004a24                __aeabi_dcmpge
                0x08004a38                __aeabi_dcmpgt
 .text          0x08004a4c       0x50 /opt/gcc-arm-none-eabi-4_9-2015q3/bin/../lib/gcc/arm-none-eabi/4.9.3/armv7e-m/fpu/libgcc.a(_arm_fixdfsi.o)
                0x08004a4c                __fixdfsi
                0x08004a4c                __aeabi_d2iz
 .text          0x08004a9c       0xa0 /opt/gcc-arm-none-eabi-4_9-2015q3/bin/../lib/gcc/arm-none-eabi/4.9.3/armv7e-m/fpu/libgcc.a(_arm_truncdfsf2.o)
                0x08004a9c                __aeabi_d2f
                0x08004a9c                __truncdfsf2
 .text          0x08004b3c      0x21c /opt/gcc-arm-none-eabi-4_9-2015q3/bin/../lib/gcc/arm-none-eabi/4.9.3/armv7e-m/fpu/libgcc.a(_arm_addsubsf3.o)
                0x08004b3c                __aeabi_frsub
                0x08004b44                __subsf3
                0x08004b44                __aeabi_fsub
                0x08004b48                __aeabi_fadd
                0x08004b48                __addsf3
                0x08004ca8                __aeabi_ui2f
                0x08004ca8                __floatunsisf
                0x08004cb0                __aeabi_i2f
                0x08004cb0                __floatsisf
                0x08004ccc                __floatundisf
                0x08004ccc                __aeabi_ul2f
                0x08004cdc                __floatdisf
                0x08004cdc                __aeabi_l2f
 .text          0x08004d58       0x38 /opt/gcc-arm-none-eabi-4_9-2015q3/bin/../lib/gcc/arm-none-eabi/4.9.3/armv7e-m/fpu/libgcc.a(_aeabi_ldivmod.o)
                0x08004d58                __aeabi_ldivmod
 .text          0x08004d90       0x60 /opt/gcc-arm-none-eabi-4_9-2015q3/bin/../lib/gcc/arm-none-eabi/4.9.3/armv7e-m/fpu/libgcc.a(bpabi.o)
                0x08004d90                __gnu_ldivmod_helper
                0x08004dc0                __gnu_uldivmod_helper
 .text          0x08004df0        0x4 /opt/gcc-arm-none-eabi-4_9-2015q3/bin/../lib/gcc/arm-none-eabi/4.9.3/armv7e-m/fpu/libgcc.a(_dvmd_tls.o)
                0x08004df0                __aeabi_ldiv0
                0x08004df0                __aeabi_idiv0
 .text          0x08004df4      0x29c /opt/gcc-arm-none-eabi-4_9-2015q3/bin/../lib/gcc/arm-none-eabi/4.9.3/armv7e-m/fpu/libgcc.a(_divdi3.o)
                0x08004df4                __divdi3
 .text          0x08005090      0x26c /opt/gcc-arm-none-eabi-4_9-2015q3/bin/../lib/gcc/arm-none-eabi/4.9.3/armv7e-m/fpu/libgcc.a(_udivdi3.o)
                0x08005090                __udivdi3
 *(.text*)
 .text.board_initialize
                0x080052fc       0x40 /home/mmo/git_workspace/Flow/Build/px4flow-v2_default.build//home/mmo/git_workspace/Flow/src/drivers/boards/px4flow-v2/module.pre.o
                0x080052fc                board_initialize
 .text.board_app_initialize
                0x0800533c        0x4 /home/mmo/git_workspace/Flow/Build/px4flow-v2_default.build//home/mmo/git_workspace/Flow/src/drivers/boards/px4flow-v2/module.pre.o
                0x0800533c                board_app_initialize
 .text.board_reset
                0x08005340       0x10 /home/mmo/git_workspace/Flow/Build/px4flow-v2_default.build//home/mmo/git_workspace/Flow/src/drivers/boards/px4flow-v2/module.pre.o
                0x08005340                board_reset
 .text.board_get_serialnumber
                0x08005350       0x18 /home/mmo/git_workspace/Flow/Build/px4flow-v2_default.build//home/mmo/git_workspace/Flow/src/drivers/boards/px4flow-v2/module.pre.o
                0x08005350                board_get_serialnumber
 .text.board_led_initialize
                0x08005368       0xa4 /home/mmo/git_workspace/Flow/Build/px4flow-v2_default.build//home/mmo/git_workspace/Flow/src/drivers/boards/px4flow-v2/module.pre.o
                0x08005368                board_led_initialize
 .text.board_led_status_update
                0x0800540c       0x80 /home/mmo/git_workspace/Flow/Build/px4flow-v2_default.build//home/mmo/git_workspace/Flow/src/drivers/boards/px4flow-v2/module.pre.o
                0x0800540c                board_led_status_update
 .text.calulate_signature
                0x0800548c       0x24 /home/mmo/git_workspace/Flow/Build/px4flow-v2_default.build//home/mmo/git_workspace/Flow/src/drivers/boards/px4flow-v2/module.pre.o
 .text.bootloader_app_shared_read
                0x080054b0       0x7c /home/mmo/git_workspace/Flow/Build/px4flow-v2_default.build//home/mmo/git_workspace/Flow/src/drivers/boards/px4flow-v2/module.pre.o
                0x080054b0                bootloader_app_shared_read
 .text.bootloader_app_shared_write
                0x0800552c       0x6c /home/mmo/git_workspace/Flow/Build/px4flow-v2_default.build//home/mmo/git_workspace/Flow/src/drivers/boards/px4flow-v2/module.pre.o
                0x0800552c                bootloader_app_shared_write
 .text.bootloader_app_shared_invalidate
                0x08005598       0x30 /home/mmo/git_workspace/Flow/Build/px4flow-v2_default.build//home/mmo/git_workspace/Flow/src/drivers/boards/px4flow-v2/module.pre.o
                0x08005598                bootloader_app_shared_invalidate
 .text.crc64_add_word
                0x080055c8       0x48 /home/mmo/git_workspace/Flow/Build/px4flow-v2_default.build//home/mmo/git_workspace/Flow/src/drivers/boards/px4flow-v2/module.pre.o
                0x080055c8                crc64_add_word
 .text.Reset_Handler
                0x08005610       0x48 /home/mmo/git_workspace/Flow/Build/px4flow-v2_default.build//home/mmo/git_workspace/Flow/src/modules/flow/module.pre.o
                0x08005610                Reset_Handler
 .text.Default_Handler
                0x08005658        0x2 /home/mmo/git_workspace/Flow/Build/px4flow-v2_default.build//home/mmo/git_workspace/Flow/src/modules/flow/module.pre.o
                0x08005658                RTC_Alarm_IRQHandler
                0x08005658                HASH_RNG_IRQHandler
                0x08005658                EXTI2_IRQHandler
                0x08005658                TIM8_CC_IRQHandler
                0x08005658                TIM1_CC_IRQHandler
                0x08005658                DMA2_Stream5_IRQHandler
                0x08005658                DMA1_Stream5_IRQHandler
                0x08005658                PVD_IRQHandler
                0x08005658                SDIO_IRQHandler
                0x08005658                TAMP_STAMP_IRQHandler
                0x08005658                CAN2_RX1_IRQHandler
                0x08005658                EXTI3_IRQHandler
                0x08005658                TIM8_TRG_COM_TIM14_IRQHandler
                0x08005658                TIM1_UP_TIM10_IRQHandler
                0x08005658                TIM8_UP_TIM13_IRQHandler
                0x08005658                I2C3_ER_IRQHandler
                0x08005658                EXTI0_IRQHandler
                0x08005658                I2C2_EV_IRQHandler
                0x08005658                DMA1_Stream2_IRQHandler
                0x08005658                FPU_IRQHandler
                0x08005658                OTG_HS_WKUP_IRQHandler
                0x08005658                CAN2_SCE_IRQHandler
                0x08005658                DMA2_Stream2_IRQHandler
                0x08005658                SPI1_IRQHandler
                0x08005658                TIM6_DAC_IRQHandler
                0x08005658                TIM1_BRK_TIM9_IRQHandler
                0x08005658                CAN2_RX0_IRQHandler
                0x08005658                DMA2_Stream3_IRQHandler
                0x08005658                USART6_IRQHandler
                0x08005658                CRYP_IRQHandler
                0x08005658                UART5_IRQHandler
                0x08005658                DMA2_Stream0_IRQHandler
                0x08005658                TIM4_IRQHandler
                0x08005658                DMA1_Stream6_IRQHandler
                0x08005658                DMA1_Stream1_IRQHandler
                0x08005658                UART4_IRQHandler
                0x08005658                TIM3_IRQHandler
                0x08005658                RCC_IRQHandler
                0x08005658                TIM8_BRK_TIM12_IRQHandler
                0x08005658                Default_Handler
                0x08005658                EXTI15_10_IRQHandler
                0x08005658                ADC_IRQHandler
                0x08005658                DMA1_Stream7_IRQHandler
                0x08005658                TIM7_IRQHandler
                0x08005658                CAN2_TX_IRQHandler
                0x08005658                TIM5_IRQHandler
                0x08005658                DMA2_Stream7_IRQHandler
                0x08005658                I2C3_EV_IRQHandler
                0x08005658                EXTI9_5_IRQHandler
                0x08005658                RTC_WKUP_IRQHandler
                0x08005658                ETH_WKUP_IRQHandler
                0x08005658                SPI2_IRQHandler
                0x08005658                OTG_HS_EP1_IN_IRQHandler
                0x08005658                DMA1_Stream0_IRQHandler
                0x08005658                EXTI4_IRQHandler
                0x08005658                FSMC_IRQHandler
                0x08005658                ETH_IRQHandler
                0x08005658                OTG_HS_EP1_OUT_IRQHandler
                0x08005658                WWDG_IRQHandler
                0x08005658                OTG_FS_WKUP_IRQHandler
                0x08005658                TIM1_TRG_COM_TIM11_IRQHandler
                0x08005658                OTG_HS_IRQHandler
                0x08005658                EXTI1_IRQHandler
                0x08005658                I2C2_ER_IRQHandler
                0x08005658                FLASH_IRQHandler
                0x08005658                DMA2_Stream4_IRQHandler
                0x08005658                USART1_IRQHandler
                0x08005658                SPI3_IRQHandler
                0x08005658                DMA1_Stream4_IRQHandler
                0x08005658                DMA2_Stream6_IRQHandler
                0x08005658                DMA1_Stream3_IRQHandler
 *fill*         0x0800565a        0x2 
 .text.SystemInit
                0x0800565c      0x104 /home/mmo/git_workspace/Flow/Build/px4flow-v2_default.build//home/mmo/git_workspace/Flow/src/modules/flow/module.pre.o
                0x0800565c                SystemInit
 .text.NMI_Handler
                0x08005760        0x4 /home/mmo/git_workspace/Flow/Build/px4flow-v2_default.build//home/mmo/git_workspace/Flow/src/modules/flow/module.pre.o
                0x08005760                NMI_Handler
 .text.HardFault_Handler
                0x08005764        0x4 /home/mmo/git_workspace/Flow/Build/px4flow-v2_default.build//home/mmo/git_workspace/Flow/src/modules/flow/module.pre.o
                0x08005764                HardFault_Handler
 .text.MemManage_Handler
                0x08005768        0x4 /home/mmo/git_workspace/Flow/Build/px4flow-v2_default.build//home/mmo/git_workspace/Flow/src/modules/flow/module.pre.o
                0x08005768                MemManage_Handler
 .text.BusFault_Handler
                0x0800576c        0x4 /home/mmo/git_workspace/Flow/Build/px4flow-v2_default.build//home/mmo/git_workspace/Flow/src/modules/flow/module.pre.o
                0x0800576c                BusFault_Handler
 .text.UsageFault_Handler
                0x08005770        0x4 /home/mmo/git_workspace/Flow/Build/px4flow-v2_default.build//home/mmo/git_workspace/Flow/src/modules/flow/module.pre.o
                0x08005770                UsageFault_Handler
 .text.SVC_Handler
                0x08005774        0x4 /home/mmo/git_workspace/Flow/Build/px4flow-v2_default.build//home/mmo/git_workspace/Flow/src/modules/flow/module.pre.o
                0x08005774                SVC_Handler
 .text.DebugMon_Handler
                0x08005778        0x4 /home/mmo/git_workspace/Flow/Build/px4flow-v2_default.build//home/mmo/git_workspace/Flow/src/modules/flow/module.pre.o
                0x08005778                DebugMon_Handler
 .text.PendSV_Handler
                0x0800577c        0x4 /home/mmo/git_workspace/Flow/Build/px4flow-v2_default.build//home/mmo/git_workspace/Flow/src/modules/flow/module.pre.o
                0x0800577c                PendSV_Handler
 .text.SysTick_Handler
                0x08005780        0x4 /home/mmo/git_workspace/Flow/Build/px4flow-v2_default.build//home/mmo/git_workspace/Flow/src/modules/flow/module.pre.o
                0x08005780                SysTick_Handler
 .text.OTG_FS_IRQHandler
                0x08005784        0xc /home/mmo/git_workspace/Flow/Build/px4flow-v2_default.build//home/mmo/git_workspace/Flow/src/modules/flow/module.pre.o
                0x08005784                OTG_FS_IRQHandler
 .text.send_params_fn
                0x08005790        0x4 /home/mmo/git_workspace/Flow/Build/px4flow-v2_default.build//home/mmo/git_workspace/Flow/src/modules/flow/module.pre.o
 .text.system_receive_fn
                0x08005794       0x10 /home/mmo/git_workspace/Flow/Build/px4flow-v2_default.build//home/mmo/git_workspace/Flow/src/modules/flow/module.pre.o
 .text.system_state_send_fn
                0x080057a4       0x1c /home/mmo/git_workspace/Flow/Build/px4flow-v2_default.build//home/mmo/git_workspace/Flow/src/modules/flow/module.pre.o
 .text.distance_update_fn
                0x080057c0       0x20 /home/mmo/git_workspace/Flow/Build/px4flow-v2_default.build//home/mmo/git_workspace/Flow/src/modules/flow/module.pre.o
 .text.mavlink_msg_encapsulated_data_send.constprop.2
                0x080057e0      0x13c /home/mmo/git_workspace/Flow/Build/px4flow-v2_default.build//home/mmo/git_workspace/Flow/src/modules/flow/module.pre.o
 .text.send_video_fn
                0x0800591c      0x1ac /home/mmo/git_workspace/Flow/Build/px4flow-v2_default.build//home/mmo/git_workspace/Flow/src/modules/flow/module.pre.o
 .text.notify_changed_camera_parameters
                0x08005ac8        0xc /home/mmo/git_workspace/Flow/Build/px4flow-v2_default.build//home/mmo/git_workspace/Flow/src/modules/flow/module.pre.o
                0x08005ac8                notify_changed_camera_parameters
 *fill*         0x08005ad4        0x4 
 .text.startup.main
                0x08005ad8     0x1004 /home/mmo/git_workspace/Flow/Build/px4flow-v2_default.build//home/mmo/git_workspace/Flow/src/modules/flow/module.pre.o
                0x08005ad8                main
 .text.global_data_reset_param_defaults
                0x08006adc      0x594 /home/mmo/git_workspace/Flow/Build/px4flow-v2_default.build//home/mmo/git_workspace/Flow/src/modules/flow/module.pre.o
                0x08006adc                global_data_reset_param_defaults
 .text.global_data_reset
                0x08007070        0x4 /home/mmo/git_workspace/Flow/Build/px4flow-v2_default.build//home/mmo/git_workspace/Flow/src/modules/flow/module.pre.o
                0x08007070                global_data_reset
 .text.communication_init
                0x08007074       0x2c /home/mmo/git_workspace/Flow/Build/px4flow-v2_default.build//home/mmo/git_workspace/Flow/src/modules/flow/module.pre.o
                0x08007074                communication_init
 .text.communication_system_state_send
                0x080070a0      0x3bc /home/mmo/git_workspace/Flow/Build/px4flow-v2_default.build//home/mmo/git_workspace/Flow/src/modules/flow/module.pre.o
                0x080070a0                communication_system_state_send
 .text.communication_parameter_send
                0x0800745c      0x298 /home/mmo/git_workspace/Flow/Build/px4flow-v2_default.build//home/mmo/git_workspace/Flow/src/modules/flow/module.pre.o
                0x0800745c                communication_parameter_send
 .text.communication_receive
                0x080076f4     0x1518 /home/mmo/git_workspace/Flow/Build/px4flow-v2_default.build//home/mmo/git_workspace/Flow/src/modules/flow/module.pre.o
                0x080076f4                communication_receive
 .text.communication_receive_forward
                0x08008c0c      0x284 /home/mmo/git_workspace/Flow/Build/px4flow-v2_default.build//home/mmo/git_workspace/Flow/src/modules/flow/module.pre.o
                0x08008c0c                communication_receive_forward
 .text.communication_receive_usb
                0x08008e90     0x15f8 /home/mmo/git_workspace/Flow/Build/px4flow-v2_default.build//home/mmo/git_workspace/Flow/src/modules/flow/module.pre.o
                0x08008e90                communication_receive_usb
 .text.mavlink_send_uart_bytes
                0x0800a488       0x34 /home/mmo/git_workspace/Flow/Build/px4flow-v2_default.build//home/mmo/git_workspace/Flow/src/modules/flow/module.pre.o
                0x0800a488                mavlink_send_uart_bytes
 .text.mavlink_get_channel_status
                0x0800a4bc       0x10 /home/mmo/git_workspace/Flow/Build/px4flow-v2_default.build//home/mmo/git_workspace/Flow/src/modules/flow/module.pre.o
                0x0800a4bc                mavlink_get_channel_status
 .text.flow_res_dim_value_compare
                0x0800a4cc       0x20 /home/mmo/git_workspace/Flow/Build/px4flow-v2_default.build//home/mmo/git_workspace/Flow/src/modules/flow/module.pre.o
 .text.get_flow_capability
                0x0800a4ec       0x38 /home/mmo/git_workspace/Flow/Build/px4flow-v2_default.build//home/mmo/git_workspace/Flow/src/modules/flow/module.pre.o
                0x0800a4ec                get_flow_capability
 .text.compute_flow
                0x0800a524      0x64c /home/mmo/git_workspace/Flow/Build/px4flow-v2_default.build//home/mmo/git_workspace/Flow/src/modules/flow/module.pre.o
                0x0800a524                compute_flow
 .text.klt_preprocess_image
                0x0800ab70       0x60 /home/mmo/git_workspace/Flow/Build/px4flow-v2_default.build//home/mmo/git_workspace/Flow/src/modules/flow/module.pre.o
                0x0800ab70                klt_preprocess_image
 .text.get_flow_klt_capability
                0x0800abd0        0x8 /home/mmo/git_workspace/Flow/Build/px4flow-v2_default.build//home/mmo/git_workspace/Flow/src/modules/flow/module.pre.o
                0x0800abd0                get_flow_klt_capability
 .text.compute_klt
                0x0800abd8      0xc0c /home/mmo/git_workspace/Flow/Build/px4flow-v2_default.build//home/mmo/git_workspace/Flow/src/modules/flow/module.pre.o
                0x0800abd8                compute_klt
 .text.flow_extract_result
                0x0800b7e4      0x4ec /home/mmo/git_workspace/Flow/Build/px4flow-v2_default.build//home/mmo/git_workspace/Flow/src/modules/flow/module.pre.o
                0x0800b7e4                flow_extract_result
 .text.dcmi_init
                0x0800bcd0      0x2c4 /home/mmo/git_workspace/Flow/Build/px4flow-v2_default.build//home/mmo/git_workspace/Flow/src/modules/flow/module.pre.o
                0x0800bcd0                dcmi_init
 .text.dcmi_reset
                0x0800bf94       0x30 /home/mmo/git_workspace/Flow/Build/px4flow-v2_default.build//home/mmo/git_workspace/Flow/src/modules/flow/module.pre.o
                0x0800bf94                dcmi_reset
 .text.dcmi_get_transport_interface
                0x0800bfc4        0x8 /home/mmo/git_workspace/Flow/Build/px4flow-v2_default.build//home/mmo/git_workspace/Flow/src/modules/flow/module.pre.o
                0x0800bfc4                dcmi_get_transport_interface
 .text.DCMI_IRQHandler
                0x0800bfcc       0x3c /home/mmo/git_workspace/Flow/Build/px4flow-v2_default.build//home/mmo/git_workspace/Flow/src/modules/flow/module.pre.o
                0x0800bfcc                DCMI_IRQHandler
 .text.DMA2_Stream1_IRQHandler
                0x0800c008       0x58 /home/mmo/git_workspace/Flow/Build/px4flow-v2_default.build//home/mmo/git_workspace/Flow/src/modules/flow/module.pre.o
                0x0800c008                DMA2_Stream1_IRQHandler
 .text.mt9v034_get_current_param
                0x0800c060       0x1c /home/mmo/git_workspace/Flow/Build/px4flow-v2_default.build//home/mmo/git_workspace/Flow/src/modules/flow/module.pre.o
                0x0800c060                mt9v034_get_current_param
 .text.mt9v034_I2cWaitEvent
                0x0800c07c       0x28 /home/mmo/git_workspace/Flow/Build/px4flow-v2_default.build//home/mmo/git_workspace/Flow/src/modules/flow/module.pre.o
 .text.mt9v034_WriteReg
                0x0800c0a4       0xc0 /home/mmo/git_workspace/Flow/Build/px4flow-v2_default.build//home/mmo/git_workspace/Flow/src/modules/flow/module.pre.o
 .text.mt9v034_restore_previous_param
                0x0800c164       0x40 /home/mmo/git_workspace/Flow/Build/px4flow-v2_default.build//home/mmo/git_workspace/Flow/src/modules/flow/module.pre.o
                0x0800c164                mt9v034_restore_previous_param
 .text.mt9v034_notify_readout_start
                0x0800c1a4       0x7c /home/mmo/git_workspace/Flow/Build/px4flow-v2_default.build//home/mmo/git_workspace/Flow/src/modules/flow/module.pre.o
                0x0800c1a4                mt9v034_notify_readout_start
 .text.mt9v034_notify_readout_end
                0x0800c220       0x38 /home/mmo/git_workspace/Flow/Build/px4flow-v2_default.build//home/mmo/git_workspace/Flow/src/modules/flow/module.pre.o
                0x0800c220                mt9v034_notify_readout_end
 .text.mt9v034_configure_exposure_param
                0x0800c258      0x1b4 /home/mmo/git_workspace/Flow/Build/px4flow-v2_default.build//home/mmo/git_workspace/Flow/src/modules/flow/module.pre.o
 .text.mt9v034_configure_context.part.5
                0x0800c40c      0x190 /home/mmo/git_workspace/Flow/Build/px4flow-v2_default.build//home/mmo/git_workspace/Flow/src/modules/flow/module.pre.o
 .text.mt9v034_reconfigure_general
                0x0800c59c       0xd8 /home/mmo/git_workspace/Flow/Build/px4flow-v2_default.build//home/mmo/git_workspace/Flow/src/modules/flow/module.pre.o
                0x0800c59c                mt9v034_reconfigure_general
 .text.mt9v034_update_exposure_param
                0x0800c674      0x184 /home/mmo/git_workspace/Flow/Build/px4flow-v2_default.build//home/mmo/git_workspace/Flow/src/modules/flow/module.pre.o
                0x0800c674                mt9v034_update_exposure_param
 .text.mt9v034_prepare_update_param
                0x0800c7f8      0x1a4 /home/mmo/git_workspace/Flow/Build/px4flow-v2_default.build//home/mmo/git_workspace/Flow/src/modules/flow/module.pre.o
                0x0800c7f8                mt9v034_prepare_update_param
 .text.mt9v034_init
                0x0800c99c      0x350 /home/mmo/git_workspace/Flow/Build/px4flow-v2_default.build//home/mmo/git_workspace/Flow/src/modules/flow/module.pre.o
                0x0800c99c                mt9v034_init
 .text.mt9v034_get_sensor_interface
                0x0800ccec        0x8 /home/mmo/git_workspace/Flow/Build/px4flow-v2_default.build//home/mmo/git_workspace/Flow/src/modules/flow/module.pre.o
                0x0800ccec                mt9v034_get_sensor_interface
 .text.mt9v034_get_clks_per_row
                0x0800ccf4       0x34 /home/mmo/git_workspace/Flow/Build/px4flow-v2_default.build//home/mmo/git_workspace/Flow/src/modules/flow/module.pre.o
                0x0800ccf4                mt9v034_get_clks_per_row
 .text.gyro_read
                0x0800cd28      0x290 /home/mmo/git_workspace/Flow/Build/px4flow-v2_default.build//home/mmo/git_workspace/Flow/src/modules/flow/module.pre.o
                0x0800cd28                gyro_read
 .text.l3gd20_config
                0x0800cfb8      0x1ac /home/mmo/git_workspace/Flow/Build/px4flow-v2_default.build//home/mmo/git_workspace/Flow/src/modules/flow/module.pre.o
                0x0800cfb8                l3gd20_config
 .text.spi_config
                0x0800d164       0xfc /home/mmo/git_workspace/Flow/Build/px4flow-v2_default.build//home/mmo/git_workspace/Flow/src/modules/flow/module.pre.o
                0x0800d164                spi_config
 .text.gyro_config
                0x0800d260      0x1b0 /home/mmo/git_workspace/Flow/Build/px4flow-v2_default.build//home/mmo/git_workspace/Flow/src/modules/flow/module.pre.o
                0x0800d260                gyro_config
 .text.usart2_tx_ringbuffer_push
                0x0800d410       0xa8 /home/mmo/git_workspace/Flow/Build/px4flow-v2_default.build//home/mmo/git_workspace/Flow/src/modules/flow/module.pre.o
                0x0800d410                usart2_tx_ringbuffer_push
 .text.usart3_tx_ringbuffer_push
                0x0800d4b8       0xa8 /home/mmo/git_workspace/Flow/Build/px4flow-v2_default.build//home/mmo/git_workspace/Flow/src/modules/flow/module.pre.o
                0x0800d4b8                usart3_tx_ringbuffer_push
 .text.usart2_char_available
                0x0800d560       0x18 /home/mmo/git_workspace/Flow/Build/px4flow-v2_default.build//home/mmo/git_workspace/Flow/src/modules/flow/module.pre.o
                0x0800d560                usart2_char_available
 .text.usart3_char_available
                0x0800d578       0x18 /home/mmo/git_workspace/Flow/Build/px4flow-v2_default.build//home/mmo/git_workspace/Flow/src/modules/flow/module.pre.o
                0x0800d578                usart3_char_available
 .text.usart2_rx_ringbuffer_pop
                0x0800d590       0x50 /home/mmo/git_workspace/Flow/Build/px4flow-v2_default.build//home/mmo/git_workspace/Flow/src/modules/flow/module.pre.o
                0x0800d590                usart2_rx_ringbuffer_pop
 .text.usart3_rx_ringbuffer_pop
                0x0800d5e0       0x50 /home/mmo/git_workspace/Flow/Build/px4flow-v2_default.build//home/mmo/git_workspace/Flow/src/modules/flow/module.pre.o
                0x0800d5e0                usart3_rx_ringbuffer_pop
 .text.USART2_IRQHandler
                0x0800d630       0xcc /home/mmo/git_workspace/Flow/Build/px4flow-v2_default.build//home/mmo/git_workspace/Flow/src/modules/flow/module.pre.o
                0x0800d630                USART2_IRQHandler
 .text.USART3_IRQHandler
                0x0800d6fc       0xcc /home/mmo/git_workspace/Flow/Build/px4flow-v2_default.build//home/mmo/git_workspace/Flow/src/modules/flow/module.pre.o
                0x0800d6fc                USART3_IRQHandler
 .text.usart_init
                0x0800d7c8      0x160 /home/mmo/git_workspace/Flow/Build/px4flow-v2_default.build//home/mmo/git_workspace/Flow/src/modules/flow/module.pre.o
                0x0800d7c8                usart_init
 .text.USB_OTG_BSP_Init
                0x0800d928       0x9c /home/mmo/git_workspace/Flow/Build/px4flow-v2_default.build//home/mmo/git_workspace/Flow/src/modules/flow/module.pre.o
                0x0800d928                USB_OTG_BSP_Init
 .text.USB_OTG_BSP_EnableInterrupt
                0x0800d9c4       0x30 /home/mmo/git_workspace/Flow/Build/px4flow-v2_default.build//home/mmo/git_workspace/Flow/src/modules/flow/module.pre.o
                0x0800d9c4                USB_OTG_BSP_EnableInterrupt
 .text.USB_OTG_BSP_uDelay
                0x0800d9f4       0x24 /home/mmo/git_workspace/Flow/Build/px4flow-v2_default.build//home/mmo/git_workspace/Flow/src/modules/flow/module.pre.o
                0x0800d9f4                USB_OTG_BSP_uDelay
 .text.USB_OTG_BSP_mDelay
                0x0800da18       0x28 /home/mmo/git_workspace/Flow/Build/px4flow-v2_default.build//home/mmo/git_workspace/Flow/src/modules/flow/module.pre.o
                0x0800da18                USB_OTG_BSP_mDelay
 .text.VCP_Init
                0x0800da40        0x4 /home/mmo/git_workspace/Flow/Build/px4flow-v2_default.build//home/mmo/git_workspace/Flow/src/modules/flow/module.pre.o
 .text.VCP_DeInit
                0x0800da44        0x4 /home/mmo/git_workspace/Flow/Build/px4flow-v2_default.build//home/mmo/git_workspace/Flow/src/modules/flow/module.pre.o
 .text.VCP_DataTx
                0x0800da48       0x38 /home/mmo/git_workspace/Flow/Build/px4flow-v2_default.build//home/mmo/git_workspace/Flow/src/modules/flow/module.pre.o
 .text.VCP_DataRx
                0x0800da80       0x4c /home/mmo/git_workspace/Flow/Build/px4flow-v2_default.build//home/mmo/git_workspace/Flow/src/modules/flow/module.pre.o
 .text.VCP_Ctrl
                0x0800dacc       0x2c /home/mmo/git_workspace/Flow/Build/px4flow-v2_default.build//home/mmo/git_workspace/Flow/src/modules/flow/module.pre.o
 .text.VCP_put_char
                0x0800daf8       0x28 /home/mmo/git_workspace/Flow/Build/px4flow-v2_default.build//home/mmo/git_workspace/Flow/src/modules/flow/module.pre.o
                0x0800daf8                VCP_put_char
 .text.VCP_get_char
                0x0800db20       0x34 /home/mmo/git_workspace/Flow/Build/px4flow-v2_default.build//home/mmo/git_workspace/Flow/src/modules/flow/module.pre.o
                0x0800db20                VCP_get_char
 .text.USBD_USR_DeviceDescriptor
                0x0800db54        0xc /home/mmo/git_workspace/Flow/Build/px4flow-v2_default.build//home/mmo/git_workspace/Flow/src/modules/flow/module.pre.o
                0x0800db54                USBD_USR_DeviceDescriptor
 .text.USBD_USR_LangIDStrDescriptor
                0x0800db60        0xc /home/mmo/git_workspace/Flow/Build/px4flow-v2_default.build//home/mmo/git_workspace/Flow/src/modules/flow/module.pre.o
                0x0800db60                USBD_USR_LangIDStrDescriptor
 .text.USBD_USR_ManufacturerStrDescriptor
                0x0800db6c       0x1c /home/mmo/git_workspace/Flow/Build/px4flow-v2_default.build//home/mmo/git_workspace/Flow/src/modules/flow/module.pre.o
                0x0800db6c                USBD_USR_ManufacturerStrDescriptor
 .text.USBD_USR_ProductStrDescriptor
                0x0800db88       0x1c /home/mmo/git_workspace/Flow/Build/px4flow-v2_default.build//home/mmo/git_workspace/Flow/src/modules/flow/module.pre.o
                0x0800db88                USBD_USR_ProductStrDescriptor
 .text.USBD_USR_SerialStrDescriptor
                0x0800dba4       0x1c /home/mmo/git_workspace/Flow/Build/px4flow-v2_default.build//home/mmo/git_workspace/Flow/src/modules/flow/module.pre.o
                0x0800dba4                USBD_USR_SerialStrDescriptor
 .text.USBD_USR_ConfigStrDescriptor
                0x0800dbc0       0x1c /home/mmo/git_workspace/Flow/Build/px4flow-v2_default.build//home/mmo/git_workspace/Flow/src/modules/flow/module.pre.o
                0x0800dbc0                USBD_USR_ConfigStrDescriptor
 .text.USBD_USR_InterfaceStrDescriptor
                0x0800dbdc       0x1c /home/mmo/git_workspace/Flow/Build/px4flow-v2_default.build//home/mmo/git_workspace/Flow/src/modules/flow/module.pre.o
                0x0800dbdc                USBD_USR_InterfaceStrDescriptor
 .text.USBD_USR_Init
                0x0800dbf8        0x4 /home/mmo/git_workspace/Flow/Build/px4flow-v2_default.build//home/mmo/git_workspace/Flow/src/modules/flow/module.pre.o
                0x0800dbf8                USBD_USR_Init
 .text.USBD_USR_DeviceReset
                0x0800dbfc        0x4 /home/mmo/git_workspace/Flow/Build/px4flow-v2_default.build//home/mmo/git_workspace/Flow/src/modules/flow/module.pre.o
                0x0800dbfc                USBD_USR_DeviceReset
 .text.USBD_USR_DeviceConfigured
                0x0800dc00        0x4 /home/mmo/git_workspace/Flow/Build/px4flow-v2_default.build//home/mmo/git_workspace/Flow/src/modules/flow/module.pre.o
                0x0800dc00                USBD_USR_DeviceConfigured
 .text.USBD_USR_DeviceSuspended
                0x0800dc04        0x4 /home/mmo/git_workspace/Flow/Build/px4flow-v2_default.build//home/mmo/git_workspace/Flow/src/modules/flow/module.pre.o
                0x0800dc04                USBD_USR_DeviceSuspended
 .text.USBD_USR_DeviceResumed
                0x0800dc08        0x4 /home/mmo/git_workspace/Flow/Build/px4flow-v2_default.build//home/mmo/git_workspace/Flow/src/modules/flow/module.pre.o
                0x0800dc08                USBD_USR_DeviceResumed
 .text.USBD_USR_DeviceConnected
                0x0800dc0c        0x4 /home/mmo/git_workspace/Flow/Build/px4flow-v2_default.build//home/mmo/git_workspace/Flow/src/modules/flow/module.pre.o
                0x0800dc0c                USBD_USR_DeviceConnected
 .text.USBD_USR_DeviceDisconnected
                0x0800dc10        0x4 /home/mmo/git_workspace/Flow/Build/px4flow-v2_default.build//home/mmo/git_workspace/Flow/src/modules/flow/module.pre.o
                0x0800dc10                USBD_USR_DeviceDisconnected
 .text.up_systemreset
                0x0800dc14       0x1c /home/mmo/git_workspace/Flow/Build/px4flow-v2_default.build//home/mmo/git_workspace/Flow/src/modules/flow/module.pre.o
                0x0800dc14                up_systemreset
 .text.systemreset
                0x0800dc30       0x24 /home/mmo/git_workspace/Flow/Build/px4flow-v2_default.build//home/mmo/git_workspace/Flow/src/modules/flow/module.pre.o
                0x0800dc30                systemreset
 .text.insert_distance_value_and_get_mode_value
                0x0800dc54       0x68 /home/mmo/git_workspace/Flow/Build/px4flow-v2_default.build//home/mmo/git_workspace/Flow/src/modules/flow/module.pre.o
                0x0800dc54                insert_distance_value_and_get_mode_value
 .text.camera_transport_frame_done_fn
                0x0800dcbc      0x144 /home/mmo/git_workspace/Flow/Build/px4flow-v2_default.build//home/mmo/git_workspace/Flow/src/modules/flow/module.pre.o
                0x0800dcbc                camera_transport_frame_done_fn
 .text.camera_transport_transfer_done_fn
                0x0800de00      0x468 /home/mmo/git_workspace/Flow/Build/px4flow-v2_default.build//home/mmo/git_workspace/Flow/src/modules/flow/module.pre.o
                0x0800de00                camera_transport_transfer_done_fn
 .text.camera_init
                0x0800e268      0x194 /home/mmo/git_workspace/Flow/Build/px4flow-v2_default.build//home/mmo/git_workspace/Flow/src/modules/flow/module.pre.o
                0x0800e268                camera_init
 .text.camera_reconfigure_general
                0x0800e3fc       0x1c /home/mmo/git_workspace/Flow/Build/px4flow-v2_default.build//home/mmo/git_workspace/Flow/src/modules/flow/module.pre.o
                0x0800e3fc                camera_reconfigure_general
 .text.camera_img_stream_get_buffers
                0x0800e418      0x320 /home/mmo/git_workspace/Flow/Build/px4flow-v2_default.build//home/mmo/git_workspace/Flow/src/modules/flow/module.pre.o
                0x0800e418                camera_img_stream_get_buffers
 .text.camera_img_stream_return_buffers
                0x0800e738      0x178 /home/mmo/git_workspace/Flow/Build/px4flow-v2_default.build//home/mmo/git_workspace/Flow/src/modules/flow/module.pre.o
                0x0800e738                camera_img_stream_return_buffers
 .text.result_accumulator_init
                0x0800e8b0       0x1c /home/mmo/git_workspace/Flow/Build/px4flow-v2_default.build//home/mmo/git_workspace/Flow/src/modules/flow/module.pre.o
                0x0800e8b0                result_accumulator_init
 .text.result_accumulator_feed
                0x0800e8cc      0x144 /home/mmo/git_workspace/Flow/Build/px4flow-v2_default.build//home/mmo/git_workspace/Flow/src/modules/flow/module.pre.o
                0x0800e8cc                result_accumulator_feed
 .text.result_accumulator_calculate_output_flow
                0x0800ea10       0xe0 /home/mmo/git_workspace/Flow/Build/px4flow-v2_default.build//home/mmo/git_workspace/Flow/src/modules/flow/module.pre.o
                0x0800ea10                result_accumulator_calculate_output_flow
 .text.result_accumulator_calculate_output_flow_rad
                0x0800eaf0       0x70 /home/mmo/git_workspace/Flow/Build/px4flow-v2_default.build//home/mmo/git_workspace/Flow/src/modules/flow/module.pre.o
                0x0800eaf0                result_accumulator_calculate_output_flow_rad
 .text.result_accumulator_reset
                0x0800eb60       0x28 /home/mmo/git_workspace/Flow/Build/px4flow-v2_default.build//home/mmo/git_workspace/Flow/src/modules/flow/module.pre.o
                0x0800eb60                result_accumulator_reset
 .text.timer_interrupt_fn
                0x0800eb88       0x68 /home/mmo/git_workspace/Flow/Build/px4flow-v2_default.build//home/mmo/git_workspace/Flow/src/modules/flow/module.pre.o
                0x0800eb88                timer_interrupt_fn
 .text.timer_check
                0x0800ebf0       0x38 /home/mmo/git_workspace/Flow/Build/px4flow-v2_default.build//home/mmo/git_workspace/Flow/src/modules/flow/module.pre.o
                0x0800ebf0                timer_check
 .text.timer_register
                0x0800ec28       0xd8 /home/mmo/git_workspace/Flow/Build/px4flow-v2_default.build//home/mmo/git_workspace/Flow/src/modules/flow/module.pre.o
                0x0800ec28                timer_register
 .text.timer_update
                0x0800ed00      0x178 /home/mmo/git_workspace/Flow/Build/px4flow-v2_default.build//home/mmo/git_workspace/Flow/src/modules/flow/module.pre.o
                0x0800ed00                timer_update
 .text.timer_init
                0x0800ee78       0xa0 /home/mmo/git_workspace/Flow/Build/px4flow-v2_default.build//home/mmo/git_workspace/Flow/src/modules/flow/module.pre.o
                0x0800ee78                timer_init
 .text.get_boot_time_us
                0x0800ef18       0x54 /home/mmo/git_workspace/Flow/Build/px4flow-v2_default.build//home/mmo/git_workspace/Flow/src/modules/flow/module.pre.o
                0x0800ef18                get_boot_time_us
 .text.calculate_time_delta_us
                0x0800ef6c        0x4 /home/mmo/git_workspace/Flow/Build/px4flow-v2_default.build//home/mmo/git_workspace/Flow/src/modules/flow/module.pre.o
                0x0800ef6c                calculate_time_delta_us
 .text.get_time_delta_us
                0x0800ef70       0x5c /home/mmo/git_workspace/Flow/Build/px4flow-v2_default.build//home/mmo/git_workspace/Flow/src/modules/flow/module.pre.o
                0x0800ef70                get_time_delta_us
 .text.NVIC_PriorityGroupConfig
                0x0800efcc       0x14 /home/mmo/git_workspace/Flow/Build/px4flow-v2_default.build//home/mmo/git_workspace/Flow/src/modules/flow/module.pre.o
                0x0800efcc                NVIC_PriorityGroupConfig
 .text.NVIC_Init
                0x0800efe0       0x70 /home/mmo/git_workspace/Flow/Build/px4flow-v2_default.build//home/mmo/git_workspace/Flow/src/modules/flow/module.pre.o
                0x0800efe0                NVIC_Init
 .text.RCC_GetClocksFreq
                0x0800f050       0x98 /home/mmo/git_workspace/Flow/Build/px4flow-v2_default.build//home/mmo/git_workspace/Flow/src/modules/flow/module.pre.o
                0x0800f050                RCC_GetClocksFreq
 .text.RCC_AHB1PeriphClockCmd
                0x0800f0e8       0x18 /home/mmo/git_workspace/Flow/Build/px4flow-v2_default.build//home/mmo/git_workspace/Flow/src/modules/flow/module.pre.o
                0x0800f0e8                RCC_AHB1PeriphClockCmd
 .text.RCC_AHB2PeriphClockCmd
                0x0800f100       0x18 /home/mmo/git_workspace/Flow/Build/px4flow-v2_default.build//home/mmo/git_workspace/Flow/src/modules/flow/module.pre.o
                0x0800f100                RCC_AHB2PeriphClockCmd
 .text.RCC_APB1PeriphClockCmd
                0x0800f118       0x18 /home/mmo/git_workspace/Flow/Build/px4flow-v2_default.build//home/mmo/git_workspace/Flow/src/modules/flow/module.pre.o
                0x0800f118                RCC_APB1PeriphClockCmd
 .text.RCC_APB2PeriphClockCmd
                0x0800f130       0x18 /home/mmo/git_workspace/Flow/Build/px4flow-v2_default.build//home/mmo/git_workspace/Flow/src/modules/flow/module.pre.o
                0x0800f130                RCC_APB2PeriphClockCmd
 .text.RCC_APB1PeriphResetCmd
                0x0800f148       0x18 /home/mmo/git_workspace/Flow/Build/px4flow-v2_default.build//home/mmo/git_workspace/Flow/src/modules/flow/module.pre.o
                0x0800f148                RCC_APB1PeriphResetCmd
 .text.DMA_DeInit
                0x0800f160      0x130 /home/mmo/git_workspace/Flow/Build/px4flow-v2_default.build//home/mmo/git_workspace/Flow/src/modules/flow/module.pre.o
                0x0800f160                DMA_DeInit
 .text.DMA_Init
                0x0800f290       0x70 /home/mmo/git_workspace/Flow/Build/px4flow-v2_default.build//home/mmo/git_workspace/Flow/src/modules/flow/module.pre.o
                0x0800f290                DMA_Init
 .text.DMA_Cmd  0x0800f300       0x14 /home/mmo/git_workspace/Flow/Build/px4flow-v2_default.build//home/mmo/git_workspace/Flow/src/modules/flow/module.pre.o
                0x0800f300                DMA_Cmd
 .text.DMA_DoubleBufferModeConfig
                0x0800f314       0x18 /home/mmo/git_workspace/Flow/Build/px4flow-v2_default.build//home/mmo/git_workspace/Flow/src/modules/flow/module.pre.o
                0x0800f314                DMA_DoubleBufferModeConfig
 .text.DMA_DoubleBufferModeCmd
                0x0800f32c       0x14 /home/mmo/git_workspace/Flow/Build/px4flow-v2_default.build//home/mmo/git_workspace/Flow/src/modules/flow/module.pre.o
                0x0800f32c                DMA_DoubleBufferModeCmd
 .text.DMA_GetCurrentMemoryTarget
                0x0800f340        0x8 /home/mmo/git_workspace/Flow/Build/px4flow-v2_default.build//home/mmo/git_workspace/Flow/src/modules/flow/module.pre.o
                0x0800f340                DMA_GetCurrentMemoryTarget
 .text.DMA_ITConfig
                0x0800f348       0x40 /home/mmo/git_workspace/Flow/Build/px4flow-v2_default.build//home/mmo/git_workspace/Flow/src/modules/flow/module.pre.o
                0x0800f348                DMA_ITConfig
 .text.DMA_GetITStatus
                0x0800f388       0x50 /home/mmo/git_workspace/Flow/Build/px4flow-v2_default.build//home/mmo/git_workspace/Flow/src/modules/flow/module.pre.o
                0x0800f388                DMA_GetITStatus
 .text.DMA_ClearITPendingBit
                0x0800f3d8       0x34 /home/mmo/git_workspace/Flow/Build/px4flow-v2_default.build//home/mmo/git_workspace/Flow/src/modules/flow/module.pre.o
                0x0800f3d8                DMA_ClearITPendingBit
 .text.DCMI_Init
                0x0800f40c       0x48 /home/mmo/git_workspace/Flow/Build/px4flow-v2_default.build//home/mmo/git_workspace/Flow/src/modules/flow/module.pre.o
                0x0800f40c                DCMI_Init
 .text.DCMI_Cmd
                0x0800f454       0x1c /home/mmo/git_workspace/Flow/Build/px4flow-v2_default.build//home/mmo/git_workspace/Flow/src/modules/flow/module.pre.o
                0x0800f454                DCMI_Cmd
 .text.DCMI_CaptureCmd
                0x0800f470       0x1c /home/mmo/git_workspace/Flow/Build/px4flow-v2_default.build//home/mmo/git_workspace/Flow/src/modules/flow/module.pre.o
                0x0800f470                DCMI_CaptureCmd
 .text.DCMI_ITConfig
                0x0800f48c       0x1c /home/mmo/git_workspace/Flow/Build/px4flow-v2_default.build//home/mmo/git_workspace/Flow/src/modules/flow/module.pre.o
                0x0800f48c                DCMI_ITConfig
 .text.DCMI_GetITStatus
                0x0800f4a8       0x14 /home/mmo/git_workspace/Flow/Build/px4flow-v2_default.build//home/mmo/git_workspace/Flow/src/modules/flow/module.pre.o
                0x0800f4a8                DCMI_GetITStatus
 .text.DCMI_ClearITPendingBit
                0x0800f4bc        0xc /home/mmo/git_workspace/Flow/Build/px4flow-v2_default.build//home/mmo/git_workspace/Flow/src/modules/flow/module.pre.o
                0x0800f4bc                DCMI_ClearITPendingBit
 .text.I2C_DeInit
                0x0800f4c8       0x6c /home/mmo/git_workspace/Flow/Build/px4flow-v2_default.build//home/mmo/git_workspace/Flow/src/modules/flow/module.pre.o
                0x0800f4c8                I2C_DeInit
 .text.I2C_Init
                0x0800f534       0xe4 /home/mmo/git_workspace/Flow/Build/px4flow-v2_default.build//home/mmo/git_workspace/Flow/src/modules/flow/module.pre.o
                0x0800f534                I2C_Init
 .text.I2C_Cmd  0x0800f618       0x1c /home/mmo/git_workspace/Flow/Build/px4flow-v2_default.build//home/mmo/git_workspace/Flow/src/modules/flow/module.pre.o
                0x0800f618                I2C_Cmd
 .text.I2C_GenerateSTART
                0x0800f634       0x1c /home/mmo/git_workspace/Flow/Build/px4flow-v2_default.build//home/mmo/git_workspace/Flow/src/modules/flow/module.pre.o
                0x0800f634                I2C_GenerateSTART
 .text.I2C_GenerateSTOP
                0x0800f650       0x1c /home/mmo/git_workspace/Flow/Build/px4flow-v2_default.build//home/mmo/git_workspace/Flow/src/modules/flow/module.pre.o
                0x0800f650                I2C_GenerateSTOP
 .text.I2C_Send7bitAddress
                0x0800f66c       0x18 /home/mmo/git_workspace/Flow/Build/px4flow-v2_default.build//home/mmo/git_workspace/Flow/src/modules/flow/module.pre.o
                0x0800f66c                I2C_Send7bitAddress
 .text.I2C_AcknowledgeConfig
                0x0800f684       0x1c /home/mmo/git_workspace/Flow/Build/px4flow-v2_default.build//home/mmo/git_workspace/Flow/src/modules/flow/module.pre.o
                0x0800f684                I2C_AcknowledgeConfig
 .text.I2C_SoftwareResetCmd
                0x0800f6a0       0x1c /home/mmo/git_workspace/Flow/Build/px4flow-v2_default.build//home/mmo/git_workspace/Flow/src/modules/flow/module.pre.o
                0x0800f6a0                I2C_SoftwareResetCmd
 .text.I2C_SendData
                0x0800f6bc        0x4 /home/mmo/git_workspace/Flow/Build/px4flow-v2_default.build//home/mmo/git_workspace/Flow/src/modules/flow/module.pre.o
                0x0800f6bc                I2C_SendData
 .text.I2C_ReceiveData
                0x0800f6c0        0x8 /home/mmo/git_workspace/Flow/Build/px4flow-v2_default.build//home/mmo/git_workspace/Flow/src/modules/flow/module.pre.o
                0x0800f6c0                I2C_ReceiveData
 .text.I2C_ReadRegister
                0x0800f6c8       0x18 /home/mmo/git_workspace/Flow/Build/px4flow-v2_default.build//home/mmo/git_workspace/Flow/src/modules/flow/module.pre.o
                0x0800f6c8                I2C_ReadRegister
 .text.I2C_ITConfig
                0x0800f6e0       0x14 /home/mmo/git_workspace/Flow/Build/px4flow-v2_default.build//home/mmo/git_workspace/Flow/src/modules/flow/module.pre.o
                0x0800f6e0                I2C_ITConfig
 .text.I2C_CheckEvent
                0x0800f6f4       0x1c /home/mmo/git_workspace/Flow/Build/px4flow-v2_default.build//home/mmo/git_workspace/Flow/src/modules/flow/module.pre.o
                0x0800f6f4                I2C_CheckEvent
 .text.I2C_GetITStatus
                0x0800f710       0x1c /home/mmo/git_workspace/Flow/Build/px4flow-v2_default.build//home/mmo/git_workspace/Flow/src/modules/flow/module.pre.o
                0x0800f710                I2C_GetITStatus
 .text.TIM_TimeBaseInit
                0x0800f72c       0x9c /home/mmo/git_workspace/Flow/Build/px4flow-v2_default.build//home/mmo/git_workspace/Flow/src/modules/flow/module.pre.o
                0x0800f72c                TIM_TimeBaseInit
 .text.TIM_ARRPreloadConfig
                0x0800f7c8       0x1c /home/mmo/git_workspace/Flow/Build/px4flow-v2_default.build//home/mmo/git_workspace/Flow/src/modules/flow/module.pre.o
                0x0800f7c8                TIM_ARRPreloadConfig
 .text.TIM_Cmd  0x0800f7e4       0x1c /home/mmo/git_workspace/Flow/Build/px4flow-v2_default.build//home/mmo/git_workspace/Flow/src/modules/flow/module.pre.o
                0x0800f7e4                TIM_Cmd
 .text.TIM_OC3Init
                0x0800f800       0x90 /home/mmo/git_workspace/Flow/Build/px4flow-v2_default.build//home/mmo/git_workspace/Flow/src/modules/flow/module.pre.o
                0x0800f800                TIM_OC3Init
 .text.TIM_OC3PreloadConfig
                0x0800f890       0x10 /home/mmo/git_workspace/Flow/Build/px4flow-v2_default.build//home/mmo/git_workspace/Flow/src/modules/flow/module.pre.o
                0x0800f890                TIM_OC3PreloadConfig
 .text.TIM_CtrlPWMOutputs
                0x0800f8a0       0x20 /home/mmo/git_workspace/Flow/Build/px4flow-v2_default.build//home/mmo/git_workspace/Flow/src/modules/flow/module.pre.o
                0x0800f8a0                TIM_CtrlPWMOutputs
 .text.TIM_CCPreloadControl
                0x0800f8c0       0x1c /home/mmo/git_workspace/Flow/Build/px4flow-v2_default.build//home/mmo/git_workspace/Flow/src/modules/flow/module.pre.o
                0x0800f8c0                TIM_CCPreloadControl
 .text.SPI_Init
                0x0800f8dc       0x50 /home/mmo/git_workspace/Flow/Build/px4flow-v2_default.build//home/mmo/git_workspace/Flow/src/modules/flow/module.pre.o
                0x0800f8dc                SPI_Init
 .text.SPI_Cmd  0x0800f92c       0x1c /home/mmo/git_workspace/Flow/Build/px4flow-v2_default.build//home/mmo/git_workspace/Flow/src/modules/flow/module.pre.o
                0x0800f92c                SPI_Cmd
 .text.SPI_I2S_ReceiveData
                0x0800f948        0x8 /home/mmo/git_workspace/Flow/Build/px4flow-v2_default.build//home/mmo/git_workspace/Flow/src/modules/flow/module.pre.o
                0x0800f948                SPI_I2S_ReceiveData
 .text.SPI_I2S_SendData
                0x0800f950        0x4 /home/mmo/git_workspace/Flow/Build/px4flow-v2_default.build//home/mmo/git_workspace/Flow/src/modules/flow/module.pre.o
                0x0800f950                SPI_I2S_SendData
 .text.SPI_I2S_GetFlagStatus
                0x0800f954        0xc /home/mmo/git_workspace/Flow/Build/px4flow-v2_default.build//home/mmo/git_workspace/Flow/src/modules/flow/module.pre.o
                0x0800f954                SPI_I2S_GetFlagStatus
 .text.USART_Init
                0x0800f960       0xc4 /home/mmo/git_workspace/Flow/Build/px4flow-v2_default.build//home/mmo/git_workspace/Flow/src/modules/flow/module.pre.o
                0x0800f960                USART_Init
 .text.USART_Cmd
                0x0800fa24       0x1c /home/mmo/git_workspace/Flow/Build/px4flow-v2_default.build//home/mmo/git_workspace/Flow/src/modules/flow/module.pre.o
                0x0800fa24                USART_Cmd
 .text.USART_SendData
                0x0800fa40        0x8 /home/mmo/git_workspace/Flow/Build/px4flow-v2_default.build//home/mmo/git_workspace/Flow/src/modules/flow/module.pre.o
                0x0800fa40                USART_SendData
 .text.USART_ReceiveData
                0x0800fa48        0x8 /home/mmo/git_workspace/Flow/Build/px4flow-v2_default.build//home/mmo/git_workspace/Flow/src/modules/flow/module.pre.o
                0x0800fa48                USART_ReceiveData
 .text.USART_ITConfig
                0x0800fa50       0x3c /home/mmo/git_workspace/Flow/Build/px4flow-v2_default.build//home/mmo/git_workspace/Flow/src/modules/flow/module.pre.o
                0x0800fa50                USART_ITConfig
 .text.USART_GetITStatus
                0x0800fa8c       0x4c /home/mmo/git_workspace/Flow/Build/px4flow-v2_default.build//home/mmo/git_workspace/Flow/src/modules/flow/module.pre.o
                0x0800fa8c                USART_GetITStatus
 .text.GPIO_Init
                0x0800fad8       0xb0 /home/mmo/git_workspace/Flow/Build/px4flow-v2_default.build//home/mmo/git_workspace/Flow/src/modules/flow/module.pre.o
                0x0800fad8                GPIO_Init
 .text.GPIO_SetBits
                0x0800fb88        0x4 /home/mmo/git_workspace/Flow/Build/px4flow-v2_default.build//home/mmo/git_workspace/Flow/src/modules/flow/module.pre.o
                0x0800fb88                GPIO_SetBits
 .text.GPIO_ResetBits
                0x0800fb8c        0x4 /home/mmo/git_workspace/Flow/Build/px4flow-v2_default.build//home/mmo/git_workspace/Flow/src/modules/flow/module.pre.o
                0x0800fb8c                GPIO_ResetBits
 .text.GPIO_PinAFConfig
                0x0800fb90       0x28 /home/mmo/git_workspace/Flow/Build/px4flow-v2_default.build//home/mmo/git_workspace/Flow/src/modules/flow/module.pre.o
                0x0800fb90                GPIO_PinAFConfig
 .text.USB_OTG_WritePacket
                0x0800fbb8       0x28 /home/mmo/git_workspace/Flow/Build/px4flow-v2_default.build//home/mmo/git_workspace/Flow/src/modules/flow/module.pre.o
                0x0800fbb8                USB_OTG_WritePacket
 .text.USB_OTG_ReadPacket
                0x0800fbe0       0x28 /home/mmo/git_workspace/Flow/Build/px4flow-v2_default.build//home/mmo/git_workspace/Flow/src/modules/flow/module.pre.o
                0x0800fbe0                USB_OTG_ReadPacket
 .text.USB_OTG_SelectCore
                0x0800fc08      0x34c /home/mmo/git_workspace/Flow/Build/px4flow-v2_default.build//home/mmo/git_workspace/Flow/src/modules/flow/module.pre.o
                0x0800fc08                USB_OTG_SelectCore
 .text.USB_OTG_CoreInit
                0x0800ff54      0x13c /home/mmo/git_workspace/Flow/Build/px4flow-v2_default.build//home/mmo/git_workspace/Flow/src/modules/flow/module.pre.o
                0x0800ff54                USB_OTG_CoreInit
 .text.USB_OTG_EnableGlobalInt
                0x08010090       0x10 /home/mmo/git_workspace/Flow/Build/px4flow-v2_default.build//home/mmo/git_workspace/Flow/src/modules/flow/module.pre.o
                0x08010090                USB_OTG_EnableGlobalInt
 .text.USB_OTG_DisableGlobalInt
                0x080100a0       0x10 /home/mmo/git_workspace/Flow/Build/px4flow-v2_default.build//home/mmo/git_workspace/Flow/src/modules/flow/module.pre.o
                0x080100a0                USB_OTG_DisableGlobalInt
 .text.USB_OTG_FlushTxFifo
                0x080100b0       0x50 /home/mmo/git_workspace/Flow/Build/px4flow-v2_default.build//home/mmo/git_workspace/Flow/src/modules/flow/module.pre.o
                0x080100b0                USB_OTG_FlushTxFifo
 .text.USB_OTG_SetCurrentMode
                0x08010100       0x2c /home/mmo/git_workspace/Flow/Build/px4flow-v2_default.build//home/mmo/git_workspace/Flow/src/modules/flow/module.pre.o
                0x08010100                USB_OTG_SetCurrentMode
 .text.USB_OTG_IsDeviceMode
                0x0801012c       0x10 /home/mmo/git_workspace/Flow/Build/px4flow-v2_default.build//home/mmo/git_workspace/Flow/src/modules/flow/module.pre.o
                0x0801012c                USB_OTG_IsDeviceMode
 .text.USB_OTG_ReadCoreItr
                0x0801013c        0xc /home/mmo/git_workspace/Flow/Build/px4flow-v2_default.build//home/mmo/git_workspace/Flow/src/modules/flow/module.pre.o
                0x0801013c                USB_OTG_ReadCoreItr
 .text.USB_OTG_CoreInitDev
                0x08010148      0x1c8 /home/mmo/git_workspace/Flow/Build/px4flow-v2_default.build//home/mmo/git_workspace/Flow/src/modules/flow/module.pre.o
                0x08010148                USB_OTG_CoreInitDev
 .text.USB_OTG_GetDeviceSpeed
                0x08010310       0x20 /home/mmo/git_workspace/Flow/Build/px4flow-v2_default.build//home/mmo/git_workspace/Flow/src/modules/flow/module.pre.o
                0x08010310                USB_OTG_GetDeviceSpeed
 .text.USB_OTG_EP0Activate
                0x08010330       0x2c /home/mmo/git_workspace/Flow/Build/px4flow-v2_default.build//home/mmo/git_workspace/Flow/src/modules/flow/module.pre.o
                0x08010330                USB_OTG_EP0Activate
 .text.USB_OTG_EPActivate
                0x0801035c       0x5c /home/mmo/git_workspace/Flow/Build/px4flow-v2_default.build//home/mmo/git_workspace/Flow/src/modules/flow/module.pre.o
                0x0801035c                USB_OTG_EPActivate
 .text.USB_OTG_EPDeactivate
                0x080103b8       0x44 /home/mmo/git_workspace/Flow/Build/px4flow-v2_default.build//home/mmo/git_workspace/Flow/src/modules/flow/module.pre.o
                0x080103b8                USB_OTG_EPDeactivate
 .text.USB_OTG_EPStartXfer
                0x080103fc      0x13c /home/mmo/git_workspace/Flow/Build/px4flow-v2_default.build//home/mmo/git_workspace/Flow/src/modules/flow/module.pre.o
                0x080103fc                USB_OTG_EPStartXfer
 .text.USB_OTG_EP0StartXfer
                0x08010538      0x104 /home/mmo/git_workspace/Flow/Build/px4flow-v2_default.build//home/mmo/git_workspace/Flow/src/modules/flow/module.pre.o
                0x08010538                USB_OTG_EP0StartXfer
 .text.USB_OTG_EPSetStall
                0x0801063c       0x30 /home/mmo/git_workspace/Flow/Build/px4flow-v2_default.build//home/mmo/git_workspace/Flow/src/modules/flow/module.pre.o
                0x0801063c                USB_OTG_EPSetStall
 .text.USB_OTG_EPClearStall
                0x0801066c       0x2c /home/mmo/git_workspace/Flow/Build/px4flow-v2_default.build//home/mmo/git_workspace/Flow/src/modules/flow/module.pre.o
                0x0801066c                USB_OTG_EPClearStall
 .text.USB_OTG_ReadDevAllOutEp_itr
                0x08010698        0xc /home/mmo/git_workspace/Flow/Build/px4flow-v2_default.build//home/mmo/git_workspace/Flow/src/modules/flow/module.pre.o
                0x08010698                USB_OTG_ReadDevAllOutEp_itr
 .text.USB_OTG_ReadDevOutEP_itr
                0x080106a4       0x10 /home/mmo/git_workspace/Flow/Build/px4flow-v2_default.build//home/mmo/git_workspace/Flow/src/modules/flow/module.pre.o
                0x080106a4                USB_OTG_ReadDevOutEP_itr
 .text.USB_OTG_ReadDevAllInEPItr
                0x080106b4        0xc /home/mmo/git_workspace/Flow/Build/px4flow-v2_default.build//home/mmo/git_workspace/Flow/src/modules/flow/module.pre.o
                0x080106b4                USB_OTG_ReadDevAllInEPItr
 .text.USB_OTG_EP0_OutStart
                0x080106c0       0x48 /home/mmo/git_workspace/Flow/Build/px4flow-v2_default.build//home/mmo/git_workspace/Flow/src/modules/flow/module.pre.o
                0x080106c0                USB_OTG_EP0_OutStart
 .text.USBD_OTG_ISR_Handler
                0x08010708      0x5e4 /home/mmo/git_workspace/Flow/Build/px4flow-v2_default.build//home/mmo/git_workspace/Flow/src/modules/flow/module.pre.o
                0x08010708                USBD_OTG_ISR_Handler
 .text.DCD_Init
                0x08010cec      0x474 /home/mmo/git_workspace/Flow/Build/px4flow-v2_default.build//home/mmo/git_workspace/Flow/src/modules/flow/module.pre.o
                0x08010cec                DCD_Init
 .text.DCD_EP_Open
                0x08011160       0x60 /home/mmo/git_workspace/Flow/Build/px4flow-v2_default.build//home/mmo/git_workspace/Flow/src/modules/flow/module.pre.o
                0x08011160                DCD_EP_Open
 .text.DCD_EP_Close
                0x080111c0       0x38 /home/mmo/git_workspace/Flow/Build/px4flow-v2_default.build//home/mmo/git_workspace/Flow/src/modules/flow/module.pre.o
                0x080111c0                DCD_EP_Close
 .text.DCD_EP_PrepareRx
                0x080111f8       0x50 /home/mmo/git_workspace/Flow/Build/px4flow-v2_default.build//home/mmo/git_workspace/Flow/src/modules/flow/module.pre.o
                0x080111f8                DCD_EP_PrepareRx
 .text.DCD_EP_Tx
                0x08011248       0x4c /home/mmo/git_workspace/Flow/Build/px4flow-v2_default.build//home/mmo/git_workspace/Flow/src/modules/flow/module.pre.o
                0x08011248                DCD_EP_Tx
 .text.DCD_EP_Stall
                0x08011294       0x3c /home/mmo/git_workspace/Flow/Build/px4flow-v2_default.build//home/mmo/git_workspace/Flow/src/modules/flow/module.pre.o
                0x08011294                DCD_EP_Stall
 .text.DCD_EP_ClrStall
                0x080112d0       0x3c /home/mmo/git_workspace/Flow/Build/px4flow-v2_default.build//home/mmo/git_workspace/Flow/src/modules/flow/module.pre.o
                0x080112d0                DCD_EP_ClrStall
 .text.DCD_EP_SetAddress
                0x0801130c       0x10 /home/mmo/git_workspace/Flow/Build/px4flow-v2_default.build//home/mmo/git_workspace/Flow/src/modules/flow/module.pre.o
                0x0801130c                DCD_EP_SetAddress
 .text.USBD_Resume
                0x0801131c       0x18 /home/mmo/git_workspace/Flow/Build/px4flow-v2_default.build//home/mmo/git_workspace/Flow/src/modules/flow/module.pre.o
 .text.USBD_Suspend
                0x08011334       0x1c /home/mmo/git_workspace/Flow/Build/px4flow-v2_default.build//home/mmo/git_workspace/Flow/src/modules/flow/module.pre.o
 .text.USBD_SOF
                0x08011350       0x10 /home/mmo/git_workspace/Flow/Build/px4flow-v2_default.build//home/mmo/git_workspace/Flow/src/modules/flow/module.pre.o
 .text.USBD_IsoINIncomplete
                0x08011360       0x10 /home/mmo/git_workspace/Flow/Build/px4flow-v2_default.build//home/mmo/git_workspace/Flow/src/modules/flow/module.pre.o
 .text.USBD_IsoOUTIncomplete
                0x08011370       0x10 /home/mmo/git_workspace/Flow/Build/px4flow-v2_default.build//home/mmo/git_workspace/Flow/src/modules/flow/module.pre.o
 .text.USBD_DevConnected
                0x08011380       0x18 /home/mmo/git_workspace/Flow/Build/px4flow-v2_default.build//home/mmo/git_workspace/Flow/src/modules/flow/module.pre.o
 .text.USBD_DevDisconnected
                0x08011398       0x20 /home/mmo/git_workspace/Flow/Build/px4flow-v2_default.build//home/mmo/git_workspace/Flow/src/modules/flow/module.pre.o
 .text.USBD_Reset
                0x080113b8       0x30 /home/mmo/git_workspace/Flow/Build/px4flow-v2_default.build//home/mmo/git_workspace/Flow/src/modules/flow/module.pre.o
 .text.USBD_SetupStage
                0x080113e8       0x58 /home/mmo/git_workspace/Flow/Build/px4flow-v2_default.build//home/mmo/git_workspace/Flow/src/modules/flow/module.pre.o
 .text.USBD_DataInStage
                0x08011440       0xb8 /home/mmo/git_workspace/Flow/Build/px4flow-v2_default.build//home/mmo/git_workspace/Flow/src/modules/flow/module.pre.o
 .text.USBD_DataOutStage
                0x080114f8       0x78 /home/mmo/git_workspace/Flow/Build/px4flow-v2_default.build//home/mmo/git_workspace/Flow/src/modules/flow/module.pre.o
 .text.USBD_Init
                0x08011570       0x38 /home/mmo/git_workspace/Flow/Build/px4flow-v2_default.build//home/mmo/git_workspace/Flow/src/modules/flow/module.pre.o
                0x08011570                USBD_Init
 .text.USBD_SetCfg
                0x080115a8       0x18 /home/mmo/git_workspace/Flow/Build/px4flow-v2_default.build//home/mmo/git_workspace/Flow/src/modules/flow/module.pre.o
                0x080115a8                USBD_SetCfg
 .text.USBD_ClrCfg
                0x080115c0       0x10 /home/mmo/git_workspace/Flow/Build/px4flow-v2_default.build//home/mmo/git_workspace/Flow/src/modules/flow/module.pre.o
                0x080115c0                USBD_ClrCfg
 .text.USBD_StdDevReq
                0x080115d0      0x2f4 /home/mmo/git_workspace/Flow/Build/px4flow-v2_default.build//home/mmo/git_workspace/Flow/src/modules/flow/module.pre.o
                0x080115d0                USBD_StdDevReq
 .text.USBD_StdItfReq
                0x080118c4       0x44 /home/mmo/git_workspace/Flow/Build/px4flow-v2_default.build//home/mmo/git_workspace/Flow/src/modules/flow/module.pre.o
                0x080118c4                USBD_StdItfReq
 .text.USBD_StdEPReq
                0x08011908       0xd4 /home/mmo/git_workspace/Flow/Build/px4flow-v2_default.build//home/mmo/git_workspace/Flow/src/modules/flow/module.pre.o
                0x08011908                USBD_StdEPReq
 .text.USBD_ParseSetupRequest
                0x080119dc       0x44 /home/mmo/git_workspace/Flow/Build/px4flow-v2_default.build//home/mmo/git_workspace/Flow/src/modules/flow/module.pre.o
                0x080119dc                USBD_ParseSetupRequest
 .text.USBD_CtlError
                0x08011a20       0x1c /home/mmo/git_workspace/Flow/Build/px4flow-v2_default.build//home/mmo/git_workspace/Flow/src/modules/flow/module.pre.o
                0x08011a20                USBD_CtlError
 .text.USBD_GetString
                0x08011a3c       0x4c /home/mmo/git_workspace/Flow/Build/px4flow-v2_default.build//home/mmo/git_workspace/Flow/src/modules/flow/module.pre.o
                0x08011a3c                USBD_GetString
 .text.USBD_CtlSendData
                0x08011a88       0x20 /home/mmo/git_workspace/Flow/Build/px4flow-v2_default.build//home/mmo/git_workspace/Flow/src/modules/flow/module.pre.o
                0x08011a88                USBD_CtlSendData
 .text.USBD_CtlContinueSendData
                0x08011aa8       0x10 /home/mmo/git_workspace/Flow/Build/px4flow-v2_default.build//home/mmo/git_workspace/Flow/src/modules/flow/module.pre.o
                0x08011aa8                USBD_CtlContinueSendData
 .text.USBD_CtlPrepareRx
                0x08011ab8       0x20 /home/mmo/git_workspace/Flow/Build/px4flow-v2_default.build//home/mmo/git_workspace/Flow/src/modules/flow/module.pre.o
                0x08011ab8                USBD_CtlPrepareRx
 .text.USBD_CtlContinueRx
                0x08011ad8       0x10 /home/mmo/git_workspace/Flow/Build/px4flow-v2_default.build//home/mmo/git_workspace/Flow/src/modules/flow/module.pre.o
                0x08011ad8                USBD_CtlContinueRx
 .text.USBD_CtlSendStatus
                0x08011ae8       0x20 /home/mmo/git_workspace/Flow/Build/px4flow-v2_default.build//home/mmo/git_workspace/Flow/src/modules/flow/module.pre.o
                0x08011ae8                USBD_CtlSendStatus
 .text.USBD_CtlReceiveStatus
                0x08011b08       0x20 /home/mmo/git_workspace/Flow/Build/px4flow-v2_default.build//home/mmo/git_workspace/Flow/src/modules/flow/module.pre.o
                0x08011b08                USBD_CtlReceiveStatus
 .text.usbd_cdc_EP0_RxReady
                0x08011b28       0x30 /home/mmo/git_workspace/Flow/Build/px4flow-v2_default.build//home/mmo/git_workspace/Flow/src/modules/flow/module.pre.o
 .text.USBD_cdc_GetCfgDesc
                0x08011b58        0xc /home/mmo/git_workspace/Flow/Build/px4flow-v2_default.build//home/mmo/git_workspace/Flow/src/modules/flow/module.pre.o
 .text.usbd_cdc_SOF
                0x08011b64       0x94 /home/mmo/git_workspace/Flow/Build/px4flow-v2_default.build//home/mmo/git_workspace/Flow/src/modules/flow/module.pre.o
 .text.usbd_cdc_DataOut
                0x08011bf8       0x34 /home/mmo/git_workspace/Flow/Build/px4flow-v2_default.build//home/mmo/git_workspace/Flow/src/modules/flow/module.pre.o
 .text.usbd_cdc_Setup
                0x08011c2c       0xcc /home/mmo/git_workspace/Flow/Build/px4flow-v2_default.build//home/mmo/git_workspace/Flow/src/modules/flow/module.pre.o
 .text.usbd_cdc_DeInit
                0x08011cf8       0x28 /home/mmo/git_workspace/Flow/Build/px4flow-v2_default.build//home/mmo/git_workspace/Flow/src/modules/flow/module.pre.o
 .text.usbd_cdc_Init
                0x08011d20       0x54 /home/mmo/git_workspace/Flow/Build/px4flow-v2_default.build//home/mmo/git_workspace/Flow/src/modules/flow/module.pre.o
 .text.usbd_cdc_DataIn
                0x08011d74       0x58 /home/mmo/git_workspace/Flow/Build/px4flow-v2_default.build//home/mmo/git_workspace/Flow/src/modules/flow/module.pre.o
 .text.__libc_init_array
                0x08011dcc       0x4c /home/mmo/git_workspace/Flow/Build/px4flow-v2_default.build//home/mmo/git_workspace/Flow/src/modules/libc/module.pre.o
                0x08011dcc                __libc_init_array
 .text.strncmp  0x08011e18       0x3c /home/mmo/git_workspace/Flow/Build/px4flow-v2_default.build//home/mmo/git_workspace/Flow/src/modules/libc/module.pre.o
                0x08011e18                strncmp
 .text.memcpy   0x08011e54       0x8c /home/mmo/git_workspace/Flow/Build/px4flow-v2_default.build//home/mmo/git_workspace/Flow/src/modules/libc/module.pre.o
                0x08011e54                memcpy
 .text.memset   0x08011ee0       0x80 /home/mmo/git_workspace/Flow/Build/px4flow-v2_default.build//home/mmo/git_workspace/Flow/src/modules/libc/module.pre.o
                0x08011ee0                memset
 .text.lib_skipspace
                0x08011f60       0x20 /home/mmo/git_workspace/Flow/Build/px4flow-v2_default.build//home/mmo/git_workspace/Flow/src/modules/libc/module.pre.o
                0x08011f60                lib_skipspace
 .text.lib_isbasedigit
                0x08011f80       0x50 /home/mmo/git_workspace/Flow/Build/px4flow-v2_default.build//home/mmo/git_workspace/Flow/src/modules/libc/module.pre.o
                0x08011f80                lib_isbasedigit
 .text.printf   0x08011fd0       0x10 /home/mmo/git_workspace/Flow/Build/px4flow-v2_default.build//home/mmo/git_workspace/Flow/src/modules/libc/module.pre.o
                0x08011fd0                printf
 .text.strtol   0x08011fe0       0x44 /home/mmo/git_workspace/Flow/Build/px4flow-v2_default.build//home/mmo/git_workspace/Flow/src/modules/libc/module.pre.o
                0x08011fe0                strtol
 .text.strtoul  0x08012024       0x50 /home/mmo/git_workspace/Flow/Build/px4flow-v2_default.build//home/mmo/git_workspace/Flow/src/modules/libc/module.pre.o
                0x08012024                strtoul
 .text.lib_checkbase
                0x08012074       0x54 /home/mmo/git_workspace/Flow/Build/px4flow-v2_default.build//home/mmo/git_workspace/Flow/src/modules/libc/module.pre.o
                0x08012074                lib_checkbase
 .text.qsort    0x080120c8      0xb28 /home/mmo/git_workspace/Flow/Build/px4flow-v2_default.build//home/mmo/git_workspace/Flow/src/modules/libc/module.pre.o
                0x080120c8                qsort
 .text._ZdlPv   0x08012bf0        0x4 /home/mmo/git_workspace/Flow/Build/px4flow-v2_default.build//home/mmo/git_workspace/Flow/src/modules/libcxx/module.pre.o
                0x08012bf0                operator delete(void*)
 .text.__aeabi_atexit
                0x08012bf4        0x4 /home/mmo/git_workspace/Flow/Build/px4flow-v2_default.build//home/mmo/git_workspace/Flow/src/modules/libcxx/module.pre.o
                0x08012bf4                __aeabi_atexit
 .text.__cxa_pure_virtual
                0x08012bf8        0x4 /home/mmo/git_workspace/Flow/Build/px4flow-v2_default.build//home/mmo/git_workspace/Flow/src/modules/libcxx/module.pre.o
                0x08012bf8                __cxa_pure_virtual
 .text.abort    0x08012bfc        0x4 /home/mmo/git_workspace/Flow/Build/px4flow-v2_default.build//home/mmo/git_workspace/Flow/src/modules/libcxx/module.pre.o
                0x08012bfc                abort
 .text.distance_init
                0x08012c00       0xec /home/mmo/git_workspace/Flow/Build/px4flow-v2_default.build//home/mmo/git_workspace/Flow/src/modules/lidar-sf10/module.pre.o
                0x08012c00                distance_init
 .text.distance_trigger
                0x08012cec        0x4 /home/mmo/git_workspace/Flow/Build/px4flow-v2_default.build//home/mmo/git_workspace/Flow/src/modules/lidar-sf10/module.pre.o
                0x08012cec                distance_trigger
 .text.distance_readback
                0x08012cf0       0x18 /home/mmo/git_workspace/Flow/Build/px4flow-v2_default.build//home/mmo/git_workspace/Flow/src/modules/lidar-sf10/module.pre.o
                0x08012cf0                distance_readback
 .text.I2C1_EV_IRQHandler
                0x08012d08       0xec /home/mmo/git_workspace/Flow/Build/px4flow-v2_default.build//home/mmo/git_workspace/Flow/src/modules/lidar-sf10/module.pre.o
                0x08012d08                I2C1_EV_IRQHandler
 .text.I2C1_ER_IRQHandler
                0x08012df4       0x30 /home/mmo/git_workspace/Flow/Build/px4flow-v2_default.build//home/mmo/git_workspace/Flow/src/modules/lidar-sf10/module.pre.o
                0x08012df4                I2C1_ER_IRQHandler
 .text.distance_read
                0x08012e24       0x2c /home/mmo/git_workspace/Flow/Build/px4flow-v2_default.build//home/mmo/git_workspace/Flow/src/modules/lidar-sf10/module.pre.o
                0x08012e24                distance_read
 .text.get_distance_measure_time
                0x08012e50        0xc /home/mmo/git_workspace/Flow/Build/px4flow-v2_default.build//home/mmo/git_workspace/Flow/src/modules/lidar-sf10/module.pre.o
                0x08012e50                get_distance_measure_time
 .text._ZNK6uavcan10ICanDriver8getIfaceEh
                0x08012e5c        0x8 /home/mmo/git_workspace/Flow/Build/px4flow-v2_default.build//home/mmo/git_workspace/Flow/src/modules/uavcannode/module.pre.o
                0x08012e5c                uavcan::ICanDriver::getIface(unsigned char) const
 .text._ZN6uavcan21TransferBufferManagerILt0ELh0EE6accessERKNS_24TransferBufferManagerKeyE
                0x08012e64        0x4 /home/mmo/git_workspace/Flow/Build/px4flow-v2_default.build//home/mmo/git_workspace/Flow/src/modules/uavcannode/module.pre.o
                0x08012e64                uavcan::TransferBufferManager<(unsigned short)0, (unsigned char)0>::access(uavcan::TransferBufferManagerKey const&)
 .text._ZN6uavcan21TransferBufferManagerILt0ELh0EE6createERKNS_24TransferBufferManagerKeyE
                0x08012e68        0x4 /home/mmo/git_workspace/Flow/Build/px4flow-v2_default.build//home/mmo/git_workspace/Flow/src/modules/uavcannode/module.pre.o
                0x08012e68                uavcan::TransferBufferManager<(unsigned short)0, (unsigned char)0>::create(uavcan::TransferBufferManagerKey const&)
 .text._ZN6uavcan21TransferBufferManagerILt0ELh0EE6removeERKNS_24TransferBufferManagerKeyE
                0x08012e6c        0x4 /home/mmo/git_workspace/Flow/Build/px4flow-v2_default.build//home/mmo/git_workspace/Flow/src/modules/uavcannode/module.pre.o
                0x08012e6c                uavcan::TransferBufferManager<(unsigned short)0, (unsigned char)0>::remove(uavcan::TransferBufferManagerKey const&)
 .text._ZNK6uavcan21TransferBufferManagerILt0ELh0EE7isEmptyEv
                0x08012e70        0x4 /home/mmo/git_workspace/Flow/Build/px4flow-v2_default.build//home/mmo/git_workspace/Flow/src/modules/uavcannode/module.pre.o
                0x08012e70                uavcan::TransferBufferManager<(unsigned short)0, (unsigned char)0>::isEmpty() const
 .text._ZN6uavcan16IncomingTransfer7releaseEv
                0x08012e74        0x4 /home/mmo/git_workspace/Flow/Build/px4flow-v2_default.build//home/mmo/git_workspace/Flow/src/modules/uavcannode/module.pre.o
                0x08012e74                uavcan::IncomingTransfer::release()
 .text._ZNK6uavcan8ILogSink11getLogLevelEv
                0x08012e78        0x4 /home/mmo/git_workspace/Flow/Build/px4flow-v2_default.build//home/mmo/git_workspace/Flow/src/modules/uavcannode/module.pre.o
                0x08012e78                uavcan::ILogSink::getLogLevel() const
 .text._ZN6uavcan13PoolAllocatorILj2048ELh48EED2Ev
                0x08012e7c        0x4 /home/mmo/git_workspace/Flow/Build/px4flow-v2_default.build//home/mmo/git_workspace/Flow/src/modules/uavcannode/module.pre.o
                0x08012e7c                uavcan::PoolAllocator<2048u, (unsigned char)48>::~PoolAllocator()
                0x08012e7c                uavcan::PoolAllocator<2048u, (unsigned char)48>::~PoolAllocator()
 .text._ZN6uavcan22GlobalDataTypeRegistry5EntryD2Ev
                0x08012e80        0x4 /home/mmo/git_workspace/Flow/Build/px4flow-v2_default.build//home/mmo/git_workspace/Flow/src/modules/uavcannode/module.pre.o
                0x08012e80                uavcan::GlobalDataTypeRegistry::Entry::~Entry()
                0x08012e80                uavcan::GlobalDataTypeRegistry::Entry::~Entry()
 .text._ZN6uavcan20StaticTransferBufferILt123EED2Ev
                0x08012e84        0x4 /home/mmo/git_workspace/Flow/Build/px4flow-v2_default.build//home/mmo/git_workspace/Flow/src/modules/uavcannode/module.pre.o
                0x08012e84                uavcan::StaticTransferBuffer<(unsigned short)123>::~StaticTransferBuffer()
                0x08012e84                uavcan::StaticTransferBuffer<(unsigned short)123>::~StaticTransferBuffer()
 .text._ZN6uavcan20StaticTransferBufferILt15EED2Ev
                0x08012e88        0x4 /home/mmo/git_workspace/Flow/Build/px4flow-v2_default.build//home/mmo/git_workspace/Flow/src/modules/uavcannode/module.pre.o
                0x08012e88                uavcan::StaticTransferBuffer<(unsigned short)15>::~StaticTransferBuffer()
                0x08012e88                uavcan::StaticTransferBuffer<(unsigned short)15>::~StaticTransferBuffer()
 .text._ZN6uavcan20StaticTransferBufferILt25EED2Ev
                0x08012e8c        0x4 /home/mmo/git_workspace/Flow/Build/px4flow-v2_default.build//home/mmo/git_workspace/Flow/src/modules/uavcannode/module.pre.o
                0x08012e8c                uavcan::StaticTransferBuffer<(unsigned short)25>::~StaticTransferBuffer()
                0x08012e8c                uavcan::StaticTransferBuffer<(unsigned short)25>::~StaticTransferBuffer()
 .text._ZN6uavcan21TransferBufferManagerILt0ELh0EED2Ev
                0x08012e90        0x4 /home/mmo/git_workspace/Flow/Build/px4flow-v2_default.build//home/mmo/git_workspace/Flow/src/modules/uavcannode/module.pre.o
                0x08012e90                uavcan::TransferBufferManager<(unsigned short)0, (unsigned char)0>::~TransferBufferManager()
                0x08012e90                uavcan::TransferBufferManager<(unsigned short)0, (unsigned char)0>::~TransferBufferManager()
 .text._ZN6uavcan32StaticTransferBufferManagerEntryILt84EED2Ev
                0x08012e94        0x4 /home/mmo/git_workspace/Flow/Build/px4flow-v2_default.build//home/mmo/git_workspace/Flow/src/modules/uavcannode/module.pre.o
                0x08012e94                uavcan::StaticTransferBufferManagerEntry<(unsigned short)84>::~StaticTransferBufferManagerEntry()
                0x08012e94                uavcan::StaticTransferBufferManagerEntry<(unsigned short)84>::~StaticTransferBufferManagerEntry()
 .text._ZN6uavcan32StaticTransferBufferManagerEntryILt202EED2Ev
                0x08012e98        0x4 /home/mmo/git_workspace/Flow/Build/px4flow-v2_default.build//home/mmo/git_workspace/Flow/src/modules/uavcannode/module.pre.o
                0x08012e98                uavcan::StaticTransferBufferManagerEntry<(unsigned short)202>::~StaticTransferBufferManagerEntry()
                0x08012e98                uavcan::StaticTransferBufferManagerEntry<(unsigned short)202>::~StaticTransferBufferManagerEntry()
 .text._ZN21RestartRequestHandlerD2Ev
                0x08012e9c        0x4 /home/mmo/git_workspace/Flow/Build/px4flow-v2_default.build//home/mmo/git_workspace/Flow/src/modules/uavcannode/module.pre.o
                0x08012e9c                RestartRequestHandler::~RestartRequestHandler()
                0x08012e9c                RestartRequestHandler::~RestartRequestHandler()
 .text._ZN12uavcan_stm3213CanInitHelperILj5EED2Ev
                0x08012ea0       0x24 /home/mmo/git_workspace/Flow/Build/px4flow-v2_default.build//home/mmo/git_workspace/Flow/src/modules/uavcannode/module.pre.o
                0x08012ea0                uavcan_stm32::CanInitHelper<5u>::~CanInitHelper()
                0x08012ea0                uavcan_stm32::CanInitHelper<5u>::~CanInitHelper()
 .text._ZNK6uavcan21TransferBufferManagerILt202ELh1EE16getStaticByIndexEt
                0x08012ec4        0xc /home/mmo/git_workspace/Flow/Build/px4flow-v2_default.build//home/mmo/git_workspace/Flow/src/modules/uavcannode/module.pre.o
                0x08012ec4                uavcan::TransferBufferManager<(unsigned short)202, (unsigned char)1>::getStaticByIndex(unsigned short) const
 .text._ZN6uavcan4NodeILj2048ELj10EE12getAllocatorEv
                0x08012ed0        0x4 /home/mmo/git_workspace/Flow/Build/px4flow-v2_default.build//home/mmo/git_workspace/Flow/src/modules/uavcannode/module.pre.o
                0x08012ed0                uavcan::Node<2048u, 10u>::getAllocator()
 .text._ZN6uavcan4NodeILj2048ELj10EE12getSchedulerEv
                0x08012ed4        0x8 /home/mmo/git_workspace/Flow/Build/px4flow-v2_default.build//home/mmo/git_workspace/Flow/src/modules/uavcannode/module.pre.o
                0x08012ed4                uavcan::Node<2048u, 10u>::getScheduler()
 .text._ZNK6uavcan4NodeILj2048ELj10EE12getSchedulerEv
                0x08012edc        0x8 /home/mmo/git_workspace/Flow/Build/px4flow-v2_default.build//home/mmo/git_workspace/Flow/src/modules/uavcannode/module.pre.o
                0x08012edc                uavcan::Node<2048u, 10u>::getScheduler() const
 .text._ZN6uavcan13PoolAllocatorILj2048ELh48EE8allocateEj
                0x08012ee4       0x40 /home/mmo/git_workspace/Flow/Build/px4flow-v2_default.build//home/mmo/git_workspace/Flow/src/modules/uavcannode/module.pre.o
                0x08012ee4                uavcan::PoolAllocator<2048u, (unsigned char)48>::allocate(unsigned int)
 .text._ZN6uavcan13PoolAllocatorILj2048ELh48EE10deallocateEPKv
                0x08012f24       0x14 /home/mmo/git_workspace/Flow/Build/px4flow-v2_default.build//home/mmo/git_workspace/Flow/src/modules/uavcannode/module.pre.o
                0x08012f24                uavcan::PoolAllocator<2048u, (unsigned char)48>::deallocate(void const*)
 .text._ZNK6uavcan13PoolAllocatorILj2048ELh48EE12getNumBlocksEv
                0x08012f38        0x4 /home/mmo/git_workspace/Flow/Build/px4flow-v2_default.build//home/mmo/git_workspace/Flow/src/modules/uavcannode/module.pre.o
                0x08012f38                uavcan::PoolAllocator<2048u, (unsigned char)48>::getNumBlocks() const
 .text._ZNK6uavcan21TransferBufferManagerILt84ELh1EE16getStaticByIndexEt
                0x08012f3c        0xc /home/mmo/git_workspace/Flow/Build/px4flow-v2_default.build//home/mmo/git_workspace/Flow/src/modules/uavcannode/module.pre.o
                0x08012f3c                uavcan::TransferBufferManager<(unsigned short)84, (unsigned char)1>::getStaticByIndex(unsigned short) const
 .text._ZN6uavcan20StaticTransferBufferILt129EED2Ev
                0x08012f48        0x4 /home/mmo/git_workspace/Flow/Build/px4flow-v2_default.build//home/mmo/git_workspace/Flow/src/modules/uavcannode/module.pre.o
                0x08012f48                uavcan::StaticTransferBuffer<(unsigned short)129>::~StaticTransferBuffer()
                0x08012f48                uavcan::StaticTransferBuffer<(unsigned short)129>::~StaticTransferBuffer()
 .text._ZN6uavcan20StaticTransferBufferILt73EED2Ev
                0x08012f4c        0x4 /home/mmo/git_workspace/Flow/Build/px4flow-v2_default.build//home/mmo/git_workspace/Flow/src/modules/uavcannode/module.pre.o
                0x08012f4c                uavcan::StaticTransferBuffer<(unsigned short)73>::~StaticTransferBuffer()
                0x08012f4c                uavcan::StaticTransferBuffer<(unsigned short)73>::~StaticTransferBuffer()
 .text._ZN6uavcan20StaticTransferBufferILt1EED2Ev
                0x08012f50        0x4 /home/mmo/git_workspace/Flow/Build/px4flow-v2_default.build//home/mmo/git_workspace/Flow/src/modules/uavcannode/module.pre.o
                0x08012f50                uavcan::StaticTransferBuffer<(unsigned short)1>::~StaticTransferBuffer()
                0x08012f50                uavcan::StaticTransferBuffer<(unsigned short)1>::~StaticTransferBuffer()
 .text._ZN6uavcan20StaticTransferBufferILt93EED2Ev
                0x08012f54        0x4 /home/mmo/git_workspace/Flow/Build/px4flow-v2_default.build//home/mmo/git_workspace/Flow/src/modules/uavcannode/module.pre.o
                0x08012f54                uavcan::StaticTransferBuffer<(unsigned short)93>::~StaticTransferBuffer()
                0x08012f54                uavcan::StaticTransferBuffer<(unsigned short)93>::~StaticTransferBuffer()
 .text._ZN6uavcan20StaticTransferBufferILt377EED2Ev
                0x08012f58        0x4 /home/mmo/git_workspace/Flow/Build/px4flow-v2_default.build//home/mmo/git_workspace/Flow/src/modules/uavcannode/module.pre.o
                0x08012f58                uavcan::StaticTransferBuffer<(unsigned short)377>::~StaticTransferBuffer()
                0x08012f58                uavcan::StaticTransferBuffer<(unsigned short)377>::~StaticTransferBuffer()
 .text._ZN6uavcan19TimerEventForwarderIPFvRKNS_10TimerEventEEE16handleTimerEventES3_
                0x08012f5c       0x14 /home/mmo/git_workspace/Flow/Build/px4flow-v2_default.build//home/mmo/git_workspace/Flow/src/modules/uavcannode/module.pre.o
                0x08012f5c                uavcan::TimerEventForwarder<void (*)(uavcan::TimerEvent const&)>::handleTimerEvent(uavcan::TimerEvent const&)
 .text._ZN6uavcan10SubscriberINS_8protocol15GlobalTimeSync_ILi0EEENS_12MethodBinderIPNS_19GlobalTimeSyncSlaveEMS5_FvRKNS_21ReceivedDataStructureIS3_EEEEELj2ELj0EE24handleReceivedDataStructERS8_
                0x08012f70       0x3c /home/mmo/git_workspace/Flow/Build/px4flow-v2_default.build//home/mmo/git_workspace/Flow/src/modules/uavcannode/module.pre.o
                0x08012f70                uavcan::Subscriber<uavcan::protocol::GlobalTimeSync_<0>, uavcan::MethodBinder<uavcan::GlobalTimeSyncSlave*, void (uavcan::GlobalTimeSyncSlave::*)(uavcan::ReceivedDataStructure<uavcan::protocol::GlobalTimeSync_<0> > const&)>, 2u, 0u>::handleReceivedDataStruct(uavcan::ReceivedDataStructure<uavcan::protocol::GlobalTimeSync_<0> >&)
 .text._ZN6uavcan20StaticTransferBufferILt123EED0Ev
                0x08012fac        0xc /home/mmo/git_workspace/Flow/Build/px4flow-v2_default.build//home/mmo/git_workspace/Flow/src/modules/uavcannode/module.pre.o
                0x08012fac                uavcan::StaticTransferBuffer<(unsigned short)123>::~StaticTransferBuffer()
 .text._ZN6uavcan20StaticTransferBufferILt73EED0Ev
                0x08012fb8        0xc /home/mmo/git_workspace/Flow/Build/px4flow-v2_default.build//home/mmo/git_workspace/Flow/src/modules/uavcannode/module.pre.o
                0x08012fb8                uavcan::StaticTransferBuffer<(unsigned short)73>::~StaticTransferBuffer()
 .text._ZN6uavcan20StaticTransferBufferILt1EED0Ev
                0x08012fc4        0xc /home/mmo/git_workspace/Flow/Build/px4flow-v2_default.build//home/mmo/git_workspace/Flow/src/modules/uavcannode/module.pre.o
                0x08012fc4                uavcan::StaticTransferBuffer<(unsigned short)1>::~StaticTransferBuffer()
 .text._ZN6uavcan20StaticTransferBufferILt93EED0Ev
                0x08012fd0        0xc /home/mmo/git_workspace/Flow/Build/px4flow-v2_default.build//home/mmo/git_workspace/Flow/src/modules/uavcannode/module.pre.o
                0x08012fd0                uavcan::StaticTransferBuffer<(unsigned short)93>::~StaticTransferBuffer()
 .text._ZN6uavcan20StaticTransferBufferILt377EED0Ev
                0x08012fdc        0xc /home/mmo/git_workspace/Flow/Build/px4flow-v2_default.build//home/mmo/git_workspace/Flow/src/modules/uavcannode/module.pre.o
                0x08012fdc                uavcan::StaticTransferBuffer<(unsigned short)377>::~StaticTransferBuffer()
 .text._ZN6uavcan20StaticTransferBufferILt129EED0Ev
                0x08012fe8        0xc /home/mmo/git_workspace/Flow/Build/px4flow-v2_default.build//home/mmo/git_workspace/Flow/src/modules/uavcannode/module.pre.o
                0x08012fe8                uavcan::StaticTransferBuffer<(unsigned short)129>::~StaticTransferBuffer()
 .text._ZN6uavcan20StaticTransferBufferILt15EED0Ev
                0x08012ff4        0xc /home/mmo/git_workspace/Flow/Build/px4flow-v2_default.build//home/mmo/git_workspace/Flow/src/modules/uavcannode/module.pre.o
                0x08012ff4                uavcan::StaticTransferBuffer<(unsigned short)15>::~StaticTransferBuffer()
 .text._ZN6uavcan20StaticTransferBufferILt25EED0Ev
                0x08013000        0xc /home/mmo/git_workspace/Flow/Build/px4flow-v2_default.build//home/mmo/git_workspace/Flow/src/modules/uavcannode/module.pre.o
                0x08013000                uavcan::StaticTransferBuffer<(unsigned short)25>::~StaticTransferBuffer()
 .text._ZN6uavcan13PoolAllocatorILj2048ELh48EED0Ev
                0x0801300c        0xc /home/mmo/git_workspace/Flow/Build/px4flow-v2_default.build//home/mmo/git_workspace/Flow/src/modules/uavcannode/module.pre.o
                0x0801300c                uavcan::PoolAllocator<2048u, (unsigned char)48>::~PoolAllocator()
 .text._ZN6uavcan32StaticTransferBufferManagerEntryILt84EED0Ev
                0x08013018        0xc /home/mmo/git_workspace/Flow/Build/px4flow-v2_default.build//home/mmo/git_workspace/Flow/src/modules/uavcannode/module.pre.o
                0x08013018                uavcan::StaticTransferBufferManagerEntry<(unsigned short)84>::~StaticTransferBufferManagerEntry()
 .text._ZN6uavcan32StaticTransferBufferManagerEntryILt202EED0Ev
                0x08013024        0xc /home/mmo/git_workspace/Flow/Build/px4flow-v2_default.build//home/mmo/git_workspace/Flow/src/modules/uavcannode/module.pre.o
                0x08013024                uavcan::StaticTransferBufferManagerEntry<(unsigned short)202>::~StaticTransferBufferManagerEntry()
 .text._ZN6uavcan21TransferBufferManagerILt0ELh0EED0Ev
                0x08013030        0xc /home/mmo/git_workspace/Flow/Build/px4flow-v2_default.build//home/mmo/git_workspace/Flow/src/modules/uavcannode/module.pre.o
                0x08013030                uavcan::TransferBufferManager<(unsigned short)0, (unsigned char)0>::~TransferBufferManager()
 .text._ZN21RestartRequestHandlerD0Ev
                0x0801303c        0xc /home/mmo/git_workspace/Flow/Build/px4flow-v2_default.build//home/mmo/git_workspace/Flow/src/modules/uavcannode/module.pre.o
                0x0801303c                RestartRequestHandler::~RestartRequestHandler()
 .text._ZN6uavcan21TransferBufferManagerILt84ELh1EED2Ev
                0x08013048       0x2c /home/mmo/git_workspace/Flow/Build/px4flow-v2_default.build//home/mmo/git_workspace/Flow/src/modules/uavcannode/module.pre.o
                0x08013048                uavcan::TransferBufferManager<(unsigned short)84, (unsigned char)1>::~TransferBufferManager()
                0x08013048                uavcan::TransferBufferManager<(unsigned short)84, (unsigned char)1>::~TransferBufferManager()
 .text._ZN6uavcan21TransferBufferManagerILt202ELh1EED2Ev
                0x08013074       0x2c /home/mmo/git_workspace/Flow/Build/px4flow-v2_default.build//home/mmo/git_workspace/Flow/src/modules/uavcannode/module.pre.o
                0x08013074                uavcan::TransferBufferManager<(unsigned short)202, (unsigned char)1>::~TransferBufferManager()
                0x08013074                uavcan::TransferBufferManager<(unsigned short)202, (unsigned char)1>::~TransferBufferManager()
 .text._ZN6uavcan19TimerEventForwarderIPFvRKNS_10TimerEventEEED2Ev
                0x080130a0       0x14 /home/mmo/git_workspace/Flow/Build/px4flow-v2_default.build//home/mmo/git_workspace/Flow/src/modules/uavcannode/module.pre.o
                0x080130a0                uavcan::TimerEventForwarder<void (*)(uavcan::TimerEvent const&)>::~TimerEventForwarder()
                0x080130a0                uavcan::TimerEventForwarder<void (*)(uavcan::TimerEvent const&)>::~TimerEventForwarder()
 .text._ZN6uavcan19TimerEventForwarderIPFvRKNS_10TimerEventEEED0Ev
                0x080130b4       0x1c /home/mmo/git_workspace/Flow/Build/px4flow-v2_default.build//home/mmo/git_workspace/Flow/src/modules/uavcannode/module.pre.o
                0x080130b4                uavcan::TimerEventForwarder<void (*)(uavcan::TimerEvent const&)>::~TimerEventForwarder()
 .text._ZNK12uavcan_stm3211SystemClock12getMonotonicEv
                0x080130d0        0xc /home/mmo/git_workspace/Flow/Build/px4flow-v2_default.build//home/mmo/git_workspace/Flow/src/modules/uavcannode/module.pre.o
                0x080130d0                uavcan_stm32::SystemClock::getMonotonic() const
 .text._ZL9cb_rebootRKN6uavcan10TimerEventE